
> my-project@0.1.0 typecheck C:\Users\gmora\Downloads\b_T5RdTRTLxF8-1772119549385
> tsc --noEmit

__tests__/integration/api/contacts-mock.test.ts(409,22): error TS2322: Type 'string | readonly string[] | undefined' is not assignable to type 'string | UuidFilter<"Contact"> | undefined'.
  Type 'readonly string[]' is not assignable to type 'string | UuidFilter<"Contact"> | undefined'.
__tests__/integration/api/conversations.test.ts(50,35): error TS2551: Property 'whatsappInstance' does not exist on type 'PrismaClient<PrismaClientOptions, never, DefaultArgs>'. Did you mean 'whatsAppInstance'?
__tests__/integration/api/conversations.test.ts(64,16): error TS2561: Object literal may only specify known properties, but 'conversation' does not exist in type 'MessageWhereInput'. Did you mean to write 'conversationId'?
__tests__/integration/api/conversations.test.ts(69,18): error TS2551: Property 'whatsappInstance' does not exist on type 'PrismaClient<PrismaClientOptions, never, DefaultArgs>'. Did you mean 'whatsAppInstance'?
__tests__/integration/api/conversations.test.ts(83,16): error TS2561: Object literal may only specify known properties, but 'conversation' does not exist in type 'MessageWhereInput'. Did you mean to write 'conversationId'?
__tests__/integration/api/conversations.test.ts(118,11): error TS2353: Object literal may only specify known properties, and 'instanceId' does not exist in type 'Without<ConversationCreateInput, ConversationUncheckedCreateInput> & ConversationUncheckedCreateInput'.
__tests__/integration/api/conversations.test.ts(148,11): error TS2353: Object literal may only specify known properties, and 'instanceId' does not exist in type 'Without<ConversationCreateInput, ConversationUncheckedCreateInput> & ConversationUncheckedCreateInput'.
__tests__/integration/api/conversations.test.ts(161,11): error TS2353: Object literal may only specify known properties, and 'instanceId' does not exist in type 'Without<ConversationCreateInput, ConversationUncheckedCreateInput> & ConversationUncheckedCreateInput'.
__tests__/integration/api/conversations.test.ts(189,11): error TS2353: Object literal may only specify known properties, and 'instanceId' does not exist in type 'Without<ConversationCreateInput, ConversationUncheckedCreateInput> & ConversationUncheckedCreateInput'.
__tests__/integration/api/conversations.test.ts(202,11): error TS2353: Object literal may only specify known properties, and 'instanceId' does not exist in type 'Without<ConversationCreateInput, ConversationUncheckedCreateInput> & ConversationUncheckedCreateInput'.
__tests__/integration/api/conversations.test.ts(231,13): error TS2353: Object literal may only specify known properties, and 'instanceId' does not exist in type 'Without<ConversationCreateInput, ConversationUncheckedCreateInput> & ConversationUncheckedCreateInput'.
__tests__/integration/api/conversations.test.ts(259,11): error TS2353: Object literal may only specify known properties, and 'instanceId' does not exist in type 'Without<ConversationCreateInput, ConversationUncheckedCreateInput> & ConversationUncheckedCreateInput'.
__tests__/integration/api/conversations.test.ts(289,11): error TS2353: Object literal may only specify known properties, and 'instanceId' does not exist in type 'Without<ConversationCreateInput, ConversationUncheckedCreateInput> & ConversationUncheckedCreateInput'.
__tests__/integration/api/conversations.test.ts(302,11): error TS2353: Object literal may only specify known properties, and 'instanceId' does not exist in type 'Without<ConversationCreateInput, ConversationUncheckedCreateInput> & ConversationUncheckedCreateInput'.
__tests__/integration/api/conversations.test.ts(389,11): error TS2353: Object literal may only specify known properties, and 'instanceId' does not exist in type 'Without<ConversationCreateInput, ConversationUncheckedCreateInput> & ConversationUncheckedCreateInput'.
__tests__/integration/api/conversations.test.ts(405,11): error TS2353: Object literal may only specify known properties, and 'type' does not exist in type '(Without<MessageCreateInput, MessageUncheckedCreateInput> & MessageUncheckedCreateInput) | (Without<...> & MessageCreateInput)'.
__tests__/integration/api/conversations.test.ts(416,11): error TS2353: Object literal may only specify known properties, and 'type' does not exist in type '(Without<MessageCreateInput, MessageUncheckedCreateInput> & MessageUncheckedCreateInput) | (Without<...> & MessageCreateInput)'.
__tests__/integration/api/conversations.test.ts(452,11): error TS2353: Object literal may only specify known properties, and 'instanceId' does not exist in type 'Without<ConversationCreateInput, ConversationUncheckedCreateInput> & ConversationUncheckedCreateInput'.
__tests__/integration/api/conversations.test.ts(495,11): error TS2353: Object literal may only specify known properties, and 'instanceId' does not exist in type 'Without<ConversationCreateInput, ConversationUncheckedCreateInput> & ConversationUncheckedCreateInput'.
__tests__/integration/api/conversations.test.ts(509,11): error TS2353: Object literal may only specify known properties, and 'type' does not exist in type '(Without<MessageCreateInput, MessageUncheckedCreateInput> & MessageUncheckedCreateInput) | (Without<...> & MessageCreateInput)'.
__tests__/integration/api/conversations.test.ts(540,11): error TS2353: Object literal may only specify known properties, and 'instanceId' does not exist in type 'Without<ConversationCreateInput, ConversationUncheckedCreateInput> & ConversationUncheckedCreateInput'.
__tests__/integration/api/conversations.test.ts(557,13): error TS2353: Object literal may only specify known properties, and 'type' does not exist in type '(Without<MessageCreateInput, MessageUncheckedCreateInput> & MessageUncheckedCreateInput) | (Without<...> & MessageCreateInput)'.
__tests__/integration/api/conversations.test.ts(582,11): error TS2353: Object literal may only specify known properties, and 'instanceId' does not exist in type 'Without<ConversationCreateInput, ConversationUncheckedCreateInput> & ConversationUncheckedCreateInput'.
__tests__/integration/api/conversations.test.ts(599,13): error TS2353: Object literal may only specify known properties, and 'type' does not exist in type '(Without<MessageCreateInput, MessageUncheckedCreateInput> & MessageUncheckedCreateInput) | (Without<...> & MessageCreateInput)'.
__tests__/integration/api/conversations.test.ts(627,11): error TS2353: Object literal may only specify known properties, and 'instanceId' does not exist in type 'Without<ConversationCreateInput, ConversationUncheckedCreateInput> & ConversationUncheckedCreateInput'.
__tests__/integration/api/conversations.test.ts(670,11): error TS2353: Object literal may only specify known properties, and 'instanceId' does not exist in type 'Without<ConversationCreateInput, ConversationUncheckedCreateInput> & ConversationUncheckedCreateInput'.
__tests__/integration/api/conversations.test.ts(701,11): error TS2353: Object literal may only specify known properties, and 'instanceId' does not exist in type 'Without<ConversationCreateInput, ConversationUncheckedCreateInput> & ConversationUncheckedCreateInput'.
__tests__/integration/api/conversations.test.ts(715,11): error TS2353: Object literal may only specify known properties, and 'instanceId' does not exist in type 'Without<ConversationCreateInput, ConversationUncheckedCreateInput> & ConversationUncheckedCreateInput'.
__tests__/integration/api/conversations.test.ts(729,11): error TS2353: Object literal may only specify known properties, and 'instanceId' does not exist in type 'Without<ConversationCreateInput, ConversationUncheckedCreateInput> & ConversationUncheckedCreateInput'.
__tests__/integration/api/schedules.test.ts(54,9): error TS2353: Object literal may only specify known properties, and 'password' does not exist in type '(Without<UserCreateInput, UserUncheckedCreateInput> & UserUncheckedCreateInput) | (Without<...> & UserCreateInput)'.
__tests__/integration/setup.ts(20,7): error TS2353: Object literal may only specify known properties, and 'passwordHash' does not exist in type '(Without<UserCreateInput, UserUncheckedCreateInput> & UserUncheckedCreateInput) | (Without<...> & UserCreateInput)'.
__tests__/sprint5/api/charges.test.ts(64,57): error TS2345: Argument of type '({ id: string; organizationId: string; invoiceId: string; amountCents: number; description: string; status: string; paymentMethod: string; paidAt: Date; createdAt: Date; updatedAt: Date; invoice: { ...; }; } | { ...; })[]' is not assignable to parameter of type '{ metadata: JsonValue; status: ChargeStatus; id: string; organizationId: string; createdAt: Date; updatedAt: Date; type: ChargeType; description: string | null; amount: Decimal; invoiceId: string | null; due_date: Date; paidAt: Date | null; }[]'.
  Type '{ id: string; organizationId: string; invoiceId: string; amountCents: number; description: string; status: string; paymentMethod: string; paidAt: Date; createdAt: Date; updatedAt: Date; invoice: { ...; }; } | { ...; }' is not assignable to type '{ metadata: JsonValue; status: ChargeStatus; id: string; organizationId: string; createdAt: Date; updatedAt: Date; type: ChargeType; description: string | null; amount: Decimal; invoiceId: string | null; due_date: Date; paidAt: Date | null; }'.
    Type '{ id: string; organizationId: string; invoiceId: string; amountCents: number; description: string; status: string; paymentMethod: string; paidAt: Date; createdAt: Date; updatedAt: Date; invoice: { ...; }; }' is missing the following properties from type '{ metadata: JsonValue; status: ChargeStatus; id: string; organizationId: string; createdAt: Date; updatedAt: Date; type: ChargeType; description: string | null; amount: Decimal; invoiceId: string | null; due_date: Date; paidAt: Date | null; }': metadata, type, amount, due_date
__tests__/sprint5/api/charges.test.ts(110,57): error TS2345: Argument of type '{ id: string; organizationId: string; invoiceId: string; amountCents: number; description: null; status: string; paymentMethod: string; paidAt: Date; createdAt: Date; updatedAt: Date; invoice: { ...; }; }[]' is not assignable to parameter of type '{ metadata: JsonValue; status: ChargeStatus; id: string; organizationId: string; createdAt: Date; updatedAt: Date; type: ChargeType; description: string | null; amount: Decimal; invoiceId: string | null; due_date: Date; paidAt: Date | null; }[]'.
  Type '{ id: string; organizationId: string; invoiceId: string; amountCents: number; description: null; status: string; paymentMethod: string; paidAt: Date; createdAt: Date; updatedAt: Date; invoice: { ...; }; }' is missing the following properties from type '{ metadata: JsonValue; status: ChargeStatus; id: string; organizationId: string; createdAt: Date; updatedAt: Date; type: ChargeType; description: string | null; amount: Decimal; invoiceId: string | null; due_date: Date; paidAt: Date | null; }': metadata, type, amount, due_date
__tests__/sprint5/api/charges.test.ts(144,57): error TS2345: Argument of type '{ id: string; organizationId: string; invoiceId: string; amountCents: number; description: null; status: string; paymentMethod: string; paidAt: Date; createdAt: Date; updatedAt: Date; invoice: { ...; }; }[]' is not assignable to parameter of type '{ metadata: JsonValue; status: ChargeStatus; id: string; organizationId: string; createdAt: Date; updatedAt: Date; type: ChargeType; description: string | null; amount: Decimal; invoiceId: string | null; due_date: Date; paidAt: Date | null; }[]'.
  Type '{ id: string; organizationId: string; invoiceId: string; amountCents: number; description: null; status: string; paymentMethod: string; paidAt: Date; createdAt: Date; updatedAt: Date; invoice: { ...; }; }' is missing the following properties from type '{ metadata: JsonValue; status: ChargeStatus; id: string; organizationId: string; createdAt: Date; updatedAt: Date; type: ChargeType; description: string | null; amount: Decimal; invoiceId: string | null; due_date: Date; paidAt: Date | null; }': metadata, type, amount, due_date
__tests__/sprint5/api/charges.test.ts(201,55): error TS2345: Argument of type '{ id: string; organizationId: string; invoiceId: null; amountCents: number; description: string; status: string; paymentMethod: null; paidAt: null; createdAt: Date; updatedAt: Date; invoice: null; }' is not assignable to parameter of type '{ metadata: JsonValue; status: ChargeStatus; id: string; organizationId: string; createdAt: Date; updatedAt: Date; type: ChargeType; description: string | null; amount: Decimal; invoiceId: string | null; due_date: Date; paidAt: Date | null; }'.
  Type '{ id: string; organizationId: string; invoiceId: null; amountCents: number; description: string; status: string; paymentMethod: null; paidAt: null; createdAt: Date; updatedAt: Date; invoice: null; }' is missing the following properties from type '{ metadata: JsonValue; status: ChargeStatus; id: string; organizationId: string; createdAt: Date; updatedAt: Date; type: ChargeType; description: string | null; amount: Decimal; invoiceId: string | null; due_date: Date; paidAt: Date | null; }': metadata, type, amount, due_date
__tests__/sprint5/api/charges.test.ts(249,60): error TS2345: Argument of type '{ id: string; organizationId: string; amountCents: number; status: string; }' is not assignable to parameter of type '{ metadata: JsonValue; status: string; id: string; organizationId: string; createdAt: Date; updatedAt: Date; amount: Decimal; currency: string; paidAt: Date | null; subscriptionId: string | null; dueDate: Date; }'.
  Type '{ id: string; organizationId: string; amountCents: number; status: string; }' is missing the following properties from type '{ metadata: JsonValue; status: string; id: string; organizationId: string; createdAt: Date; updatedAt: Date; amount: Decimal; currency: string; paidAt: Date | null; subscriptionId: string | null; dueDate: Date; }': metadata, createdAt, updatedAt, amount, and 4 more.
__tests__/sprint5/api/charges.test.ts(250,55): error TS2345: Argument of type '{ id: string; organizationId: string; invoiceId: string; amountCents: number; description: string; status: string; paymentMethod: null; paidAt: null; createdAt: Date; updatedAt: Date; invoice: { ...; }; }' is not assignable to parameter of type '{ metadata: JsonValue; status: ChargeStatus; id: string; organizationId: string; createdAt: Date; updatedAt: Date; type: ChargeType; description: string | null; amount: Decimal; invoiceId: string | null; due_date: Date; paidAt: Date | null; }'.
  Type '{ id: string; organizationId: string; invoiceId: string; amountCents: number; description: string; status: string; paymentMethod: null; paidAt: null; createdAt: Date; updatedAt: Date; invoice: { ...; }; }' is missing the following properties from type '{ metadata: JsonValue; status: ChargeStatus; id: string; organizationId: string; createdAt: Date; updatedAt: Date; type: ChargeType; description: string | null; amount: Decimal; invoiceId: string | null; due_date: Date; paidAt: Date | null; }': metadata, type, amount, due_date
__tests__/sprint5/api/charges.test.ts(365,60): error TS2345: Argument of type '{ id: string; organizationId: string; amountCents: number; status: string; }' is not assignable to parameter of type '{ metadata: JsonValue; status: string; id: string; organizationId: string; createdAt: Date; updatedAt: Date; amount: Decimal; currency: string; paidAt: Date | null; subscriptionId: string | null; dueDate: Date; }'.
  Type '{ id: string; organizationId: string; amountCents: number; status: string; }' is missing the following properties from type '{ metadata: JsonValue; status: string; id: string; organizationId: string; createdAt: Date; updatedAt: Date; amount: Decimal; currency: string; paidAt: Date | null; subscriptionId: string | null; dueDate: Date; }': metadata, createdAt, updatedAt, amount, and 4 more.
__tests__/sprint5/api/charges.test.ts(399,55): error TS2345: Argument of type '{ id: string; organizationId: string; invoiceId: null; amountCents: number; description: string; status: string; paymentMethod: string; paidAt: Date; createdAt: Date; updatedAt: Date; invoice: null; }' is not assignable to parameter of type '{ metadata: JsonValue; status: ChargeStatus; id: string; organizationId: string; createdAt: Date; updatedAt: Date; type: ChargeType; description: string | null; amount: Decimal; invoiceId: string | null; due_date: Date; paidAt: Date | null; }'.
  Type '{ id: string; organizationId: string; invoiceId: null; amountCents: number; description: string; status: string; paymentMethod: string; paidAt: Date; createdAt: Date; updatedAt: Date; invoice: null; }' is missing the following properties from type '{ metadata: JsonValue; status: ChargeStatus; id: string; organizationId: string; createdAt: Date; updatedAt: Date; type: ChargeType; description: string | null; amount: Decimal; invoiceId: string | null; due_date: Date; paidAt: Date | null; }': metadata, type, amount, due_date
__tests__/sprint5/api/coupons.test.ts(64,22): error TS2339: Property 'coupon' does not exist on type 'PrismaClient<PrismaClientOptions, never, DefaultArgs>'.
__tests__/sprint5/api/coupons.test.ts(65,22): error TS2339: Property 'coupon' does not exist on type 'PrismaClient<PrismaClientOptions, never, DefaultArgs>'.
__tests__/sprint5/api/coupons.test.ts(101,22): error TS2339: Property 'coupon' does not exist on type 'PrismaClient<PrismaClientOptions, never, DefaultArgs>'.
__tests__/sprint5/api/coupons.test.ts(102,22): error TS2339: Property 'coupon' does not exist on type 'PrismaClient<PrismaClientOptions, never, DefaultArgs>'.
__tests__/sprint5/api/coupons.test.ts(109,19): error TS2339: Property 'coupon' does not exist on type 'PrismaClient<PrismaClientOptions, never, DefaultArgs>'.
__tests__/sprint5/api/coupons.test.ts(121,22): error TS2339: Property 'coupon' does not exist on type 'PrismaClient<PrismaClientOptions, never, DefaultArgs>'.
__tests__/sprint5/api/coupons.test.ts(122,22): error TS2339: Property 'coupon' does not exist on type 'PrismaClient<PrismaClientOptions, never, DefaultArgs>'.
__tests__/sprint5/api/coupons.test.ts(134,22): error TS2339: Property 'coupon' does not exist on type 'PrismaClient<PrismaClientOptions, never, DefaultArgs>'.
__tests__/sprint5/api/coupons.test.ts(146,22): error TS2339: Property 'coupon' does not exist on type 'PrismaClient<PrismaClientOptions, never, DefaultArgs>'.
__tests__/sprint5/api/coupons.test.ts(147,22): error TS2339: Property 'coupon' does not exist on type 'PrismaClient<PrismaClientOptions, never, DefaultArgs>'.
__tests__/sprint5/api/coupons.test.ts(186,22): error TS2339: Property 'coupon' does not exist on type 'PrismaClient<PrismaClientOptions, never, DefaultArgs>'.
__tests__/sprint5/api/coupons.test.ts(228,22): error TS2339: Property 'coupon' does not exist on type 'PrismaClient<PrismaClientOptions, never, DefaultArgs>'.
__tests__/sprint5/api/coupons.test.ts(261,22): error TS2339: Property 'coupon' does not exist on type 'PrismaClient<PrismaClientOptions, never, DefaultArgs>'.
__tests__/sprint5/api/coupons.test.ts(299,22): error TS2339: Property 'coupon' does not exist on type 'PrismaClient<PrismaClientOptions, never, DefaultArgs>'.
__tests__/sprint5/api/coupons.test.ts(337,22): error TS2339: Property 'coupon' does not exist on type 'PrismaClient<PrismaClientOptions, never, DefaultArgs>'.
__tests__/sprint5/api/coupons.test.ts(375,22): error TS2339: Property 'coupon' does not exist on type 'PrismaClient<PrismaClientOptions, never, DefaultArgs>'.
__tests__/sprint5/api/coupons.test.ts(413,22): error TS2339: Property 'coupon' does not exist on type 'PrismaClient<PrismaClientOptions, never, DefaultArgs>'.
__tests__/sprint5/api/coupons.test.ts(451,22): error TS2339: Property 'coupon' does not exist on type 'PrismaClient<PrismaClientOptions, never, DefaultArgs>'.
__tests__/sprint5/api/coupons.test.ts(462,19): error TS2339: Property 'coupon' does not exist on type 'PrismaClient<PrismaClientOptions, never, DefaultArgs>'.
__tests__/sprint5/api/coupons.test.ts(470,22): error TS2339: Property 'coupon' does not exist on type 'PrismaClient<PrismaClientOptions, never, DefaultArgs>'.
__tests__/sprint5/api/invoices.test.ts(81,58): error TS2345: Argument of type '({ id: string; subscriptionId: string; organizationId: string; amountCents: number; status: string; dueDate: Date; paidAt: null; invoiceUrl: null; stripeInvoiceId: null; createdAt: Date; updatedAt: Date; subscription: { ...; }; charges: never[]; _count: { ...; }; } | { ...; })[]' is not assignable to parameter of type '{ metadata: JsonValue; status: string; id: string; organizationId: string; createdAt: Date; updatedAt: Date; amount: Decimal; currency: string; paidAt: Date | null; subscriptionId: string | null; dueDate: Date; }[]'.
  Type '{ id: string; subscriptionId: string; organizationId: string; amountCents: number; status: string; dueDate: Date; paidAt: null; invoiceUrl: null; stripeInvoiceId: null; createdAt: Date; updatedAt: Date; subscription: { ...; }; charges: never[]; _count: { ...; }; } | { ...; }' is not assignable to type '{ metadata: JsonValue; status: string; id: string; organizationId: string; createdAt: Date; updatedAt: Date; amount: Decimal; currency: string; paidAt: Date | null; subscriptionId: string | null; dueDate: Date; }'.
    Type '{ id: string; subscriptionId: string; organizationId: string; amountCents: number; status: string; dueDate: Date; paidAt: null; invoiceUrl: null; stripeInvoiceId: null; createdAt: Date; updatedAt: Date; subscription: { ...; }; charges: never[]; _count: { ...; }; }' is missing the following properties from type '{ metadata: JsonValue; status: string; id: string; organizationId: string; createdAt: Date; updatedAt: Date; amount: Decimal; currency: string; paidAt: Date | null; subscriptionId: string | null; dueDate: Date; }': metadata, amount, currency
__tests__/sprint5/api/invoices.test.ts(128,58): error TS2345: Argument of type '{ id: string; subscriptionId: string; organizationId: string; amountCents: number; status: string; dueDate: Date; paidAt: null; invoiceUrl: null; stripeInvoiceId: null; createdAt: Date; updatedAt: Date; subscription: { ...; }; charges: never[]; _count: { ...; }; }[]' is not assignable to parameter of type '{ metadata: JsonValue; status: string; id: string; organizationId: string; createdAt: Date; updatedAt: Date; amount: Decimal; currency: string; paidAt: Date | null; subscriptionId: string | null; dueDate: Date; }[]'.
  Type '{ id: string; subscriptionId: string; organizationId: string; amountCents: number; status: string; dueDate: Date; paidAt: null; invoiceUrl: null; stripeInvoiceId: null; createdAt: Date; updatedAt: Date; subscription: { ...; }; charges: never[]; _count: { ...; }; }' is missing the following properties from type '{ metadata: JsonValue; status: string; id: string; organizationId: string; createdAt: Date; updatedAt: Date; amount: Decimal; currency: string; paidAt: Date | null; subscriptionId: string | null; dueDate: Date; }': metadata, amount, currency
__tests__/sprint5/api/invoices.test.ts(163,58): error TS2345: Argument of type '{ id: string; subscriptionId: string; organizationId: string; amountCents: number; status: string; dueDate: Date; paidAt: Date; invoiceUrl: null; stripeInvoiceId: null; createdAt: Date; updatedAt: Date; subscription: { ...; }; charges: never[]; _count: { ...; }; }[]' is not assignable to parameter of type '{ metadata: JsonValue; status: string; id: string; organizationId: string; createdAt: Date; updatedAt: Date; amount: Decimal; currency: string; paidAt: Date | null; subscriptionId: string | null; dueDate: Date; }[]'.
  Type '{ id: string; subscriptionId: string; organizationId: string; amountCents: number; status: string; dueDate: Date; paidAt: Date; invoiceUrl: null; stripeInvoiceId: null; createdAt: Date; updatedAt: Date; subscription: { ...; }; charges: never[]; _count: { ...; }; }' is missing the following properties from type '{ metadata: JsonValue; status: string; id: string; organizationId: string; createdAt: Date; updatedAt: Date; amount: Decimal; currency: string; paidAt: Date | null; subscriptionId: string | null; dueDate: Date; }': metadata, amount, currency
__tests__/sprint5/api/invoices.test.ts(222,58): error TS2345: Argument of type '{ id: string; subscriptionId: string; organizationId: string; amountCents: number; status: string; dueDate: Date; paidAt: Date; invoiceUrl: null; stripeInvoiceId: null; createdAt: Date; updatedAt: Date; subscription: { ...; }; charges: never[]; _count: { ...; }; }[]' is not assignable to parameter of type '{ metadata: JsonValue; status: string; id: string; organizationId: string; createdAt: Date; updatedAt: Date; amount: Decimal; currency: string; paidAt: Date | null; subscriptionId: string | null; dueDate: Date; }[]'.
  Type '{ id: string; subscriptionId: string; organizationId: string; amountCents: number; status: string; dueDate: Date; paidAt: Date; invoiceUrl: null; stripeInvoiceId: null; createdAt: Date; updatedAt: Date; subscription: { ...; }; charges: never[]; _count: { ...; }; }' is missing the following properties from type '{ metadata: JsonValue; status: string; id: string; organizationId: string; createdAt: Date; updatedAt: Date; amount: Decimal; currency: string; paidAt: Date | null; subscriptionId: string | null; dueDate: Date; }': metadata, amount, currency
__tests__/sprint5/api/plans.test.ts(54,55): error TS2345: Argument of type '{ id: string; name: string; description: string; priceCents: number; interval: string; features: { contacts: number; messages: number; }; limits: { users: number; }; status: string; createdAt: Date; updatedAt: Date; }[]' is not assignable to parameter of type '{ id: string; createdAt: Date; updatedAt: Date; name: string; description: string | null; price: Decimal; interval: string; features: JsonValue; is_active: boolean; }[]'.
  Type '{ id: string; name: string; description: string; priceCents: number; interval: string; features: { contacts: number; messages: number; }; limits: { users: number; }; status: string; createdAt: Date; updatedAt: Date; }' is missing the following properties from type '{ id: string; createdAt: Date; updatedAt: Date; name: string; description: string | null; price: Decimal; interval: string; features: JsonValue; is_active: boolean; }': price, is_active
__tests__/sprint5/api/plans.test.ts(85,55): error TS2345: Argument of type '{ id: string; name: string; description: string; priceCents: number; interval: string; features: { contacts: number; messages: number; }; limits: { users: number; }; status: string; createdAt: Date; updatedAt: Date; }[]' is not assignable to parameter of type '{ id: string; createdAt: Date; updatedAt: Date; name: string; description: string | null; price: Decimal; interval: string; features: JsonValue; is_active: boolean; }[]'.
  Type '{ id: string; name: string; description: string; priceCents: number; interval: string; features: { contacts: number; messages: number; }; limits: { users: number; }; status: string; createdAt: Date; updatedAt: Date; }' is missing the following properties from type '{ id: string; createdAt: Date; updatedAt: Date; name: string; description: string | null; price: Decimal; interval: string; features: JsonValue; is_active: boolean; }': price, is_active
__tests__/sprint5/api/plans.test.ts(114,55): error TS2345: Argument of type '{ id: string; name: string; description: null; priceCents: number; interval: string; features: {}; limits: {}; status: string; createdAt: Date; updatedAt: Date; }[]' is not assignable to parameter of type '{ id: string; createdAt: Date; updatedAt: Date; name: string; description: string | null; price: Decimal; interval: string; features: JsonValue; is_active: boolean; }[]'.
  Type '{ id: string; name: string; description: null; priceCents: number; interval: string; features: {}; limits: {}; status: string; createdAt: Date; updatedAt: Date; }' is missing the following properties from type '{ id: string; createdAt: Date; updatedAt: Date; name: string; description: string | null; price: Decimal; interval: string; features: JsonValue; is_active: boolean; }': price, is_active
__tests__/sprint5/api/plans.test.ts(173,53): error TS2345: Argument of type '{ id: string; name: string; description: string; priceCents: number; interval: string; features: { contacts: number; messages: number; }; limits: { users: number; }; status: string; createdAt: Date; updatedAt: Date; }' is not assignable to parameter of type '{ id: string; createdAt: Date; updatedAt: Date; name: string; description: string | null; price: Decimal; interval: string; features: JsonValue; is_active: boolean; }'.
  Type '{ id: string; name: string; description: string; priceCents: number; interval: string; features: { contacts: number; messages: number; }; limits: { users: number; }; status: string; createdAt: Date; updatedAt: Date; }' is missing the following properties from type '{ id: string; createdAt: Date; updatedAt: Date; name: string; description: string | null; price: Decimal; interval: string; features: JsonValue; is_active: boolean; }': price, is_active
__tests__/sprint5/api/plans.test.ts(282,53): error TS2345: Argument of type '{ id: string; name: string; description: null; priceCents: number; interval: string; features: {}; limits: {}; status: string; createdAt: Date; updatedAt: Date; }' is not assignable to parameter of type '{ id: string; createdAt: Date; updatedAt: Date; name: string; description: string | null; price: Decimal; interval: string; features: JsonValue; is_active: boolean; }'.
  Type '{ id: string; name: string; description: null; priceCents: number; interval: string; features: {}; limits: {}; status: string; createdAt: Date; updatedAt: Date; }' is missing the following properties from type '{ id: string; createdAt: Date; updatedAt: Date; name: string; description: string | null; price: Decimal; interval: string; features: JsonValue; is_active: boolean; }': price, is_active
__tests__/sprint5/api/subscriptions.test.ts(52,63): error TS2345: Argument of type '{ id: string; organizationId: string; planId: string; status: string; currentPeriodStart: Date; currentPeriodEnd: Date; createdAt: Date; updatedAt: Date; canceledAt: null; plan: { ...; }; invoices: never[]; _count: { ...; }; }[]' is not assignable to parameter of type '{ status: SubscriptionStatus; id: string; organizationId: string; createdAt: Date; updatedAt: Date; planId: string; currentPeriodStart: Date; currentPeriodEnd: Date; trial_ends_at: Date | null; cancelled_at: Date | null; }[]'.
  Type '{ id: string; organizationId: string; planId: string; status: string; currentPeriodStart: Date; currentPeriodEnd: Date; createdAt: Date; updatedAt: Date; canceledAt: null; plan: { ...; }; invoices: never[]; _count: { ...; }; }' is missing the following properties from type '{ status: SubscriptionStatus; id: string; organizationId: string; createdAt: Date; updatedAt: Date; planId: string; currentPeriodStart: Date; currentPeriodEnd: Date; trial_ends_at: Date | null; cancelled_at: Date | null; }': trial_ends_at, cancelled_at
__tests__/sprint5/api/subscriptions.test.ts(94,63): error TS2345: Argument of type '{ id: string; organizationId: string; planId: string; status: string; currentPeriodStart: Date; currentPeriodEnd: Date; createdAt: Date; updatedAt: Date; canceledAt: Date; plan: { ...; }; invoices: never[]; _count: { ...; }; }[]' is not assignable to parameter of type '{ status: SubscriptionStatus; id: string; organizationId: string; createdAt: Date; updatedAt: Date; planId: string; currentPeriodStart: Date; currentPeriodEnd: Date; trial_ends_at: Date | null; cancelled_at: Date | null; }[]'.
  Type '{ id: string; organizationId: string; planId: string; status: string; currentPeriodStart: Date; currentPeriodEnd: Date; createdAt: Date; updatedAt: Date; canceledAt: Date; plan: { ...; }; invoices: never[]; _count: { ...; }; }' is missing the following properties from type '{ status: SubscriptionStatus; id: string; organizationId: string; createdAt: Date; updatedAt: Date; planId: string; currentPeriodStart: Date; currentPeriodEnd: Date; trial_ends_at: Date | null; cancelled_at: Date | null; }': trial_ends_at, cancelled_at
__tests__/sprint5/api/subscriptions.test.ts(158,57): error TS2345: Argument of type '{ id: string; name: string; priceCents: number; interval: string; status: string; }' is not assignable to parameter of type '{ id: string; createdAt: Date; updatedAt: Date; name: string; description: string | null; price: Decimal; interval: string; features: JsonValue; is_active: boolean; }'.
  Type '{ id: string; name: string; priceCents: number; interval: string; status: string; }' is missing the following properties from type '{ id: string; createdAt: Date; updatedAt: Date; name: string; description: string | null; price: Decimal; interval: string; features: JsonValue; is_active: boolean; }': createdAt, updatedAt, description, price, and 2 more.
__tests__/sprint5/api/subscriptions.test.ts(159,61): error TS2345: Argument of type '{ id: string; organizationId: string; planId: string; status: string; currentPeriodStart: Date; currentPeriodEnd: Date; createdAt: Date; updatedAt: Date; canceledAt: null; plan: { ...; }; }' is not assignable to parameter of type '{ status: SubscriptionStatus; id: string; organizationId: string; createdAt: Date; updatedAt: Date; planId: string; currentPeriodStart: Date; currentPeriodEnd: Date; trial_ends_at: Date | null; cancelled_at: Date | null; }'.
  Type '{ id: string; organizationId: string; planId: string; status: string; currentPeriodStart: Date; currentPeriodEnd: Date; createdAt: Date; updatedAt: Date; canceledAt: null; plan: { ...; }; }' is missing the following properties from type '{ status: SubscriptionStatus; id: string; organizationId: string; createdAt: Date; updatedAt: Date; planId: string; currentPeriodStart: Date; currentPeriodEnd: Date; trial_ends_at: Date | null; cancelled_at: Date | null; }': trial_ends_at, cancelled_at
__tests__/sprint5/api/subscriptions.test.ts(220,57): error TS2345: Argument of type '{ id: string; name: string; status: string; }' is not assignable to parameter of type '{ id: string; createdAt: Date; updatedAt: Date; name: string; description: string | null; price: Decimal; interval: string; features: JsonValue; is_active: boolean; }'.
  Type '{ id: string; name: string; status: string; }' is missing the following properties from type '{ id: string; createdAt: Date; updatedAt: Date; name: string; description: string | null; price: Decimal; interval: string; features: JsonValue; is_active: boolean; }': createdAt, updatedAt, description, price, and 3 more.
__tests__/sprint5/api/subscriptions.test.ts(243,57): error TS2345: Argument of type '{ id: string; name: string; status: string; }' is not assignable to parameter of type '{ id: string; createdAt: Date; updatedAt: Date; name: string; description: string | null; price: Decimal; interval: string; features: JsonValue; is_active: boolean; }'.
  Type '{ id: string; name: string; status: string; }' is missing the following properties from type '{ id: string; createdAt: Date; updatedAt: Date; name: string; description: string | null; price: Decimal; interval: string; features: JsonValue; is_active: boolean; }': createdAt, updatedAt, description, price, and 3 more.
__tests__/sprint5/api/subscriptions.test.ts(265,57): error TS2345: Argument of type '{ id: string; name: string; status: string; }' is not assignable to parameter of type '{ id: string; createdAt: Date; updatedAt: Date; name: string; description: string | null; price: Decimal; interval: string; features: JsonValue; is_active: boolean; }'.
  Type '{ id: string; name: string; status: string; }' is missing the following properties from type '{ id: string; createdAt: Date; updatedAt: Date; name: string; description: string | null; price: Decimal; interval: string; features: JsonValue; is_active: boolean; }': createdAt, updatedAt, description, price, and 3 more.
__tests__/sprint5/api/subscriptions.test.ts(301,57): error TS2345: Argument of type '{ id: string; name: string; status: string; }' is not assignable to parameter of type '{ id: string; createdAt: Date; updatedAt: Date; name: string; description: string | null; price: Decimal; interval: string; features: JsonValue; is_active: boolean; }'.
  Type '{ id: string; name: string; status: string; }' is missing the following properties from type '{ id: string; createdAt: Date; updatedAt: Date; name: string; description: string | null; price: Decimal; interval: string; features: JsonValue; is_active: boolean; }': createdAt, updatedAt, description, price, and 3 more.
__tests__/sprint5/api/subscriptions.test.ts(302,61): error TS2345: Argument of type '{ id: string; organizationId: string; planId: string; status: string; currentPeriodStart: Date; currentPeriodEnd: Date; createdAt: Date; updatedAt: Date; canceledAt: null; plan: { ...; }; }' is not assignable to parameter of type '{ status: SubscriptionStatus; id: string; organizationId: string; createdAt: Date; updatedAt: Date; planId: string; currentPeriodStart: Date; currentPeriodEnd: Date; trial_ends_at: Date | null; cancelled_at: Date | null; }'.
  Type '{ id: string; organizationId: string; planId: string; status: string; currentPeriodStart: Date; currentPeriodEnd: Date; createdAt: Date; updatedAt: Date; canceledAt: null; plan: { ...; }; }' is missing the following properties from type '{ status: SubscriptionStatus; id: string; organizationId: string; createdAt: Date; updatedAt: Date; planId: string; currentPeriodStart: Date; currentPeriodEnd: Date; trial_ends_at: Date | null; cancelled_at: Date | null; }': trial_ends_at, cancelled_at
__tests__/sprint5/hooks/use-plans.test.ts(147,13): error TS7034: Variable 'mockPlans' implicitly has type 'any[]' in some locations where its type cannot be determined.
__tests__/sprint5/hooks/use-plans.test.ts(161,53): error TS7005: Variable 'mockPlans' implicitly has an 'any[]' type.
__tests__/sprint6/api/dashboard-charts.test.ts(38,58): error TS2345: Argument of type '{ amountCents: number; paidAt: Date; }[]' is not assignable to parameter of type '{ metadata: JsonValue; status: string; id: string; organizationId: string; createdAt: Date; updatedAt: Date; amount: Decimal; currency: string; paidAt: Date | null; subscriptionId: string | null; dueDate: Date; }[]'.
  Type '{ amountCents: number; paidAt: Date; }' is missing the following properties from type '{ metadata: JsonValue; status: string; id: string; organizationId: string; createdAt: Date; updatedAt: Date; amount: Decimal; currency: string; paidAt: Date | null; subscriptionId: string | null; dueDate: Date; }': metadata, status, id, organizationId, and 6 more.
__tests__/sprint6/api/dashboard-charts.test.ts(58,55): error TS2345: Argument of type '{ amount: number; createdAt: Date; status: string; }[]' is not assignable to parameter of type '{ metadata: JsonValue; status: DealStatus; id: string; organizationId: string; productId: string | null; contactId: string; assignedTo: string | null; createdAt: Date; ... 27 more ...; closedLostAt: Date | null; }[]'.
  Type '{ amount: number; createdAt: Date; status: string; }' is missing the following properties from type '{ metadata: JsonValue; status: DealStatus; id: string; organizationId: string; productId: string | null; contactId: string; assignedTo: string | null; createdAt: Date; ... 27 more ...; closedLostAt: Date | null; }': metadata, id, organizationId, productId, and 29 more.
__tests__/sprint6/api/dashboard-charts.test.ts(82,63): error TS2345: Argument of type '{ createdAt: Date; messageCount: number; }[]' is not assignable to parameter of type '{ status: string; id: string; organizationId: string; productId: string | null; contactId: string; unread_count: number; archived: boolean; typingUntil: Date | null; typingPhone: string | null; assignedTo: string | null; createdAt: Date; updatedAt: Date; }[]'.
  Type '{ createdAt: Date; messageCount: number; }' is missing the following properties from type '{ status: string; id: string; organizationId: string; productId: string | null; contactId: string; unread_count: number; archived: boolean; typingUntil: Date | null; typingPhone: string | null; assignedTo: string | null; createdAt: Date; updatedAt: Date; }': status, id, organizationId, productId, and 7 more.
__tests__/sprint6/api/dashboard-charts.test.ts(83,58): error TS2345: Argument of type '{ createdAt: Date; direction: string; }[]' is not assignable to parameter of type '{ metadata: JsonValue; status: string; id: string; contactId: string; createdAt: Date; conversationId: string; content: string | null; messageId: string | null; direction: string; updated_at: Date; }[]'.
  Type '{ createdAt: Date; direction: string; }' is missing the following properties from type '{ metadata: JsonValue; status: string; id: string; contactId: string; createdAt: Date; conversationId: string; content: string | null; messageId: string | null; direction: string; updated_at: Date; }': metadata, status, id, contactId, and 4 more.
__tests__/sprint6/api/dashboard-charts.test.ts(103,58): error TS2345: Argument of type '{ createdAt: Date; }[]' is not assignable to parameter of type '{ metadata: JsonValue; status: ContactStatus; id: string; organizationId: string; createdAt: Date; updatedAt: Date; phone: string; email: string | null; ... 5 more ...; deletedAt: Date | null; }[]'.
  Type '{ createdAt: Date; }' is missing the following properties from type '{ metadata: JsonValue; status: ContactStatus; id: string; organizationId: string; createdAt: Date; updatedAt: Date; phone: string; email: string | null; ... 5 more ...; deletedAt: Date | null; }': metadata, status, id, organizationId, and 9 more.
__tests__/sprint6/api/dashboard-charts.test.ts(131,64): error TS2345: Argument of type '{ id: string; name: string; color: string; position: number; probability: number; }[]' is not assignable to parameter of type '{ id: string; organizationId: string | null; createdAt: Date | null; updatedAt: Date | null; name: string; pipelineId: string | null; color: string | null; position: number; probability: number | null; isDefault: boolean | null; isClosed: boolean | null; }[]'.
  Type '{ id: string; name: string; color: string; position: number; probability: number; }' is missing the following properties from type '{ id: string; organizationId: string | null; createdAt: Date | null; updatedAt: Date | null; name: string; pipelineId: string | null; color: string | null; position: number; probability: number | null; isDefault: boolean | null; isClosed: boolean | null; }': organizationId, createdAt, updatedAt, pipelineId, and 2 more.
__tests__/sprint6/api/dashboard-charts.test.ts(135,47): error TS2339: Property 'mockResolvedValue' does not exist on type 'never'.
__tests__/sprint6/api/dashboard-charts.test.ts(198,58): error TS2345: Argument of type '{ amountCents: number; paidAt: Date; }[]' is not assignable to parameter of type '{ metadata: JsonValue; status: string; id: string; organizationId: string; createdAt: Date; updatedAt: Date; amount: Decimal; currency: string; paidAt: Date | null; subscriptionId: string | null; dueDate: Date; }[]'.
  Type '{ amountCents: number; paidAt: Date; }' is missing the following properties from type '{ metadata: JsonValue; status: string; id: string; organizationId: string; createdAt: Date; updatedAt: Date; amount: Decimal; currency: string; paidAt: Date | null; subscriptionId: string | null; dueDate: Date; }': metadata, status, id, organizationId, and 6 more.
__tests__/sprint6/api/dashboard-charts.test.ts(225,9): error TS2353: Object literal may only specify known properties, and 'amountCents' does not exist in type '{ metadata: JsonValue; status: string; id: string; organizationId: string; createdAt: Date; updatedAt: Date; amount: Decimal; currency: string; paidAt: Date | null; subscriptionId: string | null; dueDate: Date; }'.
__tests__/sprint6/api/dashboard-charts.test.ts(247,55): error TS2345: Argument of type '{ amount: number; createdAt: Date; status: string; }[]' is not assignable to parameter of type '{ metadata: JsonValue; status: DealStatus; id: string; organizationId: string; productId: string | null; contactId: string; assignedTo: string | null; createdAt: Date; ... 27 more ...; closedLostAt: Date | null; }[]'.
  Type '{ amount: number; createdAt: Date; status: string; }' is missing the following properties from type '{ metadata: JsonValue; status: DealStatus; id: string; organizationId: string; productId: string | null; contactId: string; assignedTo: string | null; createdAt: Date; ... 27 more ...; closedLostAt: Date | null; }': metadata, id, organizationId, productId, and 29 more.
__tests__/sprint6/api/dashboard-charts.test.ts(274,63): error TS2345: Argument of type '{ createdAt: Date; messageCount: number; }[]' is not assignable to parameter of type '{ status: string; id: string; organizationId: string; productId: string | null; contactId: string; unread_count: number; archived: boolean; typingUntil: Date | null; typingPhone: string | null; assignedTo: string | null; createdAt: Date; updatedAt: Date; }[]'.
  Type '{ createdAt: Date; messageCount: number; }' is missing the following properties from type '{ status: string; id: string; organizationId: string; productId: string | null; contactId: string; unread_count: number; archived: boolean; typingUntil: Date | null; typingPhone: string | null; assignedTo: string | null; createdAt: Date; updatedAt: Date; }': status, id, organizationId, productId, and 7 more.
__tests__/sprint6/api/dashboard-charts.test.ts(275,58): error TS2345: Argument of type '{ createdAt: Date; direction: string; }[]' is not assignable to parameter of type '{ metadata: JsonValue; status: string; id: string; contactId: string; createdAt: Date; conversationId: string; content: string | null; messageId: string | null; direction: string; updated_at: Date; }[]'.
  Type '{ createdAt: Date; direction: string; }' is missing the following properties from type '{ metadata: JsonValue; status: string; id: string; contactId: string; createdAt: Date; conversationId: string; content: string | null; messageId: string | null; direction: string; updated_at: Date; }': metadata, status, id, contactId, and 4 more.
__tests__/sprint6/api/dashboard-insights.test.ts(69,22): error TS2339: Property 'aiInsight' does not exist on type 'PrismaClient<PrismaClientOptions, never, DefaultArgs>'.
__tests__/sprint6/api/dashboard-insights.test.ts(97,22): error TS2339: Property 'aiInsight' does not exist on type 'PrismaClient<PrismaClientOptions, never, DefaultArgs>'.
__tests__/sprint6/api/dashboard-insights.test.ts(109,19): error TS2339: Property 'aiInsight' does not exist on type 'PrismaClient<PrismaClientOptions, never, DefaultArgs>'.
__tests__/sprint6/api/dashboard-insights.test.ts(115,22): error TS2339: Property 'aiInsight' does not exist on type 'PrismaClient<PrismaClientOptions, never, DefaultArgs>'.
__tests__/sprint6/api/dashboard-insights.test.ts(125,19): error TS2339: Property 'aiInsight' does not exist on type 'PrismaClient<PrismaClientOptions, never, DefaultArgs>'.
__tests__/sprint6/api/dashboard-insights.test.ts(139,23): error TS2561: Object literal may only specify known properties, but 'contact' does not exist in type '{ metadata: JsonValue; status: DealStatus; id: string; organizationId: string; productId: string | null; contactId: string; assignedTo: string | null; createdAt: Date; ... 27 more ...; closedLostAt: Date | null; }'. Did you mean to write 'contactId'?
__tests__/sprint6/api/dashboard-insights.test.ts(140,23): error TS2561: Object literal may only specify known properties, but 'contact' does not exist in type '{ metadata: JsonValue; status: DealStatus; id: string; organizationId: string; productId: string | null; contactId: string; assignedTo: string | null; createdAt: Date; ... 27 more ...; closedLostAt: Date | null; }'. Did you mean to write 'contactId'?
__tests__/sprint6/api/dashboard-insights.test.ts(141,23): error TS2561: Object literal may only specify known properties, but 'contact' does not exist in type '{ metadata: JsonValue; status: DealStatus; id: string; organizationId: string; productId: string | null; contactId: string; assignedTo: string | null; createdAt: Date; ... 27 more ...; closedLostAt: Date | null; }'. Did you mean to write 'contactId'?
__tests__/sprint6/api/dashboard-insights.test.ts(144,22): error TS2339: Property 'aiInsight' does not exist on type 'PrismaClient<PrismaClientOptions, never, DefaultArgs>'.
__tests__/sprint6/api/dashboard-insights.test.ts(161,22): error TS2339: Property 'aiInsight' does not exist on type 'PrismaClient<PrismaClientOptions, never, DefaultArgs>'.
__tests__/sprint6/api/dashboard-insights.test.ts(165,11): error TS2322: Type 'number' is not assignable to type 'Decimal'.
__tests__/sprint6/api/dashboard-insights.test.ts(166,11): error TS2322: Type 'number' is not assignable to type 'Decimal'.
__tests__/sprint6/api/dashboard-insights.test.ts(169,11): error TS2322: Type 'number' is not assignable to type 'Decimal'.
__tests__/sprint6/api/dashboard-insights.test.ts(185,22): error TS2339: Property 'aiInsight' does not exist on type 'PrismaClient<PrismaClientOptions, never, DefaultArgs>'.
__tests__/sprint6/api/dashboard-insights.test.ts(202,22): error TS2339: Property 'aiInsight' does not exist on type 'PrismaClient<PrismaClientOptions, never, DefaultArgs>'.
__tests__/sprint6/api/dashboard-insights.test.ts(236,22): error TS2339: Property 'aiInsight' does not exist on type 'PrismaClient<PrismaClientOptions, never, DefaultArgs>'.
__tests__/sprint6/api/dashboard-insights.test.ts(292,22): error TS2339: Property 'aiInsight' does not exist on type 'PrismaClient<PrismaClientOptions, never, DefaultArgs>'.
__tests__/sprint6/api/dashboard-insights.test.ts(310,19): error TS2339: Property 'aiInsight' does not exist on type 'PrismaClient<PrismaClientOptions, never, DefaultArgs>'.
__tests__/sprint6/api/dashboard-insights.test.ts(320,22): error TS2339: Property 'aiInsight' does not exist on type 'PrismaClient<PrismaClientOptions, never, DefaultArgs>'.
__tests__/sprint6/api/dashboard-insights.test.ts(352,22): error TS2339: Property 'aiInsight' does not exist on type 'PrismaClient<PrismaClientOptions, never, DefaultArgs>'.
__tests__/sprint6/api/dashboard-insights.test.ts(367,19): error TS2339: Property 'aiInsight' does not exist on type 'PrismaClient<PrismaClientOptions, never, DefaultArgs>'.
__tests__/sprint6/api/dashboard-insights.test.ts(384,22): error TS2339: Property 'aiInsight' does not exist on type 'PrismaClient<PrismaClientOptions, never, DefaultArgs>'.
__tests__/sprint6/api/dashboard-insights.test.ts(420,22): error TS2339: Property 'aiInsight' does not exist on type 'PrismaClient<PrismaClientOptions, never, DefaultArgs>'.
__tests__/sprint6/api/dashboard-insights.test.ts(438,22): error TS2339: Property 'aiInsight' does not exist on type 'PrismaClient<PrismaClientOptions, never, DefaultArgs>'.
__tests__/sprint6/api/dashboard-metrics.test.ts(58,11): error TS2322: Type 'number' is not assignable to type 'Decimal'.
__tests__/sprint6/api/dashboard-metrics.test.ts(59,11): error TS2322: Type 'number' is not assignable to type 'Decimal'.
__tests__/sprint6/api/dashboard-metrics.test.ts(60,11): error TS2322: Type 'number' is not assignable to type 'Decimal'.
__tests__/sprint6/api/dashboard-metrics.test.ts(63,11): error TS2322: Type 'number' is not assignable to type 'Decimal'.
__tests__/sprint6/api/dashboard-metrics.test.ts(64,11): error TS2322: Type 'number' is not assignable to type 'Decimal'.
__tests__/sprint6/api/dashboard-metrics.test.ts(67,11): error TS2322: Type 'number' is not assignable to type 'Decimal'.
__tests__/sprint6/api/dashboard-metrics.test.ts(73,11): error TS2353: Object literal may only specify known properties, and 'amountCents' does not exist in type '{ metadata: JsonValue; status: string; id: string; organizationId: string; createdAt: Date; updatedAt: Date; amount: Decimal; currency: string; paidAt: Date | null; subscriptionId: string | null; dueDate: Date; }'.
__tests__/sprint6/api/dashboard-metrics.test.ts(74,11): error TS2353: Object literal may only specify known properties, and 'amountCents' does not exist in type '{ metadata: JsonValue; status: string; id: string; organizationId: string; createdAt: Date; updatedAt: Date; amount: Decimal; currency: string; paidAt: Date | null; subscriptionId: string | null; dueDate: Date; }'.
__tests__/sprint6/api/dashboard-metrics.test.ts(77,11): error TS2353: Object literal may only specify known properties, and 'amountCents' does not exist in type '{ metadata: JsonValue; status: string; id: string; organizationId: string; createdAt: Date; updatedAt: Date; amount: Decimal; currency: string; paidAt: Date | null; subscriptionId: string | null; dueDate: Date; }'.
__tests__/sprint6/api/dashboard-metrics.test.ts(82,9): error TS2353: Object literal may only specify known properties, and 'plan' does not exist in type '{ status: SubscriptionStatus; id: string; organizationId: string; createdAt: Date; updatedAt: Date; planId: string; currentPeriodStart: Date; currentPeriodEnd: Date; trial_ends_at: Date | null; cancelled_at: Date | null; }'.
__tests__/sprint6/api/dashboard-metrics.test.ts(83,9): error TS2353: Object literal may only specify known properties, and 'plan' does not exist in type '{ status: SubscriptionStatus; id: string; organizationId: string; createdAt: Date; updatedAt: Date; planId: string; currentPeriodStart: Date; currentPeriodEnd: Date; trial_ends_at: Date | null; cancelled_at: Date | null; }'.
__tests__/sprint6/api/dashboard-metrics.test.ts(187,11): error TS2353: Object literal may only specify known properties, and 'amountCents' does not exist in type '{ metadata: JsonValue; status: string; id: string; organizationId: string; createdAt: Date; updatedAt: Date; amount: Decimal; currency: string; paidAt: Date | null; subscriptionId: string | null; dueDate: Date; }'.
__tests__/sprint6/api/dashboard-metrics.test.ts(188,11): error TS2353: Object literal may only specify known properties, and 'amountCents' does not exist in type '{ metadata: JsonValue; status: string; id: string; organizationId: string; createdAt: Date; updatedAt: Date; amount: Decimal; currency: string; paidAt: Date | null; subscriptionId: string | null; dueDate: Date; }'.
__tests__/sprint6/api/dashboard-metrics.test.ts(191,11): error TS2353: Object literal may only specify known properties, and 'amountCents' does not exist in type '{ metadata: JsonValue; status: string; id: string; organizationId: string; createdAt: Date; updatedAt: Date; amount: Decimal; currency: string; paidAt: Date | null; subscriptionId: string | null; dueDate: Date; }'.
__tests__/sprint6/api/dashboard-metrics.test.ts(215,11): error TS2322: Type 'number' is not assignable to type 'Decimal'.
__tests__/sprint6/api/dashboard-metrics.test.ts(215,29): error TS2322: Type 'number' is not assignable to type 'Decimal'.
__tests__/sprint6/api/dashboard-metrics.test.ts(215,47): error TS2322: Type 'number' is not assignable to type 'Decimal'.
__tests__/sprint6/api/dashboard-metrics.test.ts(216,11): error TS2322: Type 'number' is not assignable to type 'Decimal'.
__tests__/sprint6/api/dashboard-metrics.test.ts(216,29): error TS2322: Type 'number' is not assignable to type 'Decimal'.
__tests__/sprint6/api/dashboard-metrics.test.ts(216,47): error TS2322: Type 'number' is not assignable to type 'Decimal'.
__tests__/sprint6/api/dashboard-metrics.test.ts(216,65): error TS2322: Type 'number' is not assignable to type 'Decimal'.
__tests__/sprint6/api/dashboard-metrics.test.ts(250,11): error TS2322: Type 'number' is not assignable to type 'Decimal'.
__tests__/sprint6/api/dashboard-metrics.test.ts(251,11): error TS2322: Type 'number' is not assignable to type 'Decimal'.
__tests__/sprint6/api/dashboard-metrics.test.ts(252,11): error TS2322: Type 'number' is not assignable to type 'Decimal'.
__tests__/sprint6/hooks/use-dashboard.test.ts(117,7): error TS2322: Type '({ id: string; name: string; phone: string; status: string; createdAt: string; metadata: { dealValue: number; converted: boolean; }; } | { id: string; name: string; phone: string; status: string; createdAt: string; metadata: { ...; }; } | { ...; })[]' is not assignable to type 'Contact[]'.
  Type '{ id: string; name: string; phone: string; status: string; createdAt: string; metadata: { dealValue: number; converted: boolean; }; } | { id: string; name: string; phone: string; status: string; createdAt: string; metadata: { ...; }; } | { ...; }' is not assignable to type 'Contact'.
    Type '{ id: string; name: string; phone: string; status: string; createdAt: string; metadata: { dealValue: number; converted: boolean; }; }' is missing the following properties from type 'Contact': organizationId, tags, leadScore, updatedAt
__tests__/sprint6/hooks/use-dashboard.test.ts(129,7): error TS2322: Type '{ id: string; status: string; createdAt: string; instance: { name: string; }; messageCount: number; }[]' is not assignable to type 'Conversation[]'.
  Type '{ id: string; status: string; createdAt: string; instance: { name: string; }; messageCount: number; }' is missing the following properties from type 'Conversation': contactId, instanceId, type, windowStart, and 3 more.
__tests__/sprint6/hooks/use-dashboard.test.ts(142,7): error TS2322: Type '({ id: string; type: string; title: string; description: string; value: string; confidence: number; createdAt: string; } | { id: string; type: string; title: string; description: string; confidence: number; createdAt: string; value?: undefined; })[]' is not assignable to type 'AiInsight[]'.
  Type '{ id: string; type: string; title: string; description: string; value: string; confidence: number; createdAt: string; } | { id: string; type: string; title: string; description: string; confidence: number; createdAt: string; value?: undefined; }' is not assignable to type 'AiInsight'.
    Type '{ id: string; type: string; title: string; description: string; value: string; confidence: number; createdAt: string; }' is missing the following properties from type 'AiInsight': category, relatedContactIds, relatedDealIds, status, updatedAt
__tests__/sprint6/hooks/use-dashboard.test.ts(154,7): error TS2322: Type '{ id: string; name: string; color: string; }[]' is not assignable to type 'Tag[]'.
  Type '{ id: string; name: string; color: string; }' is missing the following properties from type 'Tag': organizationId, source, createdAt, updatedAt
__tests__/sprint6/hooks/use-dashboard.test.ts(300,51): error TS2345: Argument of type '{ conversations: never[]; isLoading: true; error: null; mutate: Mock<Procedure>; createConversation: Mock<Procedure>; updateConversation: Mock<Procedure>; deleteConversation: Mock<...>; getMessages: Mock<...>; sendMessage: Mock<...>; getStats: Mock<...>; }' is not assignable to parameter of type 'UseConversationsReturn'.
  Property 'markAsUnread' is missing in type '{ conversations: never[]; isLoading: true; error: null; mutate: Mock<Procedure>; createConversation: Mock<Procedure>; updateConversation: Mock<Procedure>; deleteConversation: Mock<...>; getMessages: Mock<...>; sendMessage: Mock<...>; getStats: Mock<...>; }' but required in type 'UseConversationsReturn'.
__tests__/sprint6/hooks/use-dashboard.test.ts(365,51): error TS2345: Argument of type '{ conversations: never[]; isLoading: false; error: Error; mutate: Mock<Procedure>; createConversation: Mock<Procedure>; updateConversation: Mock<...>; deleteConversation: Mock<...>; getMessages: Mock<...>; sendMessage: Mock<...>; getStats: Mock<...>; }' is not assignable to parameter of type 'UseConversationsReturn'.
  Property 'markAsUnread' is missing in type '{ conversations: never[]; isLoading: false; error: Error; mutate: Mock<Procedure>; createConversation: Mock<Procedure>; updateConversation: Mock<...>; deleteConversation: Mock<...>; getMessages: Mock<...>; sendMessage: Mock<...>; getStats: Mock<...>; }' but required in type 'UseConversationsReturn'.
__tests__/sprint6/hooks/use-dashboard.test.ts(410,20): error TS2322: Type '{ id: string; name: string; phone: string; status: string; createdAt: string; metadata: { dealValue: number; converted: boolean; }; } | { id: string; name: string; phone: string; status: string; createdAt: string; metadata: { ...; }; } | { ...; }' is not assignable to type 'Contact'.
  Type '{ id: string; name: string; phone: string; status: string; createdAt: string; metadata: { dealValue: number; converted: boolean; }; }' is missing the following properties from type 'Contact': organizationId, tags, leadScore, updatedAt
__tests__/sprint6/hooks/use-dashboard.test.ts(519,51): error TS2345: Argument of type '{ conversations: never[]; isLoading: false; error: null; mutate: Mock<Procedure>; createConversation: Mock<Procedure>; updateConversation: Mock<Procedure>; deleteConversation: Mock<...>; getMessages: Mock<...>; sendMessage: Mock<...>; getStats: Mock<...>; }' is not assignable to parameter of type 'UseConversationsReturn'.
  Property 'markAsUnread' is missing in type '{ conversations: never[]; isLoading: false; error: null; mutate: Mock<Procedure>; createConversation: Mock<Procedure>; updateConversation: Mock<Procedure>; deleteConversation: Mock<...>; getMessages: Mock<...>; sendMessage: Mock<...>; getStats: Mock<...>; }' but required in type 'UseConversationsReturn'.
__tests__/sprint6/hooks/use-dashboard.test.ts(539,9): error TS2322: Type '({ id: string; name: string; phone: string; status: string; createdAt: string; metadata: { dealValue: number; converted: boolean; }; } | { id: string; name: string; phone: string; status: string; createdAt: string; metadata: { ...; }; } | { ...; })[]' is not assignable to type 'Contact[]'.
  Type '{ id: string; name: string; phone: string; status: string; createdAt: string; metadata: { dealValue: number; converted: boolean; }; } | { id: string; name: string; phone: string; status: string; createdAt: string; metadata: { ...; }; } | { ...; }' is not assignable to type 'Contact'.
    Type '{ id: string; name: string; phone: string; status: string; createdAt: string; metadata: { dealValue: number; converted: boolean; }; }' is missing the following properties from type 'Contact': organizationId, tags, leadScore, updatedAt
__tests__/sprint6/hooks/use-dashboard.test.ts(550,51): error TS2345: Argument of type '{ conversations: never[]; isLoading: false; error: null; mutate: Mock<Procedure>; createConversation: Mock<Procedure>; updateConversation: Mock<Procedure>; deleteConversation: Mock<...>; getMessages: Mock<...>; sendMessage: Mock<...>; getStats: Mock<...>; }' is not assignable to parameter of type 'UseConversationsReturn'.
  Property 'markAsUnread' is missing in type '{ conversations: never[]; isLoading: false; error: null; mutate: Mock<Procedure>; createConversation: Mock<Procedure>; updateConversation: Mock<Procedure>; deleteConversation: Mock<...>; getMessages: Mock<...>; sendMessage: Mock<...>; getStats: Mock<...>; }' but required in type 'UseConversationsReturn'.
__tests__/sprint6/hooks/use-dashboard.test.ts(581,51): error TS2345: Argument of type '{ conversations: never[]; isLoading: true; error: null; mutate: Mock<Procedure>; createConversation: Mock<Procedure>; updateConversation: Mock<Procedure>; deleteConversation: Mock<...>; getMessages: Mock<...>; sendMessage: Mock<...>; getStats: Mock<...>; }' is not assignable to parameter of type 'UseConversationsReturn'.
  Property 'markAsUnread' is missing in type '{ conversations: never[]; isLoading: true; error: null; mutate: Mock<Procedure>; createConversation: Mock<Procedure>; updateConversation: Mock<Procedure>; deleteConversation: Mock<...>; getMessages: Mock<...>; sendMessage: Mock<...>; getStats: Mock<...>; }' but required in type 'UseConversationsReturn'.
__tests__/sprint6/hooks/use-dashboard.test.ts(605,11): error TS2740: Type '{ id: string; name: string; createdAt: string; }' is missing the following properties from type 'Contact': organizationId, phone, tags, leadScore, and 2 more.
__tests__/sprint6/hooks/use-dashboard.test.ts(630,11): error TS2740: Type '{ id: string; status: "ACTIVE"; createdAt: string; }' is missing the following properties from type 'Conversation': contactId, instanceId, type, windowStart, and 4 more.
__tests__/sprint6/hooks/use-dashboard.test.ts(656,11): error TS2739: Type '{ id: string; name: string; createdAt: string; status: "ACTIVE"; }' is missing the following properties from type 'Contact': organizationId, phone, tags, leadScore, updatedAt
__tests__/unit/hooks/use-schedules.test.ts(3,24): error TS2724: '"@/hooks/use-schedules"' has no exported member named 'ScheduleType'. Did you mean 'Schedule'?
__tests__/unit/hooks/use-schedules.test.ts(3,38): error TS2459: Module '"@/hooks/use-schedules"' declares 'ScheduleStatus' locally, but it is not exported.
app/api/ai-insights/[id]/route.ts(19,24): error TS2554: Expected 1 arguments, but got 0.
app/api/ai-insights/[id]/route.ts(22,34): error TS2339: Property 'aiInsight' does not exist on type 'PrismaClient<PrismaClientOptions, never, DefaultArgs>'.
app/api/ai-insights/[id]/route.ts(25,30): error TS2339: Property 'organization' does not exist on type 'SessionPayload | NextResponse<unknown>'.
  Property 'organization' does not exist on type 'SessionPayload'.
app/api/ai-insights/[id]/route.ts(52,24): error TS2554: Expected 1 arguments, but got 0.
app/api/ai-insights/[id]/route.ts(59,35): error TS2339: Property 'aiInsight' does not exist on type 'PrismaClient<PrismaClientOptions, never, DefaultArgs>'.
app/api/ai-insights/[id]/route.ts(62,30): error TS2339: Property 'organization' does not exist on type 'SessionPayload | NextResponse<unknown>'.
  Property 'organization' does not exist on type 'SessionPayload'.
app/api/ai-insights/[id]/route.ts(84,34): error TS2339: Property 'aiInsight' does not exist on type 'PrismaClient<PrismaClientOptions, never, DefaultArgs>'.
app/api/ai-insights/[id]/route.ts(105,24): error TS2554: Expected 1 arguments, but got 0.
app/api/ai-insights/[id]/route.ts(109,35): error TS2339: Property 'aiInsight' does not exist on type 'PrismaClient<PrismaClientOptions, never, DefaultArgs>'.
app/api/ai-insights/[id]/route.ts(112,30): error TS2339: Property 'organization' does not exist on type 'SessionPayload | NextResponse<unknown>'.
  Property 'organization' does not exist on type 'SessionPayload'.
app/api/ai-insights/[id]/route.ts(123,18): error TS2339: Property 'aiInsight' does not exist on type 'PrismaClient<PrismaClientOptions, never, DefaultArgs>'.
app/api/ai-insights/route.ts(15,24): error TS2554: Expected 1 arguments, but got 0.
app/api/ai-insights/route.ts(25,28): error TS2339: Property 'organization' does not exist on type 'SessionPayload | NextResponse<unknown>'.
  Property 'organization' does not exist on type 'SessionPayload'.
app/api/ai-insights/route.ts(33,14): error TS2339: Property 'aiInsight' does not exist on type 'PrismaClient<PrismaClientOptions, never, DefaultArgs>'.
app/api/ai-insights/route.ts(39,14): error TS2339: Property 'aiInsight' does not exist on type 'PrismaClient<PrismaClientOptions, never, DefaultArgs>'.
app/api/ai-insights/route.ts(43,38): error TS7006: Parameter 'acc' implicitly has an 'any' type.
app/api/ai-insights/route.ts(43,43): error TS7006: Parameter 'insight' implicitly has an 'any' type.
app/api/ai-insights/route.ts(73,24): error TS2554: Expected 1 arguments, but got 0.
app/api/ai-insights/route.ts(99,34): error TS2339: Property 'aiInsight' does not exist on type 'PrismaClient<PrismaClientOptions, never, DefaultArgs>'.
app/api/ai-insights/route.ts(101,30): error TS2339: Property 'organization' does not exist on type 'SessionPayload | NextResponse<unknown>'.
  Property 'organization' does not exist on type 'SessionPayload'.
app/api/ai-insights/stats/route.ts(12,24): error TS2554: Expected 1 arguments, but got 0.
app/api/ai-insights/stats/route.ts(22,14): error TS2339: Property 'aiInsight' does not exist on type 'PrismaClient<PrismaClientOptions, never, DefaultArgs>'.
app/api/ai-insights/stats/route.ts(24,32): error TS2339: Property 'organization' does not exist on type 'SessionPayload | NextResponse<unknown>'.
  Property 'organization' does not exist on type 'SessionPayload'.
app/api/ai-insights/stats/route.ts(30,14): error TS2339: Property 'aiInsight' does not exist on type 'PrismaClient<PrismaClientOptions, never, DefaultArgs>'.
app/api/ai-insights/stats/route.ts(32,39): error TS2339: Property 'organization' does not exist on type 'SessionPayload | NextResponse<unknown>'.
  Property 'organization' does not exist on type 'SessionPayload'.
app/api/ai-insights/stats/route.ts(37,14): error TS2339: Property 'aiInsight' does not exist on type 'PrismaClient<PrismaClientOptions, never, DefaultArgs>'.
app/api/ai-insights/stats/route.ts(39,39): error TS2339: Property 'organization' does not exist on type 'SessionPayload | NextResponse<unknown>'.
  Property 'organization' does not exist on type 'SessionPayload'.
app/api/ai-insights/stats/route.ts(44,14): error TS2339: Property 'aiInsight' does not exist on type 'PrismaClient<PrismaClientOptions, never, DefaultArgs>'.
app/api/ai-insights/stats/route.ts(46,32): error TS2339: Property 'organization' does not exist on type 'SessionPayload | NextResponse<unknown>'.
  Property 'organization' does not exist on type 'SessionPayload'.
app/api/ai-insights/stats/route.ts(54,14): error TS2339: Property 'aiInsight' does not exist on type 'PrismaClient<PrismaClientOptions, never, DefaultArgs>'.
app/api/ai-insights/stats/route.ts(56,32): error TS2339: Property 'organization' does not exist on type 'SessionPayload | NextResponse<unknown>'.
  Property 'organization' does not exist on type 'SessionPayload'.
app/api/ai-insights/stats/route.ts(66,32): error TS7006: Parameter 'acc' implicitly has an 'any' type.
app/api/ai-insights/stats/route.ts(66,37): error TS7006: Parameter 'item' implicitly has an 'any' type.
app/api/ai-insights/stats/route.ts(70,36): error TS7006: Parameter 'acc' implicitly has an 'any' type.
app/api/ai-insights/stats/route.ts(70,41): error TS7006: Parameter 'item' implicitly has an 'any' type.
app/api/auth/login/route.ts(73,25): error TS2345: Argument of type '{ userId: string; email: string; name: string | null; organizationId: string | null; setupComplete: boolean; }' is not assignable to parameter of type 'Omit<SessionPayload, "expiresAt">'.
  Property 'productId' is missing in type '{ userId: string; email: string; name: string | null; organizationId: string | null; setupComplete: boolean; }' but required in type 'Omit<SessionPayload, "expiresAt">'.
app/api/auth/refresh-session/route.ts(36,25): error TS2345: Argument of type '{ userId: string; email: string; name: string | null; organizationId: string | null; setupComplete: boolean; }' is not assignable to parameter of type 'Omit<SessionPayload, "expiresAt">'.
  Property 'productId' is missing in type '{ userId: string; email: string; name: string | null; organizationId: string | null; setupComplete: boolean; }' but required in type 'Omit<SessionPayload, "expiresAt">'.
app/api/auth/register/route.ts(60,25): error TS2345: Argument of type '{ userId: `${string}-${string}-${string}-${string}-${string}`; email: any; name: any; organizationId: string; setupComplete: boolean; }' is not assignable to parameter of type 'Omit<SessionPayload, "expiresAt">'.
  Property 'productId' is missing in type '{ userId: `${string}-${string}-${string}-${string}-${string}`; email: any; name: any; organizationId: string; setupComplete: boolean; }' but required in type 'Omit<SessionPayload, "expiresAt">'.
app/api/auth/token/route.ts(156,35): error TS2345: Argument of type '{ userId: string; email: string; name: string | null; organizationId: string | null; setupComplete: true; expiresAt: number; }' is not assignable to parameter of type 'Omit<SessionPayload, "expiresAt"> & { expiresAt: number; }'.
  Property 'productId' is missing in type '{ userId: string; email: string; name: string | null; organizationId: string | null; setupComplete: true; expiresAt: number; }' but required in type 'Omit<SessionPayload, "expiresAt">'.
app/api/charges/route.ts(145,15): error TS2353: Object literal may only specify known properties, and 'amountCents' does not exist in type 'InvoiceSelect<DefaultArgs>'.
app/api/charges/route.ts(244,9): error TS2353: Object literal may only specify known properties, and 'amountCents' does not exist in type '(Without<ChargeCreateInput, ChargeUncheckedCreateInput> & ChargeUncheckedCreateInput) | (Without<...> & ChargeCreateInput)'.
app/api/charges/route.ts(254,13): error TS2353: Object literal may only specify known properties, and 'amountCents' does not exist in type 'InvoiceSelect<DefaultArgs>'.
app/api/contacts/[id]/custom-fields/route.ts(38,44): error TS2339: Property 'contactCustomFieldValue' does not exist on type 'PrismaClient<PrismaClientOptions, never, DefaultArgs>'.
app/api/contacts/[id]/custom-fields/route.ts(48,35): error TS7006: Parameter 'cf' implicitly has an 'any' type.
app/api/contacts/[id]/custom-fields/route.ts(107,43): error TS2339: Property 'contactCustomFieldValue' does not exist on type 'PrismaClient<PrismaClientOptions, never, DefaultArgs>'.
app/api/contacts/[id]/custom-fields/route.ts(160,40): error TS2339: Property 'contactCustomFieldValue' does not exist on type 'PrismaClient<PrismaClientOptions, never, DefaultArgs>'.
app/api/contacts/[id]/custom-fields/route.ts(176,18): error TS2339: Property 'contactCustomFieldValue' does not exist on type 'PrismaClient<PrismaClientOptions, never, DefaultArgs>'.
app/api/contacts/[id]/notes/route.ts(98,9): error TS2322: Type '{ contactNotes: ContactNote[]; }' is not assignable to type 'NullableJsonNullValueInput | InputJsonValue | undefined'.
  Types of property 'contactNotes' are incompatible.
    Type 'ContactNote[]' is not assignable to type 'InputJsonValue | null | undefined'.
      Type 'ContactNote[]' is not assignable to type 'InputJsonObject'.
        Index signature for type 'string' is missing in type 'ContactNote[]'.
app/api/contacts/[id]/notes/route.ts(150,9): error TS2322: Type '{ contactNotes: ContactNote[]; }' is not assignable to type 'NullableJsonNullValueInput | InputJsonValue | undefined'.
  Types of property 'contactNotes' are incompatible.
    Type 'ContactNote[]' is not assignable to type 'InputJsonValue | null | undefined'.
      Type 'ContactNote[]' is not assignable to type 'InputJsonObject'.
        Index signature for type 'string' is missing in type 'ContactNote[]'.
app/api/contacts/[id]/timeline/route.ts(106,7): error TS2322: Type '{ metadata: JsonValue; status: string; id: string; contactId: string; createdAt: Date; conversationId: string; content: string | null; messageId: string | null; direction: string; updated_at: Date; }[]' is not assignable to type '{ id: string; conversationId: string; content: string; direction: string; status: string; createdAt: Date; }[]'.
  Type '{ metadata: JsonValue; status: string; id: string; contactId: string; createdAt: Date; conversationId: string; content: string | null; messageId: string | null; direction: string; updated_at: Date; }' is not assignable to type '{ id: string; conversationId: string; content: string; direction: string; status: string; createdAt: Date; }'.
    Types of property 'content' are incompatible.
      Type 'string | null' is not assignable to type 'string'.
        Type 'null' is not assignable to type 'string'.
app/api/contacts/route.refactored.ts(158,11): error TS2322: Type 'Record<string, unknown>' is not assignable to type 'NullableJsonNullValueInput | InputJsonValue | undefined'.
  Type 'Record<string, unknown>' is missing the following properties from type 'readonly (InputJsonValue | null)[]': length, concat, join, slice, and 26 more.
app/api/contacts/route.refactored.ts(187,9): error TS2322: Type 'Record<string, unknown>' is not assignable to type 'NullableJsonNullValueInput | InputJsonValue | undefined'.
  Type 'Record<string, unknown>' is missing the following properties from type 'readonly (InputJsonValue | null)[]': length, concat, join, slice, and 26 more.
app/api/conversations/[id]/assign/route.ts(40,9): error TS2322: Type 'string | null' is not assignable to type 'string | UuidFilter<"Conversation"> | undefined'.
  Type 'null' is not assignable to type 'string | UuidFilter<"Conversation"> | undefined'.
app/api/conversations/[id]/assign/route.ts(126,9): error TS2322: Type 'string | null' is not assignable to type 'string | UuidFilter<"Conversation"> | undefined'.
  Type 'null' is not assignable to type 'string | UuidFilter<"Conversation"> | undefined'.
app/api/coupons/route.ts(100,14): error TS2339: Property 'coupon' does not exist on type 'PrismaClient<PrismaClientOptions, never, DefaultArgs>'.
app/api/coupons/route.ts(106,14): error TS2339: Property 'coupon' does not exist on type 'PrismaClient<PrismaClientOptions, never, DefaultArgs>'.
app/api/coupons/route.ts(148,33): error TS2339: Property 'coupon' does not exist on type 'PrismaClient<PrismaClientOptions, never, DefaultArgs>'.
app/api/custom-fields/[id]/route.ts(164,7): error TS2322: Type '{ _count: { select: { values: true; }; }; }' is not assignable to type 'never'.
app/api/dashboard/ai-insights/route.ts(27,37): error TS2339: Property 'aiInsight' does not exist on type 'PrismaClient<PrismaClientOptions, never, DefaultArgs>'.
app/api/dashboard/ai-insights/route.ts(48,25): error TS7006: Parameter 'insight' implicitly has an 'any' type.
app/api/dashboard/ai-insights/route.ts(254,7): error TS2353: Object literal may only specify known properties, and 'lastMessageAt' does not exist in type 'ConversationWhereInput'.
app/api/dashboard/ai-insights/route.ts(358,30): error TS2820: Type '"active"' is not assignable to type 'SubscriptionStatus | EnumSubscriptionStatusFilter<"Subscription"> | undefined'. Did you mean '"ACTIVE"'?
app/api/dashboard/ai-insights/route.ts(364,7): error TS2820: Type '"canceled"' is not assignable to type 'SubscriptionStatus | EnumSubscriptionStatusFilter<"Subscription"> | undefined'. Did you mean '"CANCELLED"'?
app/api/dashboard/ai-insights/route.ts(406,34): error TS2339: Property 'aiInsight' does not exist on type 'PrismaClient<PrismaClientOptions, never, DefaultArgs>'.
app/api/dashboard/ai-insights/route.ts(457,34): error TS2339: Property 'aiInsight' does not exist on type 'PrismaClient<PrismaClientOptions, never, DefaultArgs>'.
app/api/dashboard/all/route.ts(46,28): error TS2339: Property 'createdAt' does not exist on type '{ id: string; organizationId: string; data: JsonValue; expiresAt: Date; period: string; metricType: string; calculatedAt: Date; }'.
app/api/dashboard/channels/__tests__/route.test.ts(37,32): error TS2345: Argument of type 'Request' is not assignable to parameter of type 'NextRequest'.
  Type 'Request' is missing the following properties from type 'NextRequest': cookies, nextUrl, page, ua, [INTERNALS]
app/api/dashboard/channels/__tests__/route.test.ts(46,55): error TS2345: Argument of type '{ userId: string; email: string; name: null; organizationId: null; }' is not assignable to parameter of type 'AuthResult'.
  Type '{ userId: string; email: string; name: null; organizationId: null; }' is missing the following properties from type 'AuthResult': productId, setupComplete
app/api/dashboard/channels/__tests__/route.test.ts(49,32): error TS2345: Argument of type 'Request' is not assignable to parameter of type 'NextRequest'.
  Type 'Request' is missing the following properties from type 'NextRequest': cookies, nextUrl, page, ua, [INTERNALS]
app/api/dashboard/channels/__tests__/route.test.ts(58,55): error TS2345: Argument of type '{ userId: string; email: string; name: null; organizationId: string; }' is not assignable to parameter of type 'AuthResult'.
  Type '{ userId: string; email: string; name: null; organizationId: string; }' is missing the following properties from type 'AuthResult': productId, setupComplete
app/api/dashboard/channels/__tests__/route.test.ts(79,56): error TS2345: Argument of type '{ name: string; leads: number; deals: number; conversionRate: number; avgResponseTime: number; revenue: number; }[]' is not assignable to parameter of type 'ChannelMetrics[]'.
  Type '{ name: string; leads: number; deals: number; conversionRate: number; avgResponseTime: number; revenue: number; }' is missing the following properties from type 'ChannelMetrics': channel, leadsGenerated, dealsWon, revenueWon, and 4 more.
app/api/dashboard/channels/__tests__/route.test.ts(82,32): error TS2345: Argument of type 'Request' is not assignable to parameter of type 'NextRequest'.
  Type 'Request' is missing the following properties from type 'NextRequest': cookies, nextUrl, page, ua, [INTERNALS]
app/api/dashboard/channels/__tests__/route.test.ts(92,55): error TS2345: Argument of type '{ userId: string; email: string; name: null; organizationId: string; }' is not assignable to parameter of type 'AuthResult'.
  Type '{ userId: string; email: string; name: null; organizationId: string; }' is missing the following properties from type 'AuthResult': productId, setupComplete
app/api/dashboard/channels/__tests__/route.test.ts(95,32): error TS2345: Argument of type 'Request' is not assignable to parameter of type 'NextRequest'.
  Type 'Request' is missing the following properties from type 'NextRequest': cookies, nextUrl, page, ua, [INTERNALS]
app/api/dashboard/channels/__tests__/route.test.ts(104,55): error TS2345: Argument of type '{ userId: string; email: string; name: null; organizationId: string; }' is not assignable to parameter of type 'AuthResult'.
  Type '{ userId: string; email: string; name: null; organizationId: string; }' is missing the following properties from type 'AuthResult': productId, setupComplete
app/api/dashboard/channels/__tests__/route.test.ts(108,32): error TS2345: Argument of type 'Request' is not assignable to parameter of type 'NextRequest'.
  Type 'Request' is missing the following properties from type 'NextRequest': cookies, nextUrl, page, ua, [INTERNALS]
app/api/dashboard/channels/__tests__/route.test.ts(117,55): error TS2345: Argument of type '{ userId: string; email: string; name: null; organizationId: string; }' is not assignable to parameter of type 'AuthResult'.
  Type '{ userId: string; email: string; name: null; organizationId: string; }' is missing the following properties from type 'AuthResult': productId, setupComplete
app/api/dashboard/channels/__tests__/route.test.ts(122,15): error TS2345: Argument of type 'Request' is not assignable to parameter of type 'NextRequest'.
  Type 'Request' is missing the following properties from type 'NextRequest': cookies, nextUrl, page, ua, [INTERNALS]
app/api/dashboard/charts/route.ts(82,15): error TS2353: Object literal may only specify known properties, and 'amountCents' does not exist in type 'InvoiceSelect<DefaultArgs>'.
app/api/dashboard/charts/route.ts(100,42): error TS2339: Property 'amountCents' does not exist on type '{ metadata: JsonValue; status: string; id: string; organizationId: string; createdAt: Date; updatedAt: Date; amount: Decimal; currency: string; paidAt: Date | null; subscriptionId: string | null; dueDate: Date; }'.
app/api/dashboard/charts/route.ts(177,32): error TS2353: Object literal may only specify known properties, and 'messageCount' does not exist in type 'ConversationSelect<DefaultArgs>'.
app/api/dashboard/charts/route.ts(182,7): error TS2561: Object literal may only specify known properties, but 'conversation' does not exist in type 'MessageWhereInput'. Did you mean to write 'conversationId'?
app/api/dashboard/funil-por-etapa/route.ts(4,15): error TS2305: Module '"@/types/dashboard"' has no exported member 'FunilPorEtapaData'.
app/api/dashboard/funil-por-etapa/route.ts(46,18): error TS2353: Object literal may only specify known properties, and 'order' does not exist in type 'PipelineStageOrderByWithRelationInput | PipelineStageOrderByWithRelationInput[]'.
app/api/dashboard/funil-por-etapa/route.ts(50,13): error TS2353: Object literal may only specify known properties, and 'contacts' does not exist in type 'PipelineStageCountOutputTypeSelect<DefaultArgs>'.
app/api/dashboard/funil-por-etapa/route.ts(78,32): error TS2339: Property 'contacts' does not exist on type '{ id: string; organizationId: string | null; createdAt: Date | null; updatedAt: Date | null; name: string; pipelineId: string | null; color: string | null; position: number; probability: number | null; isDefault: boolean | null; isClosed: boolean | null; }'.
app/api/dashboard/funil-por-etapa/route.ts(78,49): error TS7006: Parameter 'sum' implicitly has an 'any' type.
app/api/dashboard/funil-por-etapa/route.ts(78,54): error TS7006: Parameter 'contact' implicitly has an 'any' type.
app/api/dashboard/funil-por-etapa/route.ts(86,27): error TS2339: Property '_count' does not exist on type '{ id: string; organizationId: string | null; createdAt: Date | null; updatedAt: Date | null; name: string; pipelineId: string | null; color: string | null; position: number; probability: number | null; isDefault: boolean | null; isClosed: boolean | null; }'.
app/api/dashboard/funil-por-etapa/route.ts(89,22): error TS2339: Property 'order' does not exist on type '{ id: string; organizationId: string | null; createdAt: Date | null; updatedAt: Date | null; name: string; pipelineId: string | null; color: string | null; position: number; probability: number | null; isDefault: boolean | null; isClosed: boolean | null; }'.
app/api/dashboard/funnel/__tests__/route.test.ts(37,32): error TS2345: Argument of type 'Request' is not assignable to parameter of type 'NextRequest'.
  Type 'Request' is missing the following properties from type 'NextRequest': cookies, nextUrl, page, ua, [INTERNALS]
app/api/dashboard/funnel/__tests__/route.test.ts(46,55): error TS2345: Argument of type '{ userId: string; email: string; name: null; organizationId: null; }' is not assignable to parameter of type 'AuthResult'.
  Type '{ userId: string; email: string; name: null; organizationId: null; }' is missing the following properties from type 'AuthResult': productId, setupComplete
app/api/dashboard/funnel/__tests__/route.test.ts(49,32): error TS2345: Argument of type 'Request' is not assignable to parameter of type 'NextRequest'.
  Type 'Request' is missing the following properties from type 'NextRequest': cookies, nextUrl, page, ua, [INTERNALS]
app/api/dashboard/funnel/__tests__/route.test.ts(58,55): error TS2345: Argument of type '{ userId: string; email: string; name: null; organizationId: string; }' is not assignable to parameter of type 'AuthResult'.
  Type '{ userId: string; email: string; name: null; organizationId: string; }' is missing the following properties from type 'AuthResult': productId, setupComplete
app/api/dashboard/funnel/__tests__/route.test.ts(73,32): error TS2345: Argument of type 'Request' is not assignable to parameter of type 'NextRequest'.
  Type 'Request' is missing the following properties from type 'NextRequest': cookies, nextUrl, page, ua, [INTERNALS]
app/api/dashboard/funnel/__tests__/route.test.ts(83,55): error TS2345: Argument of type '{ userId: string; email: string; name: null; organizationId: string; }' is not assignable to parameter of type 'AuthResult'.
  Type '{ userId: string; email: string; name: null; organizationId: string; }' is missing the following properties from type 'AuthResult': productId, setupComplete
app/api/dashboard/funnel/__tests__/route.test.ts(86,32): error TS2345: Argument of type 'Request' is not assignable to parameter of type 'NextRequest'.
  Type 'Request' is missing the following properties from type 'NextRequest': cookies, nextUrl, page, ua, [INTERNALS]
app/api/dashboard/funnel/__tests__/route.test.ts(95,55): error TS2345: Argument of type '{ userId: string; email: string; name: null; organizationId: string; }' is not assignable to parameter of type 'AuthResult'.
  Type '{ userId: string; email: string; name: null; organizationId: string; }' is missing the following properties from type 'AuthResult': productId, setupComplete
app/api/dashboard/funnel/__tests__/route.test.ts(99,32): error TS2345: Argument of type 'Request' is not assignable to parameter of type 'NextRequest'.
  Type 'Request' is missing the following properties from type 'NextRequest': cookies, nextUrl, page, ua, [INTERNALS]
app/api/dashboard/funnel/__tests__/route.test.ts(108,55): error TS2345: Argument of type '{ userId: string; email: string; name: null; organizationId: string; }' is not assignable to parameter of type 'AuthResult'.
  Type '{ userId: string; email: string; name: null; organizationId: string; }' is missing the following properties from type 'AuthResult': productId, setupComplete
app/api/dashboard/funnel/__tests__/route.test.ts(118,15): error TS2345: Argument of type 'Request' is not assignable to parameter of type 'NextRequest'.
  Type 'Request' is missing the following properties from type 'NextRequest': cookies, nextUrl, page, ua, [INTERNALS]
app/api/dashboard/health-score/__tests__/route.test.ts(37,32): error TS2345: Argument of type 'Request' is not assignable to parameter of type 'NextRequest'.
  Type 'Request' is missing the following properties from type 'NextRequest': cookies, nextUrl, page, ua, [INTERNALS]
app/api/dashboard/health-score/__tests__/route.test.ts(46,55): error TS2345: Argument of type '{ userId: string; email: string; name: null; organizationId: null; }' is not assignable to parameter of type 'AuthResult'.
  Type '{ userId: string; email: string; name: null; organizationId: null; }' is missing the following properties from type 'AuthResult': productId, setupComplete
app/api/dashboard/health-score/__tests__/route.test.ts(49,32): error TS2345: Argument of type 'Request' is not assignable to parameter of type 'NextRequest'.
  Type 'Request' is missing the following properties from type 'NextRequest': cookies, nextUrl, page, ua, [INTERNALS]
app/api/dashboard/health-score/__tests__/route.test.ts(58,55): error TS2345: Argument of type '{ userId: string; email: string; name: null; organizationId: string; }' is not assignable to parameter of type 'AuthResult'.
  Type '{ userId: string; email: string; name: null; organizationId: string; }' is missing the following properties from type 'AuthResult': productId, setupComplete
app/api/dashboard/health-score/__tests__/route.test.ts(74,32): error TS2345: Argument of type 'Request' is not assignable to parameter of type 'NextRequest'.
  Type 'Request' is missing the following properties from type 'NextRequest': cookies, nextUrl, page, ua, [INTERNALS]
app/api/dashboard/health-score/__tests__/route.test.ts(84,55): error TS2345: Argument of type '{ userId: string; email: string; name: null; organizationId: string; }' is not assignable to parameter of type 'AuthResult'.
  Type '{ userId: string; email: string; name: null; organizationId: string; }' is missing the following properties from type 'AuthResult': productId, setupComplete
app/api/dashboard/health-score/__tests__/route.test.ts(87,32): error TS2345: Argument of type 'Request' is not assignable to parameter of type 'NextRequest'.
  Type 'Request' is missing the following properties from type 'NextRequest': cookies, nextUrl, page, ua, [INTERNALS]
app/api/dashboard/health-score/__tests__/route.test.ts(96,55): error TS2345: Argument of type '{ userId: string; email: string; name: null; organizationId: string; }' is not assignable to parameter of type 'AuthResult'.
  Type '{ userId: string; email: string; name: null; organizationId: string; }' is missing the following properties from type 'AuthResult': productId, setupComplete
app/api/dashboard/health-score/__tests__/route.test.ts(100,32): error TS2345: Argument of type 'Request' is not assignable to parameter of type 'NextRequest'.
  Type 'Request' is missing the following properties from type 'NextRequest': cookies, nextUrl, page, ua, [INTERNALS]
app/api/dashboard/health-score/__tests__/route.test.ts(109,55): error TS2345: Argument of type '{ userId: string; email: string; name: null; organizationId: string; }' is not assignable to parameter of type 'AuthResult'.
  Type '{ userId: string; email: string; name: null; organizationId: string; }' is missing the following properties from type 'AuthResult': productId, setupComplete
app/api/dashboard/health-score/__tests__/route.test.ts(125,15): error TS2345: Argument of type 'Request' is not assignable to parameter of type 'NextRequest'.
  Type 'Request' is missing the following properties from type 'NextRequest': cookies, nextUrl, page, ua, [INTERNALS]
app/api/dashboard/health-score/__tests__/route.test.ts(135,57): error TS2345: Argument of type '{ userId: string; email: string; name: null; organizationId: string; }' is not assignable to parameter of type 'AuthResult'.
  Type '{ userId: string; email: string; name: null; organizationId: string; }' is missing the following properties from type 'AuthResult': productId, setupComplete
app/api/dashboard/health-score/__tests__/route.test.ts(149,34): error TS2345: Argument of type 'Request' is not assignable to parameter of type 'NextRequest'.
  Type 'Request' is missing the following properties from type 'NextRequest': cookies, nextUrl, page, ua, [INTERNALS]
app/api/dashboard/kpis/__tests__/route.test.ts(37,32): error TS2345: Argument of type 'Request' is not assignable to parameter of type 'NextRequest'.
  Type 'Request' is missing the following properties from type 'NextRequest': cookies, nextUrl, page, ua, [INTERNALS]
app/api/dashboard/kpis/__tests__/route.test.ts(46,55): error TS2345: Argument of type '{ userId: string; email: string; name: null; organizationId: null; }' is not assignable to parameter of type 'AuthResult'.
  Type '{ userId: string; email: string; name: null; organizationId: null; }' is missing the following properties from type 'AuthResult': productId, setupComplete
app/api/dashboard/kpis/__tests__/route.test.ts(49,32): error TS2345: Argument of type 'Request' is not assignable to parameter of type 'NextRequest'.
  Type 'Request' is missing the following properties from type 'NextRequest': cookies, nextUrl, page, ua, [INTERNALS]
app/api/dashboard/kpis/__tests__/route.test.ts(58,55): error TS2345: Argument of type '{ userId: string; email: string; name: null; organizationId: string; }' is not assignable to parameter of type 'AuthResult'.
  Type '{ userId: string; email: string; name: null; organizationId: string; }' is missing the following properties from type 'AuthResult': productId, setupComplete
app/api/dashboard/kpis/__tests__/route.test.ts(71,32): error TS2345: Argument of type 'Request' is not assignable to parameter of type 'NextRequest'.
  Type 'Request' is missing the following properties from type 'NextRequest': cookies, nextUrl, page, ua, [INTERNALS]
app/api/dashboard/kpis/__tests__/route.test.ts(82,55): error TS2345: Argument of type '{ userId: string; email: string; name: null; organizationId: string; }' is not assignable to parameter of type 'AuthResult'.
  Type '{ userId: string; email: string; name: null; organizationId: string; }' is missing the following properties from type 'AuthResult': productId, setupComplete
app/api/dashboard/kpis/__tests__/route.test.ts(85,32): error TS2345: Argument of type 'Request' is not assignable to parameter of type 'NextRequest'.
  Type 'Request' is missing the following properties from type 'NextRequest': cookies, nextUrl, page, ua, [INTERNALS]
app/api/dashboard/kpis/__tests__/route.test.ts(94,55): error TS2345: Argument of type '{ userId: string; email: string; name: null; organizationId: string; }' is not assignable to parameter of type 'AuthResult'.
  Type '{ userId: string; email: string; name: null; organizationId: string; }' is missing the following properties from type 'AuthResult': productId, setupComplete
app/api/dashboard/kpis/__tests__/route.test.ts(98,32): error TS2345: Argument of type 'Request' is not assignable to parameter of type 'NextRequest'.
  Type 'Request' is missing the following properties from type 'NextRequest': cookies, nextUrl, page, ua, [INTERNALS]
app/api/dashboard/kpis/__tests__/route.test.ts(107,55): error TS2345: Argument of type '{ userId: string; email: string; name: null; organizationId: string; }' is not assignable to parameter of type 'AuthResult'.
  Type '{ userId: string; email: string; name: null; organizationId: string; }' is missing the following properties from type 'AuthResult': productId, setupComplete
app/api/dashboard/kpis/__tests__/route.test.ts(120,15): error TS2345: Argument of type 'Request' is not assignable to parameter of type 'NextRequest'.
  Type 'Request' is missing the following properties from type 'NextRequest': cookies, nextUrl, page, ua, [INTERNALS]
app/api/dashboard/kpis/__tests__/route.test.ts(126,55): error TS2345: Argument of type '{ userId: string; email: string; name: null; organizationId: string; }' is not assignable to parameter of type 'AuthResult'.
  Type '{ userId: string; email: string; name: null; organizationId: string; }' is missing the following properties from type 'AuthResult': productId, setupComplete
app/api/dashboard/kpis/__tests__/route.test.ts(139,32): error TS2345: Argument of type 'Request' is not assignable to parameter of type 'NextRequest'.
  Type 'Request' is missing the following properties from type 'NextRequest': cookies, nextUrl, page, ua, [INTERNALS]
app/api/dashboard/kpis/__tests__/route.test.ts(160,57): error TS2345: Argument of type '{ userId: string; email: string; name: null; organizationId: string; }' is not assignable to parameter of type 'AuthResult'.
  Type '{ userId: string; email: string; name: null; organizationId: string; }' is missing the following properties from type 'AuthResult': productId, setupComplete
app/api/dashboard/kpis/__tests__/route.test.ts(164,34): error TS2345: Argument of type 'Request' is not assignable to parameter of type 'NextRequest'.
  Type 'Request' is missing the following properties from type 'NextRequest': cookies, nextUrl, page, ua, [INTERNALS]
app/api/dashboard/lost-deals/__tests__/route.test.ts(37,32): error TS2345: Argument of type 'Request' is not assignable to parameter of type 'NextRequest'.
  Type 'Request' is missing the following properties from type 'NextRequest': cookies, nextUrl, page, ua, [INTERNALS]
app/api/dashboard/lost-deals/__tests__/route.test.ts(46,55): error TS2345: Argument of type '{ userId: string; email: string; name: null; organizationId: null; }' is not assignable to parameter of type 'AuthResult'.
  Type '{ userId: string; email: string; name: null; organizationId: null; }' is missing the following properties from type 'AuthResult': productId, setupComplete
app/api/dashboard/lost-deals/__tests__/route.test.ts(49,32): error TS2345: Argument of type 'Request' is not assignable to parameter of type 'NextRequest'.
  Type 'Request' is missing the following properties from type 'NextRequest': cookies, nextUrl, page, ua, [INTERNALS]
app/api/dashboard/lost-deals/__tests__/route.test.ts(58,55): error TS2345: Argument of type '{ userId: string; email: string; name: null; organizationId: string; }' is not assignable to parameter of type 'AuthResult'.
  Type '{ userId: string; email: string; name: null; organizationId: string; }' is missing the following properties from type 'AuthResult': productId, setupComplete
app/api/dashboard/lost-deals/__tests__/route.test.ts(74,68): error TS2345: Argument of type '{ id: string; title: string; contactName: string; value: number; lostAt: string; lostReason: string; daysSinceLost: number; recoveryScore: number; lastActivity: string; }[]' is not assignable to parameter of type 'RecoverableDeal[]'.
  Type '{ id: string; title: string; contactName: string; value: number; lostAt: string; lostReason: string; daysSinceLost: number; recoveryScore: number; lastActivity: string; }' is not assignable to type 'RecoverableDeal'.
    Types of property 'lostAt' are incompatible.
      Type 'string' is not assignable to type 'Date'.
app/api/dashboard/lost-deals/__tests__/route.test.ts(77,32): error TS2345: Argument of type 'Request' is not assignable to parameter of type 'NextRequest'.
  Type 'Request' is missing the following properties from type 'NextRequest': cookies, nextUrl, page, ua, [INTERNALS]
app/api/dashboard/lost-deals/__tests__/route.test.ts(87,55): error TS2345: Argument of type '{ userId: string; email: string; name: null; organizationId: string; }' is not assignable to parameter of type 'AuthResult'.
  Type '{ userId: string; email: string; name: null; organizationId: string; }' is missing the following properties from type 'AuthResult': productId, setupComplete
app/api/dashboard/lost-deals/__tests__/route.test.ts(90,32): error TS2345: Argument of type 'Request' is not assignable to parameter of type 'NextRequest'.
  Type 'Request' is missing the following properties from type 'NextRequest': cookies, nextUrl, page, ua, [INTERNALS]
app/api/dashboard/lost-deals/__tests__/route.test.ts(99,55): error TS2345: Argument of type '{ userId: string; email: string; name: null; organizationId: string; }' is not assignable to parameter of type 'AuthResult'.
  Type '{ userId: string; email: string; name: null; organizationId: string; }' is missing the following properties from type 'AuthResult': productId, setupComplete
app/api/dashboard/lost-deals/__tests__/route.test.ts(102,32): error TS2345: Argument of type 'Request' is not assignable to parameter of type 'NextRequest'.
  Type 'Request' is missing the following properties from type 'NextRequest': cookies, nextUrl, page, ua, [INTERNALS]
app/api/dashboard/lost-deals/__tests__/route.test.ts(111,55): error TS2345: Argument of type '{ userId: string; email: string; name: null; organizationId: string; }' is not assignable to parameter of type 'AuthResult'.
  Type '{ userId: string; email: string; name: null; organizationId: string; }' is missing the following properties from type 'AuthResult': productId, setupComplete
app/api/dashboard/lost-deals/__tests__/route.test.ts(115,32): error TS2345: Argument of type 'Request' is not assignable to parameter of type 'NextRequest'.
  Type 'Request' is missing the following properties from type 'NextRequest': cookies, nextUrl, page, ua, [INTERNALS]
app/api/dashboard/lost-deals/__tests__/route.test.ts(124,55): error TS2345: Argument of type '{ userId: string; email: string; name: null; organizationId: string; }' is not assignable to parameter of type 'AuthResult'.
  Type '{ userId: string; email: string; name: null; organizationId: string; }' is missing the following properties from type 'AuthResult': productId, setupComplete
app/api/dashboard/lost-deals/__tests__/route.test.ts(129,15): error TS2345: Argument of type 'Request' is not assignable to parameter of type 'NextRequest'.
  Type 'Request' is missing the following properties from type 'NextRequest': cookies, nextUrl, page, ua, [INTERNALS]
app/api/dashboard/lost-reasons/__tests__/route.test.ts(37,32): error TS2345: Argument of type 'Request' is not assignable to parameter of type 'NextRequest'.
  Type 'Request' is missing the following properties from type 'NextRequest': cookies, nextUrl, page, ua, [INTERNALS]
app/api/dashboard/lost-reasons/__tests__/route.test.ts(46,55): error TS2345: Argument of type '{ userId: string; email: string; name: null; organizationId: null; }' is not assignable to parameter of type 'AuthResult'.
  Type '{ userId: string; email: string; name: null; organizationId: null; }' is missing the following properties from type 'AuthResult': productId, setupComplete
app/api/dashboard/lost-reasons/__tests__/route.test.ts(49,32): error TS2345: Argument of type 'Request' is not assignable to parameter of type 'NextRequest'.
  Type 'Request' is missing the following properties from type 'NextRequest': cookies, nextUrl, page, ua, [INTERNALS]
app/api/dashboard/lost-reasons/__tests__/route.test.ts(58,55): error TS2345: Argument of type '{ userId: string; email: string; name: null; organizationId: string; }' is not assignable to parameter of type 'AuthResult'.
  Type '{ userId: string; email: string; name: null; organizationId: string; }' is missing the following properties from type 'AuthResult': productId, setupComplete
app/api/dashboard/lost-reasons/__tests__/route.test.ts(80,32): error TS2345: Argument of type 'Request' is not assignable to parameter of type 'NextRequest'.
  Type 'Request' is missing the following properties from type 'NextRequest': cookies, nextUrl, page, ua, [INTERNALS]
app/api/dashboard/lost-reasons/__tests__/route.test.ts(90,55): error TS2345: Argument of type '{ userId: string; email: string; name: null; organizationId: string; }' is not assignable to parameter of type 'AuthResult'.
  Type '{ userId: string; email: string; name: null; organizationId: string; }' is missing the following properties from type 'AuthResult': productId, setupComplete
app/api/dashboard/lost-reasons/__tests__/route.test.ts(93,32): error TS2345: Argument of type 'Request' is not assignable to parameter of type 'NextRequest'.
  Type 'Request' is missing the following properties from type 'NextRequest': cookies, nextUrl, page, ua, [INTERNALS]
app/api/dashboard/lost-reasons/__tests__/route.test.ts(102,55): error TS2345: Argument of type '{ userId: string; email: string; name: null; organizationId: string; }' is not assignable to parameter of type 'AuthResult'.
  Type '{ userId: string; email: string; name: null; organizationId: string; }' is missing the following properties from type 'AuthResult': productId, setupComplete
app/api/dashboard/lost-reasons/__tests__/route.test.ts(106,32): error TS2345: Argument of type 'Request' is not assignable to parameter of type 'NextRequest'.
  Type 'Request' is missing the following properties from type 'NextRequest': cookies, nextUrl, page, ua, [INTERNALS]
app/api/dashboard/lost-reasons/__tests__/route.test.ts(115,55): error TS2345: Argument of type '{ userId: string; email: string; name: null; organizationId: string; }' is not assignable to parameter of type 'AuthResult'.
  Type '{ userId: string; email: string; name: null; organizationId: string; }' is missing the following properties from type 'AuthResult': productId, setupComplete
app/api/dashboard/lost-reasons/__tests__/route.test.ts(120,15): error TS2345: Argument of type 'Request' is not assignable to parameter of type 'NextRequest'.
  Type 'Request' is missing the following properties from type 'NextRequest': cookies, nextUrl, page, ua, [INTERNALS]
app/api/dashboard/metrics/route.ts(78,9): error TS2353: Object literal may only specify known properties, and 'windowEnd' does not exist in type 'ConversationWhereInput'.
app/api/dashboard/metrics/route.ts(85,9): error TS2561: Object literal may only specify known properties, but 'conversation' does not exist in type 'MessageWhereInput'. Did you mean to write 'conversationId'?
app/api/dashboard/metrics/route.ts(143,17): error TS2353: Object literal may only specify known properties, and 'amountCents' does not exist in type 'InvoiceSelect<DefaultArgs>'.
app/api/dashboard/metrics/route.ts(155,17): error TS2353: Object literal may only specify known properties, and 'amountCents' does not exist in type 'InvoiceSelect<DefaultArgs>'.
app/api/dashboard/metrics/route.ts(158,75): error TS2339: Property 'amountCents' does not exist on type '{ metadata: JsonValue; status: string; id: string; organizationId: string; createdAt: Date; updatedAt: Date; amount: Decimal; currency: string; paidAt: Date | null; subscriptionId: string | null; dueDate: Date; }'.
app/api/dashboard/metrics/route.ts(159,79): error TS2339: Property 'amountCents' does not exist on type '{ metadata: JsonValue; status: string; id: string; organizationId: string; createdAt: Date; updatedAt: Date; amount: Decimal; currency: string; paidAt: Date | null; subscriptionId: string | null; dueDate: Date; }'.
app/api/dashboard/metrics/route.ts(169,9): error TS2820: Type '"active"' is not assignable to type 'SubscriptionStatus | EnumSubscriptionStatusFilter<"Subscription"> | undefined'. Did you mean '"ACTIVE"'?
app/api/dashboard/metrics/route.ts(175,25): error TS2339: Property 'plan' does not exist on type '{ status: SubscriptionStatus; id: string; organizationId: string; createdAt: Date; updatedAt: Date; planId: string; currentPeriodStart: Date; currentPeriodEnd: Date; trial_ends_at: Date | null; cancelled_at: Date | null; }'.
app/api/dashboard/metrics/route.ts(185,9): error TS2820: Type '"canceled"' is not assignable to type 'SubscriptionStatus | EnumSubscriptionStatusFilter<"Subscription"> | undefined'. Did you mean '"CANCELLED"'?
app/api/dashboard/revenue/__tests__/route.test.ts(37,32): error TS2345: Argument of type 'Request' is not assignable to parameter of type 'NextRequest'.
  Type 'Request' is missing the following properties from type 'NextRequest': cookies, nextUrl, page, ua, [INTERNALS]
app/api/dashboard/revenue/__tests__/route.test.ts(46,55): error TS2345: Argument of type '{ userId: string; email: string; name: null; organizationId: null; }' is not assignable to parameter of type 'AuthResult'.
  Type '{ userId: string; email: string; name: null; organizationId: null; }' is missing the following properties from type 'AuthResult': productId, setupComplete
app/api/dashboard/revenue/__tests__/route.test.ts(49,32): error TS2345: Argument of type 'Request' is not assignable to parameter of type 'NextRequest'.
  Type 'Request' is missing the following properties from type 'NextRequest': cookies, nextUrl, page, ua, [INTERNALS]
app/api/dashboard/revenue/__tests__/route.test.ts(58,55): error TS2345: Argument of type '{ userId: string; email: string; name: null; organizationId: string; }' is not assignable to parameter of type 'AuthResult'.
  Type '{ userId: string; email: string; name: null; organizationId: string; }' is missing the following properties from type 'AuthResult': productId, setupComplete
app/api/dashboard/revenue/__tests__/route.test.ts(84,32): error TS2345: Argument of type 'Request' is not assignable to parameter of type 'NextRequest'.
  Type 'Request' is missing the following properties from type 'NextRequest': cookies, nextUrl, page, ua, [INTERNALS]
app/api/dashboard/revenue/__tests__/route.test.ts(94,55): error TS2345: Argument of type '{ userId: string; email: string; name: null; organizationId: string; }' is not assignable to parameter of type 'AuthResult'.
  Type '{ userId: string; email: string; name: null; organizationId: string; }' is missing the following properties from type 'AuthResult': productId, setupComplete
app/api/dashboard/revenue/__tests__/route.test.ts(97,32): error TS2345: Argument of type 'Request' is not assignable to parameter of type 'NextRequest'.
  Type 'Request' is missing the following properties from type 'NextRequest': cookies, nextUrl, page, ua, [INTERNALS]
app/api/dashboard/revenue/__tests__/route.test.ts(106,55): error TS2345: Argument of type '{ userId: string; email: string; name: null; organizationId: string; }' is not assignable to parameter of type 'AuthResult'.
  Type '{ userId: string; email: string; name: null; organizationId: string; }' is missing the following properties from type 'AuthResult': productId, setupComplete
app/api/dashboard/revenue/__tests__/route.test.ts(109,32): error TS2345: Argument of type 'Request' is not assignable to parameter of type 'NextRequest'.
  Type 'Request' is missing the following properties from type 'NextRequest': cookies, nextUrl, page, ua, [INTERNALS]
app/api/dashboard/revenue/__tests__/route.test.ts(118,55): error TS2345: Argument of type '{ userId: string; email: string; name: null; organizationId: string; }' is not assignable to parameter of type 'AuthResult'.
  Type '{ userId: string; email: string; name: null; organizationId: string; }' is missing the following properties from type 'AuthResult': productId, setupComplete
app/api/dashboard/revenue/__tests__/route.test.ts(122,32): error TS2345: Argument of type 'Request' is not assignable to parameter of type 'NextRequest'.
  Type 'Request' is missing the following properties from type 'NextRequest': cookies, nextUrl, page, ua, [INTERNALS]
app/api/dashboard/revenue/__tests__/route.test.ts(131,55): error TS2345: Argument of type '{ userId: string; email: string; name: null; organizationId: string; }' is not assignable to parameter of type 'AuthResult'.
  Type '{ userId: string; email: string; name: null; organizationId: string; }' is missing the following properties from type 'AuthResult': productId, setupComplete
app/api/dashboard/revenue/__tests__/route.test.ts(136,15): error TS2345: Argument of type 'Request' is not assignable to parameter of type 'NextRequest'.
  Type 'Request' is missing the following properties from type 'NextRequest': cookies, nextUrl, page, ua, [INTERNALS]
app/api/evolution/webhook/route.ts(194,48): error TS2339: Property 'text' does not exist on type '{}'.
app/api/evolution/webhook/route.ts(195,47): error TS2339: Property 'text' does not exist on type '{}'.
app/api/evolution/webhook/route.ts(196,41): error TS2339: Property 'caption' does not exist on type '{}'.
app/api/evolution/webhook/route.ts(197,52): error TS2339: Property 'caption' does not exist on type '{}'.
app/api/evolution/webhook/route.ts(203,58): error TS2339: Property 'title' does not exist on type '{}'.
app/api/form-submissions/[id]/cancel/route.ts(24,35): error TS2339: Property 'pendingFormDelivery' does not exist on type 'PrismaClient<PrismaClientOptions, never, DefaultArgs>'.
app/api/form-submissions/[id]/cancel/route.ts(60,18): error TS2339: Property 'pendingFormDelivery' does not exist on type 'PrismaClient<PrismaClientOptions, never, DefaultArgs>'.
app/api/form-submissions/[id]/reprocess/route.ts(25,43): error TS2339: Property 'pendingFormDelivery' does not exist on type 'PrismaClient<PrismaClientOptions, never, DefaultArgs>'.
app/api/form-submissions/[id]/reprocess/route.ts(68,38): error TS2339: Property 'pendingFormDelivery' does not exist on type 'PrismaClient<PrismaClientOptions, never, DefaultArgs>'.
app/api/form-submissions/history/route.ts(8,10): error TS2305: Module '"@prisma/client"' has no exported member 'PendingFormDeliveryStatus'.
app/api/form-submissions/history/route.ts(59,14): error TS2339: Property 'pendingFormDelivery' does not exist on type 'PrismaClient<PrismaClientOptions, never, DefaultArgs>'.
app/api/form-submissions/history/route.ts(73,14): error TS2339: Property 'pendingFormDelivery' does not exist on type 'PrismaClient<PrismaClientOptions, never, DefaultArgs>'.
app/api/form-submissions/history/route.ts(77,49): error TS7006: Parameter 'd' implicitly has an 'any' type.
app/api/form-submissions/pending/route.ts(40,14): error TS2339: Property 'pendingFormDelivery' does not exist on type 'PrismaClient<PrismaClientOptions, never, DefaultArgs>'.
app/api/form-submissions/pending/route.ts(54,14): error TS2339: Property 'pendingFormDelivery' does not exist on type 'PrismaClient<PrismaClientOptions, never, DefaultArgs>'.
app/api/form-submissions/pending/route.ts(58,49): error TS7006: Parameter 'd' implicitly has an 'any' type.
app/api/form-submissions/stats/route.ts(8,10): error TS2305: Module '"@prisma/client"' has no exported member 'PendingFormDeliveryStatus'.
app/api/form-submissions/stats/route.ts(40,14): error TS2339: Property 'pendingFormDelivery' does not exist on type 'PrismaClient<PrismaClientOptions, never, DefaultArgs>'.
app/api/form-submissions/stats/route.ts(48,14): error TS2339: Property 'pendingFormDelivery' does not exist on type 'PrismaClient<PrismaClientOptions, never, DefaultArgs>'.
app/api/form-submissions/stats/route.ts(58,14): error TS2339: Property 'pendingFormDelivery' does not exist on type 'PrismaClient<PrismaClientOptions, never, DefaultArgs>'.
app/api/form-submissions/stats/route.ts(67,14): error TS2339: Property 'pendingFormDelivery' does not exist on type 'PrismaClient<PrismaClientOptions, never, DefaultArgs>'.
app/api/form-submissions/stats/route.ts(76,14): error TS2339: Property 'pendingFormDelivery' does not exist on type 'PrismaClient<PrismaClientOptions, never, DefaultArgs>'.
app/api/form-submissions/stats/route.ts(85,41): error TS2339: Property 'pendingFormDelivery' does not exist on type 'PrismaClient<PrismaClientOptions, never, DefaultArgs>'.
app/api/form-submissions/stats/route.ts(100,39): error TS2339: Property 'pendingFormDelivery' does not exist on type 'PrismaClient<PrismaClientOptions, never, DefaultArgs>'.
app/api/instagram/auth/callback/route.ts(252,33): error TS2339: Property 'instagramInstance' does not exist on type 'PrismaClient<PrismaClientOptions, never, DefaultArgs>'.
app/api/instagram/insights/route.ts(24,35): error TS2339: Property 'instagramInstance' does not exist on type 'PrismaClient<PrismaClientOptions, never, DefaultArgs>'.
app/api/instagram/instances/[id]/route.ts(16,35): error TS2339: Property 'instagramInstance' does not exist on type 'PrismaClient<PrismaClientOptions, never, DefaultArgs>'.
app/api/instagram/instances/[id]/route.ts(65,18): error TS2339: Property 'instagramInstance' does not exist on type 'PrismaClient<PrismaClientOptions, never, DefaultArgs>'.
app/api/instagram/instances/[id]/route.ts(96,35): error TS2339: Property 'instagramInstance' does not exist on type 'PrismaClient<PrismaClientOptions, never, DefaultArgs>'.
app/api/instagram/instances/route.ts(13,36): error TS2339: Property 'instagramInstance' does not exist on type 'PrismaClient<PrismaClientOptions, never, DefaultArgs>'.
app/api/instagram/logs/route.ts(20,14): error TS2339: Property 'instagramLog' does not exist on type 'PrismaClient<PrismaClientOptions, never, DefaultArgs>'.
app/api/instagram/logs/route.ts(33,14): error TS2339: Property 'instagramLog' does not exist on type 'PrismaClient<PrismaClientOptions, never, DefaultArgs>'.
app/api/instagram/logs/route.ts(75,30): error TS2339: Property 'instagramLog' does not exist on type 'PrismaClient<PrismaClientOptions, never, DefaultArgs>'.
app/api/instagram/media/route.ts(25,35): error TS2339: Property 'instagramInstance' does not exist on type 'PrismaClient<PrismaClientOptions, never, DefaultArgs>'.
app/api/instagram/messages/send/route.ts(29,35): error TS2339: Property 'instagramInstance' does not exist on type 'PrismaClient<PrismaClientOptions, never, DefaultArgs>'.
app/api/instagram/messages/send/route.ts(61,9): error TS2353: Object literal may only specify known properties, and 'organizationId_externalId_channel' does not exist in type 'ContactWhereUniqueInput'.
app/api/instagram/messages/send/route.ts(67,17): error TS2353: Object literal may only specify known properties, and 'lastActivityAt' does not exist in type '(Without<ContactUpdateInput, ContactUncheckedUpdateInput> & ContactUncheckedUpdateInput) | (Without<...> & ContactUpdateInput)'.
app/api/instagram/messages/send/route.ts(70,9): error TS2353: Object literal may only specify known properties, and 'externalId' does not exist in type '(Without<ContactCreateInput, ContactUncheckedCreateInput> & ContactUncheckedCreateInput) | (Without<...> & ContactCreateInput)'.
app/api/instagram/messages/send/route.ts(80,9): error TS2353: Object literal may only specify known properties, and 'contactId_channel' does not exist in type 'ConversationWhereUniqueInput'.
app/api/instagram/messages/send/route.ts(86,9): error TS2353: Object literal may only specify known properties, and 'lastMessageAt' does not exist in type '(Without<ConversationUpdateInput, ConversationUncheckedUpdateInput> & ConversationUncheckedUpdateInput) | (Without<...> & ConversationUpdateInput)'.
app/api/instagram/messages/send/route.ts(91,9): error TS2353: Object literal may only specify known properties, and 'channel' does not exist in type 'Without<ConversationCreateInput, ConversationUncheckedCreateInput> & ConversationUncheckedCreateInput'.
app/api/instagram/messages/send/route.ts(111,9): error TS2353: Object literal may only specify known properties, and 'type' does not exist in type '(Without<MessageCreateInput, MessageUncheckedCreateInput> & MessageUncheckedCreateInput) | (Without<...> & MessageCreateInput)'.
app/api/instagram/webhooks/route.ts(117,11): error TS2322: Type '"INSTAGRAM"' is not assignable to type 'ActivityType'.
app/api/instagram/webhooks/route.ts(130,40): error TS2345: Argument of type 'number | null' is not assignable to parameter of type 'number'.
  Type 'null' is not assignable to type 'number'.
app/api/instagram/webhooks/route.ts(176,35): error TS2339: Property 'instagramInstance' does not exist on type 'PrismaClient<PrismaClientOptions, never, DefaultArgs>'.
app/api/instagram/webhooks/route.ts(188,9): error TS2353: Object literal may only specify known properties, and 'organizationId_externalId_channel' does not exist in type 'ContactWhereUniqueInput'.
app/api/instagram/webhooks/route.ts(194,17): error TS2353: Object literal may only specify known properties, and 'lastActivityAt' does not exist in type '(Without<ContactUpdateInput, ContactUncheckedUpdateInput> & ContactUncheckedUpdateInput) | (Without<...> & ContactUpdateInput)'.
app/api/instagram/webhooks/route.ts(197,9): error TS2353: Object literal may only specify known properties, and 'externalId' does not exist in type '(Without<ContactCreateInput, ContactUncheckedCreateInput> & ContactUncheckedCreateInput) | (Without<...> & ContactCreateInput)'.
app/api/instagram/webhooks/route.ts(207,9): error TS2353: Object literal may only specify known properties, and 'contactId_channel' does not exist in type 'ConversationWhereUniqueInput'.
app/api/instagram/webhooks/route.ts(213,9): error TS2353: Object literal may only specify known properties, and 'lastMessageAt' does not exist in type '(Without<ConversationUpdateInput, ConversationUncheckedUpdateInput> & ConversationUncheckedUpdateInput) | (Without<...> & ConversationUpdateInput)'.
app/api/instagram/webhooks/route.ts(218,9): error TS2353: Object literal may only specify known properties, and 'channel' does not exist in type 'Without<ConversationCreateInput, ConversationUncheckedCreateInput> & ConversationUncheckedCreateInput'.
app/api/instagram/webhooks/route.ts(244,9): error TS2353: Object literal may only specify known properties, and 'type' does not exist in type '(Without<MessageCreateInput, MessageUncheckedCreateInput> & MessageUncheckedCreateInput) | (Without<...> & MessageCreateInput)'.
app/api/integrations/[id]/logs/route.ts(128,14): error TS2551: Property 'whatsappInstance' does not exist on type 'PrismaClient<PrismaClientOptions, never, DefaultArgs>'. Did you mean 'whatsAppInstance'?
app/api/integrations/[id]/logs/route.ts(132,14): error TS2339: Property 'instagramInstance' does not exist on type 'PrismaClient<PrismaClientOptions, never, DefaultArgs>'.
app/api/integrations/[id]/logs/route.ts(173,14): error TS2339: Property 'integrationActivityLog' does not exist on type 'PrismaClient<PrismaClientOptions, never, DefaultArgs>'.
app/api/integrations/[id]/logs/route.ts(179,14): error TS2339: Property 'integrationActivityLog' does not exist on type 'PrismaClient<PrismaClientOptions, never, DefaultArgs>'.
app/api/integrations/[id]/route.ts(216,43): error TS2551: Property 'whatsappInstance' does not exist on type 'PrismaClient<PrismaClientOptions, never, DefaultArgs>'. Did you mean 'whatsAppInstance'?
app/api/integrations/[id]/route.ts(246,44): error TS2339: Property 'instagramInstance' does not exist on type 'PrismaClient<PrismaClientOptions, never, DefaultArgs>'.
app/api/integrations/[id]/route.ts(299,43): error TS2551: Property 'whatsappInstance' does not exist on type 'PrismaClient<PrismaClientOptions, never, DefaultArgs>'. Did you mean 'whatsAppInstance'?
app/api/integrations/[id]/route.ts(310,36): error TS2551: Property 'whatsappInstance' does not exist on type 'PrismaClient<PrismaClientOptions, never, DefaultArgs>'. Did you mean 'whatsAppInstance'?
app/api/integrations/[id]/route.ts(316,20): error TS2339: Property 'integrationActivityLog' does not exist on type 'PrismaClient<PrismaClientOptions, never, DefaultArgs>'.
app/api/integrations/[id]/route.ts(353,44): error TS2339: Property 'instagramInstance' does not exist on type 'PrismaClient<PrismaClientOptions, never, DefaultArgs>'.
app/api/integrations/[id]/route.ts(364,36): error TS2339: Property 'instagramInstance' does not exist on type 'PrismaClient<PrismaClientOptions, never, DefaultArgs>'.
app/api/integrations/[id]/route.ts(370,20): error TS2339: Property 'integrationActivityLog' does not exist on type 'PrismaClient<PrismaClientOptions, never, DefaultArgs>'.
app/api/integrations/[id]/route.ts(437,43): error TS2551: Property 'whatsappInstance' does not exist on type 'PrismaClient<PrismaClientOptions, never, DefaultArgs>'. Did you mean 'whatsAppInstance'?
app/api/integrations/[id]/route.ts(443,20): error TS2339: Property 'integrationActivityLog' does not exist on type 'PrismaClient<PrismaClientOptions, never, DefaultArgs>'.
app/api/integrations/[id]/route.ts(455,20): error TS2551: Property 'whatsappInstance' does not exist on type 'PrismaClient<PrismaClientOptions, never, DefaultArgs>'. Did you mean 'whatsAppInstance'?
app/api/integrations/[id]/route.ts(466,44): error TS2339: Property 'instagramInstance' does not exist on type 'PrismaClient<PrismaClientOptions, never, DefaultArgs>'.
app/api/integrations/[id]/route.ts(472,20): error TS2339: Property 'integrationActivityLog' does not exist on type 'PrismaClient<PrismaClientOptions, never, DefaultArgs>'.
app/api/integrations/[id]/route.ts(484,20): error TS2339: Property 'instagramInstance' does not exist on type 'PrismaClient<PrismaClientOptions, never, DefaultArgs>'.
app/api/integrations/logs/route.ts(15,24): error TS2554: Expected 1 arguments, but got 0.
app/api/integrations/logs/route.ts(29,28): error TS2339: Property 'organization' does not exist on type 'SessionPayload | NextResponse<unknown>'.
  Property 'organization' does not exist on type 'SessionPayload'.
app/api/integrations/logs/route.ts(45,14): error TS2339: Property 'integrationActivityLog' does not exist on type 'PrismaClient<PrismaClientOptions, never, DefaultArgs>'.
app/api/integrations/logs/route.ts(51,14): error TS2339: Property 'integrationActivityLog' does not exist on type 'PrismaClient<PrismaClientOptions, never, DefaultArgs>'.
app/api/integrations/logs/route.ts(76,24): error TS2554: Expected 1 arguments, but got 0.
app/api/integrations/logs/route.ts(106,30): error TS2339: Property 'integrationActivityLog' does not exist on type 'PrismaClient<PrismaClientOptions, never, DefaultArgs>'.
app/api/integrations/logs/route.ts(108,30): error TS2339: Property 'organization' does not exist on type 'SessionPayload | NextResponse<unknown>'.
  Property 'organization' does not exist on type 'SessionPayload'.
app/api/integrations/logs/route.ts(145,24): error TS2554: Expected 1 arguments, but got 0.
app/api/integrations/logs/route.ts(152,33): error TS2339: Property 'integrationActivityLog' does not exist on type 'PrismaClient<PrismaClientOptions, never, DefaultArgs>'.
app/api/integrations/logs/route.ts(154,30): error TS2339: Property 'organization' does not exist on type 'SessionPayload | NextResponse<unknown>'.
  Property 'organization' does not exist on type 'SessionPayload'.
app/api/integrations/logs/stats/route.ts(12,24): error TS2554: Expected 1 arguments, but got 0.
app/api/integrations/logs/stats/route.ts(36,14): error TS2339: Property 'integrationActivityLog' does not exist on type 'PrismaClient<PrismaClientOptions, never, DefaultArgs>'.
app/api/integrations/logs/stats/route.ts(38,32): error TS2339: Property 'organization' does not exist on type 'SessionPayload | NextResponse<unknown>'.
  Property 'organization' does not exist on type 'SessionPayload'.
app/api/integrations/logs/stats/route.ts(44,14): error TS2339: Property 'integrationActivityLog' does not exist on type 'PrismaClient<PrismaClientOptions, never, DefaultArgs>'.
app/api/integrations/logs/stats/route.ts(47,32): error TS2339: Property 'organization' does not exist on type 'SessionPayload | NextResponse<unknown>'.
  Property 'organization' does not exist on type 'SessionPayload'.
app/api/integrations/logs/stats/route.ts(54,14): error TS2339: Property 'integrationActivityLog' does not exist on type 'PrismaClient<PrismaClientOptions, never, DefaultArgs>'.
app/api/integrations/logs/stats/route.ts(57,32): error TS2339: Property 'organization' does not exist on type 'SessionPayload | NextResponse<unknown>'.
  Property 'organization' does not exist on type 'SessionPayload'.
app/api/integrations/logs/stats/route.ts(64,14): error TS2339: Property 'integrationActivityLog' does not exist on type 'PrismaClient<PrismaClientOptions, never, DefaultArgs>'.
app/api/integrations/logs/stats/route.ts(67,32): error TS2339: Property 'organization' does not exist on type 'SessionPayload | NextResponse<unknown>'.
  Property 'organization' does not exist on type 'SessionPayload'.
app/api/integrations/logs/stats/route.ts(74,14): error TS2339: Property 'integrationActivityLog' does not exist on type 'PrismaClient<PrismaClientOptions, never, DefaultArgs>'.
app/api/integrations/logs/stats/route.ts(76,32): error TS2339: Property 'organization' does not exist on type 'SessionPayload | NextResponse<unknown>'.
  Property 'organization' does not exist on type 'SessionPayload'.
app/api/integrations/logs/stats/route.ts(93,14): error TS2339: Property 'integrationActivityLog' does not exist on type 'PrismaClient<PrismaClientOptions, never, DefaultArgs>'.
app/api/integrations/logs/stats/route.ts(95,32): error TS2339: Property 'organization' does not exist on type 'SessionPayload | NextResponse<unknown>'.
  Property 'organization' does not exist on type 'SessionPayload'.
app/api/integrations/logs/stats/route.ts(104,40): error TS7006: Parameter 's' implicitly has an 'any' type.
app/api/integrations/logs/stats/route.ts(105,39): error TS7006: Parameter 's' implicitly has an 'any' type.
app/api/integrations/logs/stats/route.ts(113,54): error TS7006: Parameter 'acc' implicitly has an 'any' type.
app/api/integrations/logs/stats/route.ts(113,59): error TS7006: Parameter 'item' implicitly has an 'any' type.
app/api/integrations/logs/stats/route.ts(117,48): error TS7006: Parameter 'acc' implicitly has an 'any' type.
app/api/integrations/logs/stats/route.ts(117,53): error TS7006: Parameter 'item' implicitly has an 'any' type.
app/api/integrations/logs/stats/route.ts(121,36): error TS7006: Parameter 'acc' implicitly has an 'any' type.
app/api/integrations/logs/stats/route.ts(121,41): error TS7006: Parameter 'item' implicitly has an 'any' type.
app/api/integrations/route.ts(198,18): error TS2551: Property 'whatsappInstance' does not exist on type 'PrismaClient<PrismaClientOptions, never, DefaultArgs>'. Did you mean 'whatsAppInstance'?
app/api/integrations/route.ts(204,18): error TS2339: Property 'instagramInstance' does not exist on type 'PrismaClient<PrismaClientOptions, never, DefaultArgs>'.
app/api/integrations/route.ts(250,33): error TS7006: Parameter 'w' implicitly has an 'any' type.
app/api/integrations/route.ts(267,34): error TS7006: Parameter 'i' implicitly has an 'any' type.
app/api/integrations/route.ts(343,37): error TS2551: Property 'whatsappInstance' does not exist on type 'PrismaClient<PrismaClientOptions, never, DefaultArgs>'. Did you mean 'whatsAppInstance'?
app/api/integrations/route.ts(373,37): error TS2339: Property 'instagramInstance' does not exist on type 'PrismaClient<PrismaClientOptions, never, DefaultArgs>'.
app/api/integrations/route.ts(403,18): error TS2339: Property 'integrationActivityLog' does not exist on type 'PrismaClient<PrismaClientOptions, never, DefaultArgs>'.
app/api/invoices/[id]/route.ts(61,17): error TS2353: Object literal may only specify known properties, and 'priceCents' does not exist in type 'PlanSelect<DefaultArgs>'.
app/api/invoices/[id]/route.ts(88,31): error TS2339: Property 'charges' does not exist on type '{ metadata: JsonValue; status: string; id: string; organizationId: string; createdAt: Date; updatedAt: Date; amount: Decimal; currency: string; paidAt: Date | null; subscriptionId: string | null; dueDate: Date; }'.
app/api/invoices/[id]/route.ts(89,15): error TS7006: Parameter 'charge' implicitly has an 'any' type.
app/api/invoices/[id]/route.ts(90,16): error TS7006: Parameter 'sum' implicitly has an 'any' type.
app/api/invoices/[id]/route.ts(90,21): error TS7006: Parameter 'charge' implicitly has an 'any' type.
app/api/invoices/[id]/route.ts(92,34): error TS2339: Property 'charges' does not exist on type '{ metadata: JsonValue; status: string; id: string; organizationId: string; createdAt: Date; updatedAt: Date; amount: Decimal; currency: string; paidAt: Date | null; subscriptionId: string | null; dueDate: Date; }'.
app/api/invoices/[id]/route.ts(93,15): error TS7006: Parameter 'charge' implicitly has an 'any' type.
app/api/invoices/[id]/route.ts(94,16): error TS7006: Parameter 'sum' implicitly has an 'any' type.
app/api/invoices/[id]/route.ts(94,21): error TS7006: Parameter 'charge' implicitly has an 'any' type.
app/api/invoices/[id]/route.ts(96,33): error TS2339: Property 'charges' does not exist on type '{ metadata: JsonValue; status: string; id: string; organizationId: string; createdAt: Date; updatedAt: Date; amount: Decimal; currency: string; paidAt: Date | null; subscriptionId: string | null; dueDate: Date; }'.
app/api/invoices/[id]/route.ts(97,15): error TS7006: Parameter 'charge' implicitly has an 'any' type.
app/api/invoices/[id]/route.ts(98,16): error TS7006: Parameter 'sum' implicitly has an 'any' type.
app/api/invoices/[id]/route.ts(98,21): error TS7006: Parameter 'charge' implicitly has an 'any' type.
app/api/invoices/[id]/route.ts(105,32): error TS2339: Property 'amountCents' does not exist on type '{ metadata: JsonValue; status: string; id: string; organizationId: string; createdAt: Date; updatedAt: Date; amount: Decimal; currency: string; paidAt: Date | null; subscriptionId: string | null; dueDate: Date; }'.
app/api/invoices/[id]/route.ts(109,48): error TS2339: Property 'amountCents' does not exist on type '{ metadata: JsonValue; status: string; id: string; organizationId: string; createdAt: Date; updatedAt: Date; amount: Decimal; currency: string; paidAt: Date | null; subscriptionId: string | null; dueDate: Date; }'.
app/api/invoices/route.ts(139,63): error TS2339: Property 'price' does not exist on type '{ id: string; name: string; }'.
app/api/invoices/route.ts(140,41): error TS2339: Property 'is_active' does not exist on type '{ id: string; name: string; }'.
app/api/organizations/[id]/route.ts(187,27): error TS2345: Argument of type '{ userId: string; email: string; name: string | null; organizationId: string; setupComplete: boolean; }' is not assignable to parameter of type 'Omit<SessionPayload, "expiresAt">'.
  Property 'productId' is missing in type '{ userId: string; email: string; name: string | null; organizationId: string; setupComplete: boolean; }' but required in type 'Omit<SessionPayload, "expiresAt">'.
app/api/organizations/route.ts(74,25): error TS2345: Argument of type '{ userId: string; email: string; name: string | null; organizationId: string; setupComplete: boolean; }' is not assignable to parameter of type 'Omit<SessionPayload, "expiresAt">'.
  Property 'productId' is missing in type '{ userId: string; email: string; name: string | null; organizationId: string; setupComplete: boolean; }' but required in type 'Omit<SessionPayload, "expiresAt">'.
app/api/pipeline/deals/[id]/activities/route.ts(60,9): error TS2353: Object literal may only specify known properties, and 'title' does not exist in type '(Without<DealActivityCreateInput, DealActivityUncheckedCreateInput> & DealActivityUncheckedCreateInput) | (Without<...> & DealActivityCreateInput)'.
app/api/pipeline/deals/[id]/route.ts(3,10): error TS2305: Module '"@prisma/client"' has no exported member 'DealPriority'.
app/api/pipeline/deals/[id]/route.ts(67,9): error TS2353: Object literal may only specify known properties, and 'activities' does not exist in type 'DealInclude<DefaultArgs>'.
app/api/pipeline/deals/[id]/route.ts(215,11): error TS2353: Object literal may only specify known properties, and 'title' does not exist in type '(Without<DealActivityCreateInput, DealActivityUncheckedCreateInput> & DealActivityUncheckedCreateInput) | (Without<...> & DealActivityCreateInput)'.
app/api/pipeline/deals/[id]/route.ts(233,32): error TS2339: Property 'SYSTEM' does not exist on type '{ CALL: "CALL"; MEETING: "MEETING"; EMAIL: "EMAIL"; TASK: "TASK"; NOTE: "NOTE"; WHATSAPP: "WHATSAPP"; STAGE_CHANGE: "STAGE_CHANGE"; DEAL_CREATED: "DEAL_CREATED"; DEAL_CLOSED: "DEAL_CLOSED"; }'.
app/api/pipeline/deals/[id]/route.ts(234,13): error TS2353: Object literal may only specify known properties, and 'title' does not exist in type '(Without<DealActivityCreateInput, DealActivityUncheckedCreateInput> & DealActivityUncheckedCreateInput) | (Without<...> & DealActivityCreateInput)'.
app/api/pipeline/deals/[id]/route.ts(247,32): error TS2339: Property 'SYSTEM' does not exist on type '{ CALL: "CALL"; MEETING: "MEETING"; EMAIL: "EMAIL"; TASK: "TASK"; NOTE: "NOTE"; WHATSAPP: "WHATSAPP"; STAGE_CHANGE: "STAGE_CHANGE"; DEAL_CREATED: "DEAL_CREATED"; DEAL_CLOSED: "DEAL_CLOSED"; }'.
app/api/pipeline/deals/[id]/route.ts(248,13): error TS2353: Object literal may only specify known properties, and 'title' does not exist in type '(Without<DealActivityCreateInput, DealActivityUncheckedCreateInput> & DealActivityUncheckedCreateInput) | (Without<...> & DealActivityCreateInput)'.
app/api/pipeline/deals/route.ts(73,9): error TS2322: Type '{ id: string; name: string; color: string | null; probability: number | null; }' is not assignable to type '{ probability: number; }'.
  Types of property 'probability' are incompatible.
    Type 'number | null' is not assignable to type 'number'.
      Type 'null' is not assignable to type 'number'.
app/api/pipeline/deals/route.ts(219,11): error TS2322: Type '{ id: string; name: string; color: string | null; probability: number | null; }' is not assignable to type '{ probability: number; }'.
  Types of property 'probability' are incompatible.
    Type 'number | null' is not assignable to type 'number'.
      Type 'null' is not assignable to type 'number'.
app/api/pipeline/stages/reorder/route.ts(170,11): error TS2322: Type 'string | null' is not assignable to type 'string'.
  Type 'null' is not assignable to type 'string'.
app/api/pipeline/stages/reorder/route.ts(189,11): error TS2322: Type 'string | null' is not assignable to type 'string'.
  Type 'null' is not assignable to type 'string'.
app/api/schedules/[id]/complete/route.ts(70,9): error TS2353: Object literal may only specify known properties, and 'contact' does not exist in type 'ScheduleInclude<DefaultArgs>'.
app/api/schedules/queue/[id]/route.ts(44,30): error TS2551: Property 'organization' does not exist on type 'SessionPayload'. Did you mean 'organizationId'?
app/api/schedules/queue/[id]/route.ts(88,30): error TS2551: Property 'organization' does not exist on type 'SessionPayload'. Did you mean 'organizationId'?
app/api/schedules/queue/[id]/schedule/route.ts(42,30): error TS2551: Property 'organization' does not exist on type 'SessionPayload'. Did you mean 'organizationId'?
app/api/schedules/queue/[id]/schedule/route.ts(57,32): error TS2551: Property 'organization' does not exist on type 'SessionPayload'. Did you mean 'organizationId'?
app/api/schedules/queue/route.ts(24,28): error TS2551: Property 'organization' does not exist on type 'SessionPayload'. Did you mean 'organizationId'?
app/api/schedules/queue/route.ts(54,24): error TS2322: Type '(string | null)[]' is not assignable to type 'string[] | FieldRef<"User", "String[]"> | undefined'.
  Type '(string | null)[]' is not assignable to type 'string[]'.
    Type 'string | null' is not assignable to type 'string'.
      Type 'null' is not assignable to type 'string'.
app/api/schedules/queue/route.ts(113,30): error TS2551: Property 'organization' does not exist on type 'SessionPayload'. Did you mean 'organizationId'?
app/api/schedules/queue/route.ts(128,30): error TS2551: Property 'organization' does not exist on type 'SessionPayload'. Did you mean 'organizationId'?
app/api/subscriptions/[id]/route.ts(114,9): error TS2353: Object literal may only specify known properties, and 'organization' does not exist in type 'SubscriptionInclude<DefaultArgs>'.
app/api/subscriptions/[id]/route.ts(233,43): error TS2551: Property 'canceledAt' does not exist on type '{ status: SubscriptionStatus; id: string; organizationId: string; createdAt: Date; updatedAt: Date; planId: string; currentPeriodStart: Date; currentPeriodEnd: Date; trial_ends_at: Date | null; cancelled_at: Date | null; }'. Did you mean 'cancelled_at'?
app/api/subscriptions/[id]/route.ts(234,34): error TS2367: This comparison appears to be unintentional because the types 'SubscriptionStatus' and '"canceled"' have no overlap.
app/api/subscriptions/[id]/route.ts(236,39): error TS2367: This comparison appears to be unintentional because the types 'SubscriptionStatus' and '"canceled"' have no overlap.
app/api/subscriptions/[id]/route.ts(247,9): error TS2561: Object literal may only specify known properties, but 'canceledAt' does not exist in type '(Without<SubscriptionUpdateInput, SubscriptionUncheckedUpdateInput> & SubscriptionUncheckedUpdateInput) | (Without<...> & SubscriptionUpdateInput)'. Did you mean to write 'cancelled_at'?
app/api/subscriptions/[id]/route.ts(298,9): error TS2820: Type '"canceled"' is not assignable to type 'SubscriptionStatus | EnumSubscriptionStatusFieldUpdateOperationsInput | undefined'. Did you mean '"CANCELLED"'?
app/api/transcriptions/[id]/route.ts(26,30): error TS2551: Property 'organization' does not exist on type 'SessionPayload'. Did you mean 'organizationId'?
app/api/transcriptions/[id]/route.ts(68,30): error TS2551: Property 'organization' does not exist on type 'SessionPayload'. Did you mean 'organizationId'?
app/api/transcriptions/[id]/route.ts(144,30): error TS2551: Property 'organization' does not exist on type 'SessionPayload'. Did you mean 'organizationId'?
app/api/transcriptions/analytics/route.ts(12,24): error TS2554: Expected 1 arguments, but got 0.
app/api/transcriptions/analytics/route.ts(34,32): error TS2339: Property 'organization' does not exist on type 'SessionPayload | NextResponse<unknown>'.
  Property 'organization' does not exist on type 'SessionPayload'.
app/api/transcriptions/analytics/route.ts(43,32): error TS2339: Property 'organization' does not exist on type 'SessionPayload | NextResponse<unknown>'.
  Property 'organization' does not exist on type 'SessionPayload'.
app/api/transcriptions/analytics/route.ts(53,32): error TS2339: Property 'organization' does not exist on type 'SessionPayload | NextResponse<unknown>'.
  Property 'organization' does not exist on type 'SessionPayload'.
app/api/transcriptions/analytics/route.ts(63,32): error TS2339: Property 'organization' does not exist on type 'SessionPayload | NextResponse<unknown>'.
  Property 'organization' does not exist on type 'SessionPayload'.
app/api/transcriptions/analytics/route.ts(73,32): error TS2339: Property 'organization' does not exist on type 'SessionPayload | NextResponse<unknown>'.
  Property 'organization' does not exist on type 'SessionPayload'.
app/api/transcriptions/analytics/route.ts(78,17): error TS2353: Object literal may only specify known properties, and 'converted' does not exist in type 'TranscriptionSumAggregateInputType'.
app/api/transcriptions/analytics/route.ts(85,32): error TS2339: Property 'organization' does not exist on type 'SessionPayload | NextResponse<unknown>'.
  Property 'organization' does not exist on type 'SessionPayload'.
app/api/transcriptions/analytics/route.ts(94,32): error TS2339: Property 'organization' does not exist on type 'SessionPayload | NextResponse<unknown>'.
  Property 'organization' does not exist on type 'SessionPayload'.
app/api/transcriptions/analytics/route.ts(120,18): error TS18048: 'conversionStats._count' is possibly 'undefined'.
app/api/transcriptions/analytics/route.ts(120,41): error TS2339: Property 'id' does not exist on type 'true | { id?: number | undefined; organizationId?: number | undefined; contactId?: number | undefined; scheduleId?: number | undefined; conversationId?: number | undefined; source?: number | undefined; ... 21 more ...; _all?: number | undefined; }'.
  Property 'id' does not exist on type 'true'.
app/api/transcriptions/analytics/route.ts(121,22): error TS18048: 'conversionStats._sum' is possibly 'undefined'.
app/api/transcriptions/analytics/route.ts(121,43): error TS2339: Property 'converted' does not exist on type '{ duration?: number | null | undefined; sentimentScore?: number | null | undefined; resolutionDays?: number | null | undefined; audioSize?: number | null | undefined; }'.
app/api/transcriptions/analytics/route.ts(122,27): error TS18048: 'conversionStats._count' is possibly 'undefined'.
app/api/transcriptions/analytics/route.ts(122,50): error TS2339: Property 'id' does not exist on type 'true | { id?: number | undefined; organizationId?: number | undefined; contactId?: number | undefined; scheduleId?: number | undefined; conversationId?: number | undefined; source?: number | undefined; ... 21 more ...; _all?: number | undefined; }'.
  Property 'id' does not exist on type 'true'.
app/api/transcriptions/analytics/route.ts(123,28): error TS18048: 'conversionStats._sum' is possibly 'undefined'.
app/api/transcriptions/analytics/route.ts(123,49): error TS2339: Property 'converted' does not exist on type '{ duration?: number | null | undefined; sentimentScore?: number | null | undefined; resolutionDays?: number | null | undefined; audioSize?: number | null | undefined; }'.
app/api/transcriptions/analytics/route.ts(123,67): error TS18048: 'conversionStats._count' is possibly 'undefined'.
app/api/transcriptions/analytics/route.ts(123,90): error TS2339: Property 'id' does not exist on type 'true | { id?: number | undefined; organizationId?: number | undefined; contactId?: number | undefined; scheduleId?: number | undefined; conversationId?: number | undefined; source?: number | undefined; ... 21 more ...; _all?: number | undefined; }'.
  Property 'id' does not exist on type 'true'.
app/api/transcriptions/analytics/route.ts(125,42): error TS18048: 'conversionStats._avg' is possibly 'undefined'.
app/api/transcriptions/route.ts(119,9): error TS2322: Type 'string | null' is not assignable to type 'string'.
  Type 'null' is not assignable to type 'string'.
app/api/user/organizations/route.ts(28,11): error TS18047: 'm.organization' is possibly 'null'.
app/api/user/organizations/route.ts(29,13): error TS18047: 'm.organization' is possibly 'null'.
app/api/user/organizations/route.ts(30,13): error TS18047: 'm.organization' is possibly 'null'.
app/api/user/organizations/route.ts(31,15): error TS18047: 'm.organization' is possibly 'null'.
app/api/user/organizations/route.ts(34,18): error TS18047: 'm.organization' is possibly 'null'.
app/api/whatsapp/embedded-signup/callback/route.ts(235,7): error TS2353: Object literal may only specify known properties, and 'tokenExpiresAt' does not exist in type '(Without<WhatsAppInstanceCreateInput, WhatsAppInstanceUncheckedCreateInput> & WhatsAppInstanceUncheckedCreateInput) | (Without<...> & WhatsAppInstanceCreateInput)'.
app/api/whatsapp/logs/route.ts(114,32): error TS2339: Property 'instagramInstanceId' does not exist on type '{ whatsappInstance: { name: string; phoneNumber: string; } | null; } & { id: string; organizationId: string; createdAt: Date; payload: JsonValue; errorMessage: string | null; ... 4 more ...; forwardedToN8n: boolean; }'.
app/api/whatsapp/messages/send/route.ts(282,11): error TS2554: Expected 1 arguments, but got 6.
app/api/whatsapp/messages/send/route.ts(346,30): error TS2339: Property 'messages' does not exist on type 'MessageResponse | SendTemplateResult'.
  Property 'messages' does not exist on type 'SendTemplateResult'.
app/api/whatsapp/messages/send/route.ts(391,27): error TS2339: Property 'messages' does not exist on type 'MessageResponse | SendTemplateResult'.
  Property 'messages' does not exist on type 'SendTemplateResult'.
app/api/whatsapp/messages/send/route.ts(392,29): error TS2339: Property 'contacts' does not exist on type 'MessageResponse | SendTemplateResult'.
  Property 'contacts' does not exist on type 'SendTemplateResult'.
app/api/whatsapp/messages/send/route.ts(393,34): error TS2339: Property 'messaging_product' does not exist on type 'MessageResponse | SendTemplateResult'.
  Property 'messaging_product' does not exist on type 'SendTemplateResult'.
app/api/whatsapp/messages/templates/route.ts(159,7): error TS2554: Expected 1 arguments, but got 6.
app/api/whatsapp/messages/templates/route.ts(170,27): error TS2551: Property 'messages' does not exist on type 'SendTemplateResult'. Did you mean 'messageId'?
app/api/whatsapp/messages/templates/route.ts(171,29): error TS2339: Property 'contacts' does not exist on type 'SendTemplateResult'.
app/api/whatsapp/messages/templates/route.ts(172,34): error TS2339: Property 'messaging_product' does not exist on type 'SendTemplateResult'.
app/api/whatsapp/phone-numbers/[id]/verify/route.ts(27,68): error TS2677: A type predicate's type must be assignable to its parameter's type.
  Type 'RequestCodeBody' is not assignable to type 'Record<string, unknown>'.
    Index signature for type 'string' is missing in type 'RequestCodeBody'.
app/api/whatsapp/phone-numbers/[id]/verify/route.ts(36,67): error TS2677: A type predicate's type must be assignable to its parameter's type.
  Type 'VerifyCodeBody' is not assignable to type 'Record<string, unknown>'.
    Index signature for type 'string' is missing in type 'VerifyCodeBody'.
app/api/whatsapp/status/route.ts(43,15): error TS2353: Object literal may only specify known properties, and 'conversations' does not exist in type 'WhatsAppInstanceCountOutputTypeSelect<DefaultArgs>'.
app/api/whatsapp/status/route.ts(58,37): error TS2339: Property 'tokenExpiresAt' does not exist on type '{ status: string; id: string; organizationId: string; createdAt: Date; updatedAt: Date; name: string; phoneNumber: string; connectedAt: Date | null; accessToken: string | null; ... 6 more ...; messagingTier: number | null; }'.
app/api/whatsapp/status/route.ts(58,64): error TS2339: Property 'tokenExpiresAt' does not exist on type '{ status: string; id: string; organizationId: string; createdAt: Date; updatedAt: Date; name: string; phoneNumber: string; connectedAt: Date | null; accessToken: string | null; ... 6 more ...; messagingTier: number | null; }'.
app/api/whatsapp/status/route.ts(73,38): error TS2339: Property 'tokenExpiresAt' does not exist on type '{ status: string; id: string; organizationId: string; createdAt: Date; updatedAt: Date; name: string; phoneNumber: string; connectedAt: Date | null; accessToken: string | null; ... 6 more ...; messagingTier: number | null; }'.
app/api/whatsapp/status/route.ts(74,30): error TS2339: Property '_count' does not exist on type '{ status: string; id: string; organizationId: string; createdAt: Date; updatedAt: Date; name: string; phoneNumber: string; connectedAt: Date | null; accessToken: string | null; ... 6 more ...; messagingTier: number | null; }'.
app/api/whatsapp/status/route.ts(97,13): error TS2561: Object literal may only specify known properties, but 'conversation' does not exist in type 'MessageWhereInput'. Did you mean to write 'conversationId'?
app/api/whatsapp/status/route.ts(164,9): error TS7034: Variable 'phoneNumbers' implicitly has type 'any[]' in some locations where its type cannot be determined.
app/api/whatsapp/status/route.ts(202,23): error TS7005: Variable 'phoneNumbers' implicitly has an 'any[]' type.
app/api/whatsapp/status/route.ts(211,33): error TS7005: Variable 'phoneNumbers' implicitly has an 'any[]' type.
app/api/whatsapp/webhooks/route.ts(270,15): error TS2322: Type 'Record<string, unknown>' is not assignable to type 'NullableJsonNullValueInput | InputJsonValue | undefined'.
  Type 'Record<string, unknown>' is missing the following properties from type 'readonly (InputJsonValue | null)[]': length, concat, join, slice, and 26 more.
app/api/whatsapp/webhooks/route.ts(302,43): error TS2352: Conversion of type 'WebhookMessage' to type 'Record<string, unknown>' may be a mistake because neither type sufficiently overlaps with the other. If this was intentional, convert the expression to 'unknown' first.
  Index signature for type 'string' is missing in type 'WebhookMessage'.
app/api/whatsapp/webhooks/route.ts(355,15): error TS2322: Type 'Record<string, unknown>' is not assignable to type 'NullableJsonNullValueInput | InputJsonValue | undefined'.
  Type 'Record<string, unknown>' is missing the following properties from type 'readonly (InputJsonValue | null)[]': length, concat, join, slice, and 26 more.
app/api/whatsapp/webhooks/route.ts(395,15): error TS2322: Type 'Record<string, unknown>' is not assignable to type 'NullableJsonNullValueInput | InputJsonValue | undefined'.
  Type 'Record<string, unknown>' is missing the following properties from type 'readonly (InputJsonValue | null)[]': length, concat, join, slice, and 26 more.
app/api/whatsapp/webhooks/route.ts(417,15): error TS2322: Type 'Record<string, unknown>' is not assignable to type 'NullableJsonNullValueInput | InputJsonValue | undefined'.
  Type 'Record<string, unknown>' is missing the following properties from type 'readonly (InputJsonValue | null)[]': length, concat, join, slice, and 26 more.
app/configuracoes/assinaturas/page.tsx(216,17): error TS2322: Type '{ key: string; label: string; value: string; change: string; icon: ForwardRefExoticComponent<Omit<LucideProps, "ref"> & RefAttributes<SVGSVGElement>>; isNegativeGood: boolean | undefined; size: string; }' is not assignable to type 'IntrinsicAttributes & VerticalKpiCardProps'.
  Property 'size' does not exist on type 'IntrinsicAttributes & VerticalKpiCardProps'.
app/configuracoes/assinaturas/page.tsx(255,27): error TS2367: This comparison appears to be unintentional because the types 'SubscriptionStatus' and '"pending"' have no overlap.
app/configuracoes/assinaturas/page.tsx(259,28): error TS2367: This comparison appears to be unintentional because the types 'SubscriptionStatus' and '"pending"' have no overlap.
app/configuracoes/usuarios/page.tsx(242,7): error TS2322: Type '"OWNER" | "ADMIN" | "MANAGER" | "MEMBER"' is not assignable to type '"MEMBER"'.
  Type '"OWNER"' is not assignable to type '"MEMBER"'.
app/configuracoes/usuarios/page.tsx(243,7): error TS2322: Type '"ACTIVE" | "INACTIVE" | "PENDING"' is not assignable to type '"ACTIVE"'.
  Type '"INACTIVE"' is not assignable to type '"ACTIVE"'.
app/configuracoes/usuarios/page.tsx(354,52): error TS2322: Type '"OWNER" | "ADMIN" | "MANAGER" | "MEMBER"' is not assignable to type '"MEMBER"'.
  Type '"OWNER"' is not assignable to type '"MEMBER"'.
app/configuracoes/usuarios/page.tsx(535,48): error TS2322: Type '"OWNER" | "ADMIN" | "MANAGER" | "MEMBER"' is not assignable to type '"MEMBER"'.
  Type '"OWNER"' is not assignable to type '"MEMBER"'.
app/configuracoes/usuarios/page.tsx(554,48): error TS2322: Type '"ACTIVE" | "INACTIVE" | "PENDING"' is not assignable to type '"ACTIVE"'.
  Type '"INACTIVE"' is not assignable to type '"ACTIVE"'.
app/contatos/listas/page.tsx(596,19): error TS2322: Type 'string | null' is not assignable to type 'string | undefined'.
  Type 'null' is not assignable to type 'string | undefined'.
app/contatos/segmentos/page.tsx(105,25): error TS2304: Cannot find name 'Segment'.
app/contatos/segmentos/page.tsx(155,105): error TS2345: Argument of type 'string | null' is not assignable to parameter of type 'string | undefined'.
  Type 'null' is not assignable to type 'string | undefined'.
app/contatos/segmentos/page.tsx(183,14): error TS2339: Property 'color' does not exist on type 'Segment'.
app/contatos/segmentos/page.tsx(184,20): error TS2339: Property 'operator' does not exist on type 'Segment'.
app/contatos/segmentos/page.tsx(219,37): error TS2304: Cannot find name 'Segment'.
app/contatos/segmentos/page.tsx(233,39): error TS2304: Cannot find name 'Segment'.
app/contatos/segmentos/page.tsx(247,11): error TS2353: Object literal may only specify known properties, and 'color' does not exist in type 'Partial<Segment>'.
app/contatos/segmentos/page.tsx(256,11): error TS2353: Object literal may only specify known properties, and 'color' does not exist in type 'Partial<Segment>'.
app/contatos/segmentos/page.tsx(286,17): error TS2345: Argument of type '(prev: { nome: string; descricao: string; cor: string; operador: "AND" | "OR"; regras: LocalSegmentRule[]; }) => { regras: SegmentRule[]; nome: string; descricao: string; cor: string; operador: "AND" | "OR"; }' is not assignable to parameter of type 'SetStateAction<{ nome: string; descricao: string; cor: string; operador: "AND" | "OR"; regras: LocalSegmentRule[]; }>'.
  Type '(prev: { nome: string; descricao: string; cor: string; operador: "AND" | "OR"; regras: LocalSegmentRule[]; }) => { regras: SegmentRule[]; nome: string; descricao: string; cor: string; operador: "AND" | "OR"; }' is not assignable to type '(prevState: { nome: string; descricao: string; cor: string; operador: "AND" | "OR"; regras: LocalSegmentRule[]; }) => { nome: string; descricao: string; cor: string; operador: "AND" | "OR"; regras: LocalSegmentRule[]; }'.
    Call signature return types '{ regras: SegmentRule[]; nome: string; descricao: string; cor: string; operador: "AND" | "OR"; }' and '{ nome: string; descricao: string; cor: string; operador: "AND" | "OR"; regras: LocalSegmentRule[]; }' are incompatible.
      The types of 'regras' are incompatible between these types.
        Type 'SegmentRule[]' is not assignable to type 'LocalSegmentRule[]'.
          Type 'SegmentRule' is not assignable to type 'LocalSegmentRule'.
            Types of property 'field' are incompatible.
              Type 'string' is not assignable to type 'RuleField'.
app/contatos/tags/page.tsx(38,79): error TS2345: Argument of type 'string | null' is not assignable to parameter of type 'string | undefined'.
  Type 'null' is not assignable to type 'string | undefined'.
app/dashboard/_components/cards/funil-por-etapa/index.tsx(32,9): error TS2322: Type '{ children: Element; title: string; icon: Element; className: string; }' is not assignable to type 'IntrinsicAttributes & DashboardCardProps'.
  Property 'icon' does not exist on type 'IntrinsicAttributes & DashboardCardProps'.
app/dashboard/_components/cards/funil-por-etapa/index.tsx(45,9): error TS2322: Type '{ children: Element; title: string; icon: Element; className: string; }' is not assignable to type 'IntrinsicAttributes & DashboardCardProps'.
  Property 'icon' does not exist on type 'IntrinsicAttributes & DashboardCardProps'.
app/dashboard/_components/cards/funil-por-etapa/index.tsx(58,9): error TS2322: Type '{ children: Element; title: string; icon: Element; className: string; }' is not assignable to type 'IntrinsicAttributes & DashboardCardProps'.
  Property 'icon' does not exist on type 'IntrinsicAttributes & DashboardCardProps'.
app/dashboard/_components/cards/funil-por-etapa/index.tsx(72,7): error TS2322: Type '{ children: Element; title: string; icon: Element; className: string; }' is not assignable to type 'IntrinsicAttributes & DashboardCardProps'.
  Property 'icon' does not exist on type 'IntrinsicAttributes & DashboardCardProps'.
app/dashboard/_components/cards/health-score/index.tsx(31,11): error TS2339: Property 'data' does not exist on type 'UseHealthScoreReturn'.
app/dashboard/_components/cards/health-score/index.tsx(31,17): error TS2339: Property 'isLoading' does not exist on type 'UseHealthScoreReturn'.
app/dashboard/_components/cards/health-score/index.tsx(31,28): error TS2339: Property 'error' does not exist on type 'UseHealthScoreReturn'.
app/dashboard/_components/cards/health-score/index.tsx(37,9): error TS2322: Type 'string | undefined' is not assignable to type 'string'.
  Type 'undefined' is not assignable to type 'string'.
app/dashboard/_components/cards/health-score/index.tsx(58,9): error TS2322: Type 'string | undefined' is not assignable to type 'string'.
  Type 'undefined' is not assignable to type 'string'.
app/dashboard/_components/cards/health-score/index.tsx(71,9): error TS2322: Type 'string | undefined' is not assignable to type 'string'.
  Type 'undefined' is not assignable to type 'string'.
app/dashboard/_components/cards/health-score/index.tsx(87,9): error TS2322: Type '{ children: Element; title: string; icon: Element; className: string; }' is not assignable to type 'IntrinsicAttributes & DashboardCardProps'.
  Property 'icon' does not exist on type 'IntrinsicAttributes & DashboardCardProps'.
app/dashboard/_components/cards/health-score/index.tsx(104,7): error TS2322: Type '{ children: Element; title: string; subtitle: any; icon: Element; className: string; }' is not assignable to type 'IntrinsicAttributes & DashboardCardProps'.
  Property 'subtitle' does not exist on type 'IntrinsicAttributes & DashboardCardProps'.
app/dashboard/_components/cards/motivos-perda/chart.tsx(34,22): error TS2339: Property 'percentage' does not exist on type 'LostReasonTrend'.
app/dashboard/_components/cards/motivos-perda/index.tsx(26,11): error TS2339: Property 'data' does not exist on type 'UseLostReasonsReturn'.
app/dashboard/_components/cards/motivos-perda/index.tsx(26,17): error TS2339: Property 'isLoading' does not exist on type 'UseLostReasonsReturn'.
app/dashboard/_components/cards/motivos-perda/index.tsx(26,28): error TS2339: Property 'error' does not exist on type 'UseLostReasonsReturn'.
app/dashboard/_components/cards/motivos-perda/index.tsx(33,9): error TS2322: Type '{ children: Element; title: string; icon: Element; className: string; }' is not assignable to type 'IntrinsicAttributes & DashboardCardProps'.
  Property 'icon' does not exist on type 'IntrinsicAttributes & DashboardCardProps'.
app/dashboard/_components/cards/motivos-perda/index.tsx(46,9): error TS2322: Type '{ children: Element; title: string; icon: Element; className: string; }' is not assignable to type 'IntrinsicAttributes & DashboardCardProps'.
  Property 'icon' does not exist on type 'IntrinsicAttributes & DashboardCardProps'.
app/dashboard/_components/cards/motivos-perda/index.tsx(59,9): error TS2322: Type '{ children: Element; title: string; icon: Element; className: string; }' is not assignable to type 'IntrinsicAttributes & DashboardCardProps'.
  Property 'icon' does not exist on type 'IntrinsicAttributes & DashboardCardProps'.
app/dashboard/_components/cards/motivos-perda/index.tsx(73,7): error TS2322: Type '{ children: Element; title: string; icon: Element; className: string; }' is not assignable to type 'IntrinsicAttributes & DashboardCardProps'.
  Property 'icon' does not exist on type 'IntrinsicAttributes & DashboardCardProps'.
app/dashboard/_components/cards/performance-canal/chart.tsx(58,26): error TS2367: This comparison appears to be unintentional because the types 'ChannelType' and '"EMAIL"' have no overlap.
app/dashboard/_components/cards/performance-canal/index.tsx(32,9): error TS2322: Type '{ children: Element; title: string; icon: Element; className: string; }' is not assignable to type 'IntrinsicAttributes & DashboardCardProps'.
  Property 'icon' does not exist on type 'IntrinsicAttributes & DashboardCardProps'.
app/dashboard/_components/cards/performance-canal/index.tsx(45,9): error TS2322: Type '{ children: Element; title: string; icon: Element; className: string; }' is not assignable to type 'IntrinsicAttributes & DashboardCardProps'.
  Property 'icon' does not exist on type 'IntrinsicAttributes & DashboardCardProps'.
app/dashboard/_components/cards/performance-canal/index.tsx(58,9): error TS2322: Type '{ children: Element; title: string; icon: Element; className: string; }' is not assignable to type 'IntrinsicAttributes & DashboardCardProps'.
  Property 'icon' does not exist on type 'IntrinsicAttributes & DashboardCardProps'.
app/dashboard/_components/cards/performance-canal/index.tsx(72,7): error TS2322: Type '{ children: Element; title: string; icon: Element; className: string; }' is not assignable to type 'IntrinsicAttributes & DashboardCardProps'.
  Property 'icon' does not exist on type 'IntrinsicAttributes & DashboardCardProps'.
app/dashboard/_components/cards/receita-semanal/index.tsx(25,11): error TS2339: Property 'data' does not exist on type 'UseRevenueReturn'.
app/dashboard/_components/cards/receita-semanal/index.tsx(25,17): error TS2339: Property 'isLoading' does not exist on type 'UseRevenueReturn'.
app/dashboard/_components/cards/receita-semanal/index.tsx(25,28): error TS2339: Property 'error' does not exist on type 'UseRevenueReturn'.
app/dashboard/_components/cards/recuperacao-perdidos/index.tsx(33,9): error TS2322: Type '{ children: Element; title: string; icon: Element; className: string; }' is not assignable to type 'IntrinsicAttributes & DashboardCardProps'.
  Property 'icon' does not exist on type 'IntrinsicAttributes & DashboardCardProps'.
app/dashboard/_components/cards/recuperacao-perdidos/index.tsx(46,9): error TS2322: Type '{ children: Element; title: string; icon: Element; className: string; }' is not assignable to type 'IntrinsicAttributes & DashboardCardProps'.
  Property 'icon' does not exist on type 'IntrinsicAttributes & DashboardCardProps'.
app/dashboard/_components/cards/recuperacao-perdidos/index.tsx(59,9): error TS2322: Type '{ children: Element; title: string; icon: Element; className: string; }' is not assignable to type 'IntrinsicAttributes & DashboardCardProps'.
  Property 'icon' does not exist on type 'IntrinsicAttributes & DashboardCardProps'.
app/dashboard/_components/cards/recuperacao-perdidos/index.tsx(74,7): error TS2322: Type '{ children: Element; title: string; description: string; icon: Element; className: string; }' is not assignable to type 'IntrinsicAttributes & DashboardCardProps'.
  Property 'icon' does not exist on type 'IntrinsicAttributes & DashboardCardProps'.
app/dashboard/_components/funil-por-etapa-card.tsx(142,39): error TS7006: Parameter 'etapa' implicitly has an 'any' type.
app/dashboard/_components/funil-por-etapa-chart.tsx(13,15): error TS2305: Module '"@/types/dashboard"' has no exported member 'FunilPorEtapaData'.
app/dashboard/_components/funil-por-etapa-chart.tsx(13,34): error TS2305: Module '"@/types/dashboard"' has no exported member 'FunilEtapa'.
app/dashboard/_components/funil-por-etapa-chart.tsx(31,38): error TS7006: Parameter 'etapa' implicitly has an 'any' type.
app/dashboard/_components/funil-por-etapa-chart.tsx(84,29): error TS7006: Parameter 'entry' implicitly has an 'any' type.
app/dashboard/_components/funil-por-etapa-chart.tsx(84,36): error TS7006: Parameter 'index' implicitly has an 'any' type.
app/dashboard/_components/funil-por-etapa-chart.tsx(107,27): error TS7006: Parameter 'etapa' implicitly has an 'any' type.
app/dashboard/_components/funil-por-etapa-chart.tsx(107,34): error TS7006: Parameter 'index' implicitly has an 'any' type.
app/dashboard/_components/funil-por-etapa-chart.tsx(125,39): error TS7006: Parameter 'etapa' implicitly has an 'any' type.
app/dashboard/_hooks/use-funil-por-etapa.ts(6,15): error TS2305: Module '"@/types/dashboard"' has no exported member 'FunilPorEtapaData'.
app/integracoes/(whatsapp)/whatsapp/webhooks/page.tsx(67,65): error TS2345: Argument of type '{ url: string; verifyToken: string; events: string[]; }' is not assignable to parameter of type 'UpdateWebhookRequest'.
  Types of property 'events' are incompatible.
    Type 'string[]' is not assignable to type 'WebhookEventType[]'.
      Type 'string' is not assignable to type 'WebhookEventType'.
app/integracoes/(with-sidebar)/page.tsx(77,78): error TS2339: Property 'type' does not exist on type 'Integration'.
app/integracoes/(with-sidebar)/page.tsx(86,22): error TS2339: Property 'type' does not exist on type 'Integration'.
app/meta-api/whatsapp/form-submissions/history/page.tsx(25,10): error TS2305: Module '"@prisma/client"' has no exported member 'PendingFormDeliveryStatus'.
app/meta-api/whatsapp/form-submissions/pending/page.tsx(17,10): error TS2305: Module '"@prisma/client"' has no exported member 'PendingFormDeliveryStatus'.
app/meta-api/whatsapp/logs/page.tsx(244,5): error TS2322: Type 'string | null' is not assignable to type 'string | undefined'.
  Type 'null' is not assignable to type 'string | undefined'.
app/meta-api/whatsapp/webhooks/page.tsx(67,65): error TS2345: Argument of type '{ url: string; verifyToken: string; events: string[]; }' is not assignable to parameter of type 'UpdateWebhookRequest'.
  Types of property 'events' are incompatible.
    Type 'string[]' is not assignable to type 'WebhookEventType[]'.
      Type 'string' is not assignable to type 'WebhookEventType'.
components/campaigns/create-campaign-form.tsx(61,77): error TS2345: Argument of type 'string | null' is not assignable to parameter of type 'string | undefined'.
  Type 'null' is not assignable to type 'string | undefined'.
components/chat/DealBadge.tsx(62,11): error TS2322: Type '{ expectedCloseDate: null; actualCloseDate: null; createdAt: string; updatedAt: string; status: string; priority: string; tags: never[]; source: null; id: string; title: string; value: number; currency: string; leadScore: number; stage: { id: string; name: string; color: string; }; }' is not assignable to type 'Deal'.
  Types of property 'stage' are incompatible.
    Property 'probability' is missing in type '{ id: string; name: string; color: string; }' but required in type '{ id: string; name: string; color: string; probability: number; }'.
components/contact-detail-panel.tsx(124,9): error TS2322: Type '{ id: string; title: string; completed: boolean; dueDate: string; priority: "media" | "alta" | "baixa"; type: "meeting" | "task" | "call"; }[]' is not assignable to type 'TaskItem[]'.
  Type '{ id: string; title: string; completed: boolean; dueDate: string; priority: "media" | "alta" | "baixa"; type: "meeting" | "task" | "call"; }' is not assignable to type 'TaskItem'.
    Types of property 'type' are incompatible.
      Type '"meeting" | "task" | "call"' is not assignable to type '"meeting" | "call" | "followup" | "proposal"'.
        Type '"task"' is not assignable to type '"meeting" | "call" | "followup" | "proposal"'.
components/conversations/conversations-panel.tsx(365,50): error TS2339: Property 'indeterminate' does not exist on type 'HTMLButtonElement'.
components/customer-context-panel.tsx(189,23): error TS2345: Argument of type 'string | null' is not assignable to parameter of type 'string | undefined'.
  Type 'null' is not assignable to type 'string | undefined'.
components/customer-context-panel.tsx(196,26): error TS2345: Argument of type 'string | null' is not assignable to parameter of type 'string | undefined'.
  Type 'null' is not assignable to type 'string | undefined'.
components/dashboard/__tests__/kpis-sidebar.test.tsx(115,9): error TS2739: Type '{ label: string; value: number; change: number; trend: "up"; format: "number"; }' is missing the following properties from type 'KpiItem': id, changeType
components/dashboard/__tests__/kpis-sidebar.test.tsx(145,11): error TS2739: Type '{ label: string; value: number; change: number; trend: "up"; format: "currency"; }' is missing the following properties from type 'KpiItem': id, changeType
components/dashboard/__tests__/kpis-sidebar.test.tsx(167,11): error TS2739: Type '{ label: string; value: number; change: number; trend: "down"; format: "percentage"; }' is missing the following properties from type 'KpiItem': id, changeType
components/dashboard/cards/ChannelsCard.tsx(69,43): error TS7006: Parameter 'channel' implicitly has an 'any' type.
components/dashboard/cards/FunnelCard.tsx(4,10): error TS2305: Module '"@/types/dashboard"' has no exported member 'FunnelData'.
components/dashboard/cards/FunnelCard.tsx(64,29): error TS7006: Parameter 'stage' implicitly has an 'any' type.
components/dashboard/cards/FunnelCard.tsx(64,36): error TS7006: Parameter 'index' implicitly has an 'any' type.
components/dashboard/cards/LossReasonsCard.tsx(59,30): error TS7006: Parameter 'reason' implicitly has an 'any' type.
components/dashboard/cards/RecoveryCard.tsx(66,40): error TS7006: Parameter 'lead' implicitly has an 'any' type.
components/dashboard/cards/RevenueCard.tsx(42,49): error TS7006: Parameter 'w' implicitly has an 'any' type.
components/dashboard/cards/RevenueCard.tsx(100,30): error TS7006: Parameter 'week' implicitly has an 'any' type.
components/dashboard/cards/RevenueCard.tsx(100,36): error TS7006: Parameter 'index' implicitly has an 'any' type.
components/examples/transcriptions-example.tsx(53,11): error TS2339: Property 'data' does not exist on type '(period?: string | undefined) => Promise<TranscriptionAnalytics | null>'.
components/examples/transcriptions-example.tsx(92,34): error TS2322: Type 'unknown' is not assignable to type 'ReactNode'.
components/examples/transcriptions-example.tsx(171,37): error TS2339: Property 'updateTranscription' does not exist on type '{ transcription: Transcription | null | undefined; isLoading: boolean; error: any; mutate: () => Promise<void>; }'.
components/form-submissions/status-badge.tsx(3,10): error TS2305: Module '"@prisma/client"' has no exported member 'PendingFormDeliveryStatus'.
components/instagram/instagram-direct-section.tsx(207,20): error TS2304: Cannot find name 'AvatarImage'.
components/objections-chart.tsx(61,5): error TS2345: Argument of type '{ objections: string[] | undefined; converted: boolean | undefined; resolutionDays: number | undefined; }[]' is not assignable to parameter of type '{ objections: Objection[]; converted: boolean; resolutionDays?: number | undefined; }[]'.
  Type '{ objections: string[] | undefined; converted: boolean | undefined; resolutionDays: number | undefined; }' is not assignable to type '{ objections: Objection[]; converted: boolean; resolutionDays?: number | undefined; }'.
    Types of property 'objections' are incompatible.
      Type 'string[] | undefined' is not assignable to type 'Objection[]'.
        Type 'undefined' is not assignable to type 'Objection[]'.
components/objections-chart.tsx(122,118): error TS2339: Property 'converted' does not exist on type 'ObjectionStats'.
components/pipeline/DealDetailModal.tsx(120,12): error TS2678: Type '"TASK_COMPLETED"' is not comparable to type 'ActivityType'.
components/pipeline/DealDetailModal.tsx(139,12): error TS2678: Type '"TASK_COMPLETED"' is not comparable to type 'ActivityType'.
components/pipeline/pipeline-view-real.tsx(34,45): error TS2305: Module '"@prisma/client"' has no exported member 'DealPriority'.
components/pipeline/pipeline-view-real.tsx(153,15): error TS2322: Type 'string | null' is not assignable to type 'string'.
  Type 'null' is not assignable to type 'string'.
components/pipeline/pipeline-view-real.tsx(154,15): error TS2322: Type 'string | null' is not assignable to type 'string'.
  Type 'null' is not assignable to type 'string'.
components/pipeline/pipeline-view-real.tsx(297,26): error TS2304: Cannot find name 'GripVertical'.
components/pipeline/pipeline-view-real.tsx(892,36): error TS2339: Property 'split' does not exist on type 'never'.
components/pipeline/pipeline-view-real.tsx(1233,22): error TS2339: Property 'email' does not exist on type '{ id: string; name: string; phone?: string | undefined; avatarUrl?: string | null | undefined; }'.
components/pipeline/pipeline-view-real.tsx(1245,56): error TS2538: Type 'null' cannot be used as an index type.
components/pipeline/pipeline-view-real.tsx(1557,11): error TS2322: Type '(e: React.DragEvent, stageId: string) => void' is not assignable to type '(e: DragEvent<Element>) => void'.
  Target signature provides too few arguments. Expected 2 or more, but got 1.
components/pipeline/pipeline-view-real.tsx(1599,11): error TS2322: Type '{ value: number; contact: { avatar: string | null | undefined; id: string; name: string; phone?: string; avatarUrl?: string | null; } | undefined; stage: { id: string; name: string; color: string; probability: number; } | undefined; ... 35 more ...; closedLostAt: Date | null; }' is not assignable to type 'Deal'.
  Types of property 'currency' are incompatible.
    Type 'string | null' is not assignable to type 'string'.
      Type 'null' is not assignable to type 'string'.
components/pipeline/pipeline-view-real.tsx(1622,11): error TS2322: Type '{ description: any; createdAt: string; metadata: JsonValue; id: string; type: ActivityType; dealId: string; user_id: string; }[]' is not assignable to type 'DealActivity[]'.
  Type '{ description: any; createdAt: string; metadata: JsonValue | null; id: string; type: $Enums.ActivityType; dealId: string; user_id: string; }' is not assignable to type 'DealActivity'.
    Types of property 'metadata' are incompatible.
      Type 'JsonValue' is not assignable to type 'Record<string, unknown> | undefined'.
        Type 'null' is not assignable to type 'Record<string, unknown> | undefined'.
components/pipeline/pipeline-view-real.tsx(1624,28): error TS2339: Property 'content' does not exist on type '{ metadata: JsonValue; id: string; createdAt: Date; type: ActivityType; description: string | null; dealId: string; user_id: string; }'.
components/pipeline/pipeline-view-real.tsx(1624,41): error TS2339: Property 'title' does not exist on type '{ metadata: JsonValue; id: string; createdAt: Date; type: ActivityType; description: string | null; dealId: string; user_id: string; }'.
components/recent-leads.tsx(118,41): error TS2345: Argument of type 'import("C:/Users/gmora/Downloads/b_T5RdTRTLxF8-1772119549385/hooks/use-tags").Tag[]' is not assignable to parameter of type 'import("C:/Users/gmora/Downloads/b_T5RdTRTLxF8-1772119549385/lib/types/tag").Tag[]'.
  Type 'Tag' is missing the following properties from type 'Tag': slug, category, createdBy, usageCount
components/sidebar-nav-config.tsx(27,78): error TS2503: Cannot find namespace 'JSX'.
components/sidebar.tsx(198,17): error TS2322: Type 'string | boolean | undefined' is not assignable to type 'boolean'.
  Type 'undefined' is not assignable to type 'boolean'.
components/utm-performance-chart.tsx(64,39): error TS2339: Property 'utm_source' does not exist on type '{}'.
hooks/dashboard/__tests__/use-dashboard-filters.test.tsx(169,13): error TS2339: Property 'getByTestId' does not exist on type 'RenderHookResult<null, unknown>'.
hooks/dashboard/__tests__/use-health-score.test.ts(74,27): error TS2339: Property 'isLoading' does not exist on type 'UseHealthScoreReturn'.
hooks/dashboard/__tests__/use-health-score.test.ts(76,47): error TS2339: Property 'isSuccess' does not exist on type 'UseHealthScoreReturn'.
hooks/dashboard/__tests__/use-health-score.test.ts(78,27): error TS2339: Property 'data' does not exist on type 'UseHealthScoreReturn'.
hooks/dashboard/__tests__/use-health-score.test.ts(79,27): error TS2339: Property 'data' does not exist on type 'UseHealthScoreReturn'.
hooks/dashboard/__tests__/use-health-score.test.ts(80,27): error TS2339: Property 'data' does not exist on type 'UseHealthScoreReturn'.
hooks/dashboard/__tests__/use-health-score.test.ts(94,47): error TS2339: Property 'isError' does not exist on type 'UseHealthScoreReturn'.
hooks/dashboard/__tests__/use-health-score.test.ts(96,27): error TS2339: Property 'error' does not exist on type 'UseHealthScoreReturn'.
hooks/dashboard/__tests__/use-health-score.test.ts(114,47): error TS2339: Property 'isError' does not exist on type 'UseHealthScoreReturn'.
hooks/dashboard/__tests__/use-health-score.test.ts(116,27): error TS2339: Property 'error' does not exist on type 'UseHealthScoreReturn'.
hooks/dashboard/__tests__/use-health-score.test.ts(143,47): error TS2339: Property 'isSuccess' does not exist on type 'UseHealthScoreReturn'.
hooks/dashboard/__tests__/use-health-score.test.ts(145,27): error TS2339: Property 'data' does not exist on type 'UseHealthScoreReturn'.
hooks/dashboard/__tests__/use-health-score.test.ts(146,27): error TS2339: Property 'data' does not exist on type 'UseHealthScoreReturn'.
hooks/dashboard/__tests__/use-health-score.test.ts(173,47): error TS2339: Property 'isSuccess' does not exist on type 'UseHealthScoreReturn'.
hooks/dashboard/__tests__/use-health-score.test.ts(175,27): error TS2339: Property 'data' does not exist on type 'UseHealthScoreReturn'.
hooks/dashboard/__tests__/use-health-score.test.ts(176,27): error TS2339: Property 'data' does not exist on type 'UseHealthScoreReturn'.
hooks/dashboard/__tests__/use-health-score.test.ts(203,47): error TS2339: Property 'isSuccess' does not exist on type 'UseHealthScoreReturn'.
hooks/dashboard/__tests__/use-health-score.test.ts(205,27): error TS2339: Property 'data' does not exist on type 'UseHealthScoreReturn'.
hooks/dashboard/__tests__/use-health-score.test.ts(206,27): error TS2339: Property 'data' does not exist on type 'UseHealthScoreReturn'.
hooks/dashboard/__tests__/use-health-score.test.ts(233,47): error TS2339: Property 'isSuccess' does not exist on type 'UseHealthScoreReturn'.
hooks/dashboard/__tests__/use-lost-reasons.test.ts(54,27): error TS2339: Property 'isLoading' does not exist on type 'UseLostReasonsReturn'.
hooks/dashboard/__tests__/use-lost-reasons.test.ts(57,47): error TS2339: Property 'isSuccess' does not exist on type 'UseLostReasonsReturn'.
hooks/dashboard/__tests__/use-lost-reasons.test.ts(59,27): error TS2339: Property 'data' does not exist on type 'UseLostReasonsReturn'.
hooks/dashboard/__tests__/use-lost-reasons.test.ts(73,47): error TS2339: Property 'isError' does not exist on type 'UseLostReasonsReturn'.
hooks/dashboard/__tests__/use-lost-reasons.test.ts(75,27): error TS2339: Property 'error' does not exist on type 'UseLostReasonsReturn'.
hooks/dashboard/__tests__/use-lost-reasons.test.ts(93,47): error TS2339: Property 'isError' does not exist on type 'UseLostReasonsReturn'.
hooks/dashboard/__tests__/use-lost-reasons.test.ts(95,27): error TS2339: Property 'error' does not exist on type 'UseLostReasonsReturn'.
hooks/dashboard/__tests__/use-lost-reasons.test.ts(115,47): error TS2339: Property 'isSuccess' does not exist on type 'UseLostReasonsReturn'.
hooks/dashboard/__tests__/use-lost-reasons.test.ts(117,27): error TS2339: Property 'data' does not exist on type 'UseLostReasonsReturn'.
hooks/dashboard/__tests__/use-lost-reasons.test.ts(137,47): error TS2339: Property 'isSuccess' does not exist on type 'UseLostReasonsReturn'.
hooks/dashboard/__tests__/use-lost-reasons.test.ts(166,31): error TS2339: Property 'isSuccess' does not exist on type 'UseLostReasonsReturn'.
hooks/dashboard/__tests__/use-lost-reasons.test.ts(167,32): error TS2339: Property 'isSuccess' does not exist on type 'UseLostReasonsReturn'.
hooks/dashboard/__tests__/use-revenue.test.ts(53,27): error TS2339: Property 'isLoading' does not exist on type 'UseRevenueReturn'.
hooks/dashboard/__tests__/use-revenue.test.ts(55,47): error TS2339: Property 'isSuccess' does not exist on type 'UseRevenueReturn'.
hooks/dashboard/__tests__/use-revenue.test.ts(57,27): error TS2339: Property 'data' does not exist on type 'UseRevenueReturn'.
hooks/dashboard/__tests__/use-revenue.test.ts(107,47): error TS2339: Property 'isError' does not exist on type 'UseRevenueReturn'.
hooks/dashboard/__tests__/use-revenue.test.ts(109,27): error TS2339: Property 'error' does not exist on type 'UseRevenueReturn'.
hooks/dashboard/__tests__/use-revenue.test.ts(127,47): error TS2339: Property 'isError' does not exist on type 'UseRevenueReturn'.
hooks/dashboard/__tests__/use-revenue.test.ts(129,27): error TS2339: Property 'error' does not exist on type 'UseRevenueReturn'.
hooks/dashboard/__tests__/use-revenue.test.ts(149,47): error TS2339: Property 'isSuccess' does not exist on type 'UseRevenueReturn'.
hooks/dashboard/__tests__/use-revenue.test.ts(151,27): error TS2339: Property 'data' does not exist on type 'UseRevenueReturn'.
hooks/dashboard/__tests__/use-revenue.test.ts(171,47): error TS2339: Property 'isSuccess' does not exist on type 'UseRevenueReturn'.
hooks/dashboard/index.ts(64,8): error TS5097: An import path can only end with a '.tsx' extension when 'allowImportingTsExtensions' is enabled.
hooks/dashboard/use-channels.ts(60,5): error TS2322: Type '() => Promise<void>' is not assignable to type '((options?: RefetchOptions | undefined) => Promise<QueryObserverResult<ChannelsResponse, Error>>) & (() => Promise<...>)'.
  Type '() => Promise<void>' is not assignable to type '(options?: RefetchOptions | undefined) => Promise<QueryObserverResult<ChannelsResponse, Error>>'.
    Type 'Promise<void>' is not assignable to type 'Promise<QueryObserverResult<ChannelsResponse, Error>>'.
      Type 'void' is not assignable to type 'QueryObserverResult<ChannelsResponse, Error>'.
hooks/dashboard/use-dashboard-filters.ts(5,10): error TS2305: Module '"@/types/dashboard"' has no exported member 'DashboardPeriod'.
hooks/dashboard/use-funnel.ts(53,5): error TS2322: Type '() => Promise<void>' is not assignable to type '((options?: RefetchOptions | undefined) => Promise<QueryObserverResult<FunnelMetrics, Error>>) & (() => Promise<...>)'.
  Type '() => Promise<void>' is not assignable to type '(options?: RefetchOptions | undefined) => Promise<QueryObserverResult<FunnelMetrics, Error>>'.
    Type 'Promise<void>' is not assignable to type 'Promise<QueryObserverResult<FunnelMetrics, Error>>'.
      Type 'void' is not assignable to type 'QueryObserverResult<FunnelMetrics, Error>'.
hooks/dashboard/use-health-score.ts(41,47): error TS2312: An interface can only extend an object type or intersection of object types with statically known members.
hooks/dashboard/use-lost-deals.ts(68,5): error TS2322: Type '() => Promise<void>' is not assignable to type '((options?: RefetchOptions | undefined) => Promise<QueryObserverResult<LostDealsResponse, Error>>) & (() => Promise<...>)'.
  Type '() => Promise<void>' is not assignable to type '(options?: RefetchOptions | undefined) => Promise<QueryObserverResult<LostDealsResponse, Error>>'.
    Type 'Promise<void>' is not assignable to type 'Promise<QueryObserverResult<LostDealsResponse, Error>>'.
      Type 'void' is not assignable to type 'QueryObserverResult<LostDealsResponse, Error>'.
hooks/dashboard/use-lost-reasons.ts(13,47): error TS2312: An interface can only extend an object type or intersection of object types with statically known members.
hooks/dashboard/use-revenue.ts(12,43): error TS2312: An interface can only extend an object type or intersection of object types with statically known members.
hooks/dashboard/useChannelsData.ts(5,10): error TS2305: Module '"@/types/dashboard"' has no exported member 'ChannelsData'.
hooks/dashboard/useFunnelData.ts(5,10): error TS2305: Module '"@/types/dashboard"' has no exported member 'FunnelData'.
hooks/dashboard/useHealthScoreData.ts(5,10): error TS2724: '"@/types/dashboard"' has no exported member named 'HealthScoreData'. Did you mean 'HealthScore'?
hooks/dashboard/useLossReasonsData.ts(5,10): error TS2724: '"@/types/dashboard"' has no exported member named 'LossReasonsData'. Did you mean 'LostReasonStats'?
hooks/dashboard/useRecoveryData.ts(5,10): error TS2305: Module '"@/types/dashboard"' has no exported member 'RecoveryData'.
hooks/dashboard/useRevenueData.ts(5,10): error TS2305: Module '"@/types/dashboard"' has no exported member 'RevenueData'.
hooks/index.ts(27,56): error TS2300: Duplicate identifier 'MessageType'.
hooks/index.ts(38,8): error TS2300: Duplicate identifier 'MessageType'.
hooks/use-embedded-signup.ts(62,5): error TS2717: Subsequent property declarations must have the same type.  Property 'FB' must be of type '{ init: (config: { appId: string; version: string; xfbml?: boolean | undefined; }) => void; login: (callback: (response: FacebookLoginResponse) => void, options: { config_id: string; response_type: string; override_default_response_type: boolean; }) => void; } | undefined', but here has type 'FacebookSDK | undefined'.
hooks/use-embedded-signup.ts(219,7): error TS2353: Object literal may only specify known properties, and 'cookie' does not exist in type '{ appId: string; version: string; xfbml?: boolean | undefined; }'.
hooks/use-embedded-signup.ts(302,11): error TS2353: Object literal may only specify known properties, and 'extras' does not exist in type '{ config_id: string; response_type: string; override_default_response_type: boolean; }'.
hooks/use-embedded-signup.ts(414,22): error TS2339: Property 'Event' does not exist on type '{ init: (config: { appId: string; version: string; xfbml?: boolean | undefined; }) => void; login: (callback: (response: FacebookLoginResponse) => void, options: { config_id: string; response_type: string; override_default_response_type: boolean; }) => void; }'.
hooks/use-filtered-data.ts(43,3): error TS2322: Type 'number | boolean | undefined' is not assignable to type 'boolean'.
  Type 'undefined' is not assignable to type 'boolean'.
hooks/use-form-submissions.ts(9,10): error TS2305: Module '"@prisma/client"' has no exported member 'PendingFormDeliveryStatus'.
hooks/use-integration-logs.ts(232,30): error TS2339: Property 'error' does not exist on type 'LogStatsResponse'.
hooks/use-scheduling-queue.ts(189,29): error TS2353: Object literal may only specify known properties, and 'status' does not exist in type 'Partial<CreateQueueItemData>'.
hooks/use-scheduling-queue.ts(193,29): error TS2353: Object literal may only specify known properties, and 'status' does not exist in type 'Partial<CreateQueueItemData>'.
lib/auth/helpers.ts(278,7): error TS2322: Type 'string | null' is not assignable to type 'string'.
  Type 'null' is not assignable to type 'string'.
lib/auth/helpers.ts(376,10): error TS2724: '"@prisma/client"' has no exported member named 'OrganizationRole'. Did you mean 'Organization'?
lib/auth/helpers.ts(376,28): error TS2305: Module '"@prisma/client"' has no exported member 'MemberStatus'.
lib/auth/helpers.ts(416,7): error TS2322: Type 'string | null' is not assignable to type 'string'.
  Type 'null' is not assignable to type 'string'.
lib/auth/helpers.ts(417,7): error TS2322: Type 'string | null' is not assignable to type 'string'.
  Type 'null' is not assignable to type 'string'.
lib/auth/permissions.ts(13,10): error TS2724: '"@prisma/client"' has no exported member named 'OrganizationRole'. Did you mean 'Organization'?
lib/dashboard/mock-data.ts(6,3): error TS2305: Module '"@/types/dashboard"' has no exported member 'FunnelData'.
lib/dashboard/mock-data.ts(7,3): error TS2305: Module '"@/types/dashboard"' has no exported member 'RecoveryData'.
lib/dashboard/mock-data.ts(8,3): error TS2305: Module '"@/types/dashboard"' has no exported member 'ChannelsData'.
lib/dashboard/mock-data.ts(9,3): error TS2724: '"@/types/dashboard"' has no exported member named 'LossReasonsData'. Did you mean 'LostReasonStats'?
lib/dashboard/mock-data.ts(10,3): error TS2305: Module '"@/types/dashboard"' has no exported member 'RevenueData'.
lib/dashboard/mock-data.ts(11,3): error TS2724: '"@/types/dashboard"' has no exported member named 'HealthScoreData'. Did you mean 'HealthScore'?
lib/db/dashboard-queries.ts(338,48): error TS2339: Property 'value' does not exist on type '{ amount: Decimal | null; closedWonAt: Date | null; }'.
lib/db/queries.ts(116,32): error TS2322: Type '{ createdAt: { gte: Date; lte: Date; }; organizationId: string; type: string; } | { createdAt?: undefined; organizationId: string; type: string; }' is not assignable to type 'ConversationWhereInput | undefined'.
  Object literal may only specify known properties, and 'type' does not exist in type 'ConversationWhereInput'.
lib/db/queries.ts(119,32): error TS2322: Type '{ createdAt: { gte: Date; lte: Date; }; organizationId: string; type: string; } | { createdAt?: undefined; organizationId: string; type: string; }' is not assignable to type 'ConversationWhereInput | undefined'.
  Object literal may only specify known properties, and 'type' does not exist in type 'ConversationWhereInput'.
lib/db/queries.ts(195,7): error TS2353: Object literal may only specify known properties, and 'windowEnd' does not exist in type 'ConversationWhereInput'.
lib/db/queries.ts(201,7): error TS2353: Object literal may only specify known properties, and 'messages' does not exist in type 'ConversationInclude<DefaultArgs>'.
lib/db/queries.ts(207,16): error TS2353: Object literal may only specify known properties, and 'windowEnd' does not exist in type 'ConversationOrderByWithRelationInput | ConversationOrderByWithRelationInput[]'.
lib/db/queries.ts(265,7): error TS2322: Type '"type"[]' is not assignable to type 'MessageScalarFieldEnum | MessageScalarFieldEnum[]'.
  Type '"type"[]' is not assignable to type 'MessageScalarFieldEnum[]'.
    Type '"type"' is not assignable to type 'MessageScalarFieldEnum'.
lib/db/queries.ts(267,17): error TS2353: Object literal may only specify known properties, and 'type' does not exist in type 'MessageCountAggregateInputType'.
lib/db/queries.ts(272,14): error TS2339: Property 'type' does not exist on type 'PickEnumerable<MessageGroupByOutputType, MessageScalarFieldEnum | MessageScalarFieldEnum[]> & { ...; }'.
lib/db/queries.ts(272,22): error TS18048: 'curr._count' is possibly 'undefined'.
lib/db/queries.ts(272,34): error TS2339: Property 'type' does not exist on type 'true | { id?: number | undefined; conversationId?: number | undefined; contactId?: number | undefined; content?: number | undefined; status?: number | undefined; messageId?: number | undefined; ... 4 more ...; _all?: number | undefined; }'.
  Property 'type' does not exist on type 'true'.
lib/db/queries.ts(342,7): error TS2561: Object literal may only specify known properties, but 'conversation' does not exist in type 'MessageWhereInput'. Did you mean to write 'conversationId'?
lib/db/queries.ts(372,7): error TS2561: Object literal may only specify known properties, but 'conversation' does not exist in type 'MessageWhereInput'. Did you mean to write 'conversationId'?
lib/db/queries.ts(404,11): error TS2353: Object literal may only specify known properties, and 'messages' does not exist in type 'ContactCountOutputTypeSelect<DefaultArgs>'.
lib/db/queries.ts(408,20): error TS2353: Object literal may only specify known properties, and 'lastMessageAt' does not exist in type 'ConversationOrderByWithRelationInput | ConversationOrderByWithRelationInput[]'.
lib/db/queries.ts(410,19): error TS2353: Object literal may only specify known properties, and 'lastMessageAt' does not exist in type 'ConversationSelect<DefaultArgs>'.
lib/db/queries.ts(421,32): error TS2339: Property '_count' does not exist on type '{ metadata: JsonValue; status: ContactStatus; id: string; organizationId: string; createdAt: Date; updatedAt: Date; phone: string; email: string | null; ... 5 more ...; deletedAt: Date | null; }'.
lib/db/queries.ts(422,27): error TS2339: Property '_count' does not exist on type '{ metadata: JsonValue; status: ContactStatus; id: string; organizationId: string; createdAt: Date; updatedAt: Date; phone: string; email: string | null; ... 5 more ...; deletedAt: Date | null; }'.
lib/db/queries.ts(423,28): error TS2339: Property 'conversations' does not exist on type '{ metadata: JsonValue; status: ContactStatus; id: string; organizationId: string; createdAt: Date; updatedAt: Date; phone: string; email: string | null; ... 5 more ...; deletedAt: Date | null; }'.
lib/db/queries.ts(463,34): error TS2339: Property 'whatsAppTemplate' does not exist on type 'PrismaClient<PrismaClientOptions, never, DefaultArgs>'.
lib/db/queries.ts(473,25): error TS7006: Parameter 'template' implicitly has an 'any' type.
lib/db/queries.ts(487,34): error TS2339: Property 'whatsAppTemplate' does not exist on type 'PrismaClient<PrismaClientOptions, never, DefaultArgs>'.
lib/db/queries.ts(500,25): error TS7006: Parameter 't' implicitly has an 'any' type.
lib/db/queries.ts(544,17): error TS2339: Property 'whatsAppLog' does not exist on type 'PrismaClient<PrismaClientOptions, never, DefaultArgs>'.
lib/db/queries.ts(588,16): error TS2561: Object literal may only specify known properties, but 'conversation' does not exist in type 'MessageWhereInput'. Did you mean to write 'conversationId'?
lib/db/queries.ts(597,12): error TS2339: Property 'whatsAppTemplate' does not exist on type 'PrismaClient<PrismaClientOptions, never, DefaultArgs>'.
lib/db/queries.ts(649,15): error TS2353: Object literal may only specify known properties, and 'conversations' does not exist in type 'OrganizationCountOutputTypeSelect<DefaultArgs>'.
lib/db/queries.ts(663,7): error TS2561: Object literal may only specify known properties, but 'conversation' does not exist in type 'MessageWhereInput'. Did you mean to write 'conversationId'?
lib/db/queries.ts(671,68): error TS2551: Property 'organization' does not exist on type '{ status: string | null; id: string; organizationId: string | null; createdAt: Date | null; updatedAt: Date | null; role: string; userId: string | null; joinedAt: Date | null; }'. Did you mean 'organizationId'?
lib/db/queries.ts(672,64): error TS2551: Property 'organization' does not exist on type '{ status: string | null; id: string; organizationId: string | null; createdAt: Date | null; updatedAt: Date | null; role: string; userId: string | null; joinedAt: Date | null; }'. Did you mean 'organizationId'?
lib/db/queries.ts(674,59): error TS2551: Property 'organization' does not exist on type '{ status: string | null; id: string; organizationId: string | null; createdAt: Date | null; updatedAt: Date | null; role: string; userId: string | null; joinedAt: Date | null; }'. Did you mean 'organizationId'?
lib/db/queries.ts(676,13): error TS2551: Property 'organization' does not exist on type '{ status: string | null; id: string; organizationId: string | null; createdAt: Date | null; updatedAt: Date | null; role: string; userId: string | null; joinedAt: Date | null; }'. Did you mean 'organizationId'?
lib/db/queries.ts(677,15): error TS2551: Property 'organization' does not exist on type '{ status: string | null; id: string; organizationId: string | null; createdAt: Date | null; updatedAt: Date | null; role: string; userId: string | null; joinedAt: Date | null; }'. Did you mean 'organizationId'?
lib/db/queries.ts(679,28): error TS2551: Property 'organization' does not exist on type '{ status: string | null; id: string; organizationId: string | null; createdAt: Date | null; updatedAt: Date | null; role: string; userId: string | null; joinedAt: Date | null; }'. Did you mean 'organizationId'?
lib/db/queries.ts(680,24): error TS2551: Property 'organization' does not exist on type '{ status: string | null; id: string; organizationId: string | null; createdAt: Date | null; updatedAt: Date | null; role: string; userId: string | null; joinedAt: Date | null; }'. Did you mean 'organizationId'?
lib/db/queries.ts(702,12): error TS2339: Property 'whatsAppLog' does not exist on type 'PrismaClient<PrismaClientOptions, never, DefaultArgs>'.
lib/db/queries.ts(708,12): error TS2339: Property 'whatsAppLog' does not exist on type 'PrismaClient<PrismaClientOptions, never, DefaultArgs>'.
lib/db/queries.ts(715,12): error TS2339: Property 'whatsAppLog' does not exist on type 'PrismaClient<PrismaClientOptions, never, DefaultArgs>'.
lib/db/queries.ts(722,12): error TS2339: Property 'whatsAppLog' does not exist on type 'PrismaClient<PrismaClientOptions, never, DefaultArgs>'.
lib/db/queries.ts(737,25): error TS7006: Parameter 't' implicitly has an 'any' type.
lib/db/queries.ts(756,16): error TS2561: Object literal may only specify known properties, but 'conversation' does not exist in type 'MessageWhereInput'. Did you mean to write 'conversationId'?
lib/db/queries.ts(758,12): error TS2339: Property 'whatsAppLog' does not exist on type 'PrismaClient<PrismaClientOptions, never, DefaultArgs>'.
lib/db/queries.ts(794,7): error TS2353: Object literal may only specify known properties, and 'messages' does not exist in type 'ConversationInclude<DefaultArgs>'.
lib/db/queries.ts(818,7): error TS2561: Object literal may only specify known properties, but 'conversation' does not exist in type 'MessageWhereInput'. Did you mean to write 'conversationId'?
lib/db/queries.ts(839,23): error TS2551: Property 'contact' does not exist on type '{ metadata: JsonValue; status: string; id: string; contactId: string; createdAt: Date; conversationId: string; content: string | null; messageId: string | null; direction: string; updated_at: Date; }'. Did you mean 'contactId'?
lib/db/queries.ts(840,22): error TS2551: Property 'contact' does not exist on type '{ metadata: JsonValue; status: string; id: string; contactId: string; createdAt: Date; conversationId: string; content: string | null; messageId: string | null; direction: string; updated_at: Date; }'. Did you mean 'contactId'?
lib/db/queries.ts(842,15): error TS2339: Property 'type' does not exist on type '{ metadata: JsonValue; status: string; id: string; contactId: string; createdAt: Date; conversationId: string; content: string | null; messageId: string | null; direction: string; updated_at: Date; }'.
lib/db/whatsapp.ts(141,7): error TS2353: Object literal may only specify known properties, and 'templates' does not exist in type 'WhatsAppInstanceInclude<DefaultArgs>'.
lib/db/whatsapp.ts(156,11): error TS2353: Object literal may only specify known properties, and 'conversations' does not exist in type 'WhatsAppInstanceCountOutputTypeSelect<DefaultArgs>'.
lib/db/whatsapp.ts(283,17): error TS2339: Property 'whatsAppTemplate' does not exist on type 'PrismaClient<PrismaClientOptions, never, DefaultArgs>'.
lib/db/whatsapp.ts(295,17): error TS2339: Property 'whatsAppTemplate' does not exist on type 'PrismaClient<PrismaClientOptions, never, DefaultArgs>'.
lib/db/whatsapp.ts(305,17): error TS2339: Property 'whatsAppTemplate' does not exist on type 'PrismaClient<PrismaClientOptions, never, DefaultArgs>'.
lib/db/whatsapp.ts(324,17): error TS2339: Property 'whatsAppTemplate' does not exist on type 'PrismaClient<PrismaClientOptions, never, DefaultArgs>'.
lib/db/whatsapp.ts(334,17): error TS2339: Property 'whatsAppTemplate' does not exist on type 'PrismaClient<PrismaClientOptions, never, DefaultArgs>'.
lib/db/whatsapp.ts(348,17): error TS2339: Property 'whatsAppTemplate' does not exist on type 'PrismaClient<PrismaClientOptions, never, DefaultArgs>'.
lib/db/whatsapp.ts(358,17): error TS2339: Property 'whatsAppTemplate' does not exist on type 'PrismaClient<PrismaClientOptions, never, DefaultArgs>'.
lib/db/whatsapp.ts(372,17): error TS2339: Property 'whatsAppTemplate' does not exist on type 'PrismaClient<PrismaClientOptions, never, DefaultArgs>'.
lib/db/whatsapp.ts(385,17): error TS2339: Property 'whatsAppTemplate' does not exist on type 'PrismaClient<PrismaClientOptions, never, DefaultArgs>'.
lib/db/whatsapp.ts(398,17): error TS2339: Property 'whatsAppTemplate' does not exist on type 'PrismaClient<PrismaClientOptions, never, DefaultArgs>'.
lib/db/whatsapp.ts(412,5): error TS2322: Type '{ status: "ACTIVE"; leadScore: number; phone: string; name?: string; avatarUrl?: string; organizationId: string; metadata?: Record<string, unknown>; tags?: string[]; }' is not assignable to type '(Without<ContactCreateInput, ContactUncheckedCreateInput> & ContactUncheckedCreateInput) | (Without<...> & ContactCreateInput)'.
  Type '{ status: "ACTIVE"; leadScore: number; phone: string; name?: string; avatarUrl?: string; organizationId: string; metadata?: Record<string, unknown>; tags?: string[]; }' is not assignable to type 'Without<ContactUncheckedCreateInput, ContactCreateInput> & ContactCreateInput'.
    Type '{ status: "ACTIVE"; leadScore: number; phone: string; name?: string; avatarUrl?: string; organizationId: string; metadata?: Record<string, unknown>; tags?: string[]; }' is not assignable to type 'ContactCreateInput'.
      Types of property 'metadata' are incompatible.
        Type 'Record<string, unknown> | undefined' is not assignable to type 'NullableJsonNullValueInput | InputJsonValue | undefined'.
          Type 'Record<string, unknown>' is not assignable to type 'NullableJsonNullValueInput | InputJsonValue | undefined'.
            Type 'Record<string, unknown>' is missing the following properties from type 'readonly (InputJsonValue | null)[]': length, concat, join, slice, and 26 more.
lib/db/whatsapp.ts(487,5): error TS2322: Type 'UpdateContactInput' is not assignable to type '(Without<ContactUpdateInput, ContactUncheckedUpdateInput> & ContactUncheckedUpdateInput) | (Without<...> & ContactUpdateInput)'.
  Type 'UpdateContactInput' is not assignable to type 'Without<ContactUncheckedUpdateInput, ContactUpdateInput> & ContactUpdateInput'.
    Type 'UpdateContactInput' is not assignable to type 'ContactUpdateInput'.
      Types of property 'metadata' are incompatible.
        Type 'Record<string, unknown> | undefined' is not assignable to type 'NullableJsonNullValueInput | InputJsonValue | undefined'.
          Type 'Record<string, unknown>' is not assignable to type 'NullableJsonNullValueInput | InputJsonValue | undefined'.
            Type 'Record<string, unknown>' is missing the following properties from type 'readonly (InputJsonValue | null)[]': length, concat, join, slice, and 26 more.
lib/db/whatsapp.ts(535,7): error TS2353: Object literal may only specify known properties, and 'messages' does not exist in type 'ConversationInclude<DefaultArgs>'.
lib/db/whatsapp.ts(555,7): error TS2353: Object literal may only specify known properties, and 'windowEnd' does not exist in type 'ConversationWhereInput'.
lib/db/whatsapp.ts(558,7): error TS2353: Object literal may only specify known properties, and 'messages' does not exist in type 'ConversationInclude<DefaultArgs>'.
lib/db/whatsapp.ts(587,7): error TS2353: Object literal may only specify known properties, and 'messages' does not exist in type 'ConversationInclude<DefaultArgs>'.
lib/db/whatsapp.ts(612,7): error TS2353: Object literal may only specify known properties, and 'windowEnd' does not exist in type 'ConversationWhereInput'.
lib/db/whatsapp.ts(637,13): error TS2353: Object literal may only specify known properties, and 'windowEnd' does not exist in type '(Without<ConversationUpdateInput, ConversationUncheckedUpdateInput> & ConversationUncheckedUpdateInput) | (Without<...> & ConversationUpdateInput)'.
lib/db/whatsapp.ts(674,7): error TS2353: Object literal may only specify known properties, and 'sentAt' does not exist in type '(Without<MessageCreateInput, MessageUncheckedCreateInput> & MessageUncheckedCreateInput) | (Without<...> & MessageCreateInput)'.
lib/db/whatsapp.ts(686,7): error TS2353: Object literal may only specify known properties, and 'lastMessageAt' does not exist in type '(Without<ConversationUpdateInput, ConversationUncheckedUpdateInput> & ConversationUncheckedUpdateInput) | (Without<...> & ConversationUpdateInput)'.
lib/db/whatsapp.ts(708,5): error TS2322: Type '{ conversation: true; contact: true; template: true; }' is not assignable to type 'never'.
lib/db/whatsapp.ts(721,5): error TS2322: Type '{ messageId: string; }' is not assignable to type 'MessageWhereUniqueInput'.
  Type '{ messageId: string; }' is not assignable to type '{ id: string; } & { id?: string | undefined; AND?: MessageWhereInput | MessageWhereInput[] | undefined; OR?: MessageWhereInput[] | undefined; ... 9 more ...; updated_at?: string | ... 2 more ... | undefined; }'.
    Property 'id' is missing in type '{ messageId: string; }' but required in type '{ id: string; }'.
lib/db/whatsapp.ts(740,5): error TS2322: Type '{ template: true; contact: true; }' is not assignable to type 'never'.
lib/db/whatsapp.ts(777,5): error TS2322: Type '{ messageId: string; }' is not assignable to type 'MessageWhereUniqueInput'.
  Type '{ messageId: string; }' is not assignable to type '{ id: string; } & { id?: string | undefined; AND?: MessageWhereInput | MessageWhereInput[] | undefined; OR?: MessageWhereInput[] | undefined; ... 9 more ...; updated_at?: string | ... 2 more ... | undefined; }'.
    Property 'id' is missing in type '{ messageId: string; }' but required in type '{ id: string; }'.
lib/db/whatsapp.ts(788,5): error TS2322: Type 'UpdateMessageInput' is not assignable to type '(Without<MessageUpdateInput, MessageUncheckedUpdateInput> & MessageUncheckedUpdateInput) | (Without<...> & MessageUpdateInput)'.
  Type 'UpdateMessageInput' is not assignable to type 'Without<MessageUncheckedUpdateInput, MessageUpdateInput> & MessageUpdateInput'.
    Type 'UpdateMessageInput' is not assignable to type 'MessageUpdateInput'.
      Types of property 'metadata' are incompatible.
        Type 'Record<string, unknown> | undefined' is not assignable to type 'NullableJsonNullValueInput | InputJsonValue | undefined'.
          Type 'Record<string, unknown>' is not assignable to type 'NullableJsonNullValueInput | InputJsonValue | undefined'.
            Type 'Record<string, unknown>' is missing the following properties from type 'readonly (InputJsonValue | null)[]': length, concat, join, slice, and 26 more.
lib/db/whatsapp.ts(809,17): error TS2339: Property 'whatsAppLog' does not exist on type 'PrismaClient<PrismaClientOptions, never, DefaultArgs>'.
lib/db/whatsapp.ts(821,17): error TS2339: Property 'whatsAppLog' does not exist on type 'PrismaClient<PrismaClientOptions, never, DefaultArgs>'.
lib/db/whatsapp.ts(841,17): error TS2339: Property 'whatsAppLog' does not exist on type 'PrismaClient<PrismaClientOptions, never, DefaultArgs>'.
lib/db/whatsapp.ts(852,17): error TS2339: Property 'whatsAppLog' does not exist on type 'PrismaClient<PrismaClientOptions, never, DefaultArgs>'.
lib/db/whatsapp.ts(866,17): error TS2339: Property 'whatsAppLog' does not exist on type 'PrismaClient<PrismaClientOptions, never, DefaultArgs>'.
lib/db/whatsapp.ts(887,7): error TS2353: Object literal may only specify known properties, and 'windowEnd' does not exist in type 'ConversationWhereInput'.
lib/db/whatsapp.ts(912,7): error TS2353: Object literal may only specify known properties, and 'messages' does not exist in type 'ConversationWhereInput'.
lib/db/whatsapp.ts(919,7): error TS2353: Object literal may only specify known properties, and 'messages' does not exist in type 'ConversationInclude<DefaultArgs>'.
lib/db/whatsapp.ts(951,9): error TS2561: Object literal may only specify known properties, but 'conversation' does not exist in type 'MessageWhereInput'. Did you mean to write 'conversationId'?
lib/db/whatsapp.ts(958,9): error TS2561: Object literal may only specify known properties, but 'conversation' does not exist in type 'MessageWhereInput'. Did you mean to write 'conversationId'?
lib/db/whatsapp.ts(966,9): error TS2561: Object literal may only specify known properties, but 'conversation' does not exist in type 'MessageWhereInput'. Did you mean to write 'conversationId'?
lib/mock-conversations.ts(37,7): error TS2353: Object literal may only specify known properties, and 'avatar' does not exist in type 'Agent'.
lib/mock-conversations.ts(69,7): error TS2353: Object literal may only specify known properties, and 'avatar' does not exist in type 'Agent'.
lib/mock-conversations.ts(98,7): error TS2353: Object literal may only specify known properties, and 'avatar' does not exist in type 'Agent'.
lib/mock-conversations.ts(136,5): error TS2353: Object literal may only specify known properties, and 'mentioned' does not exist in type 'Conversation'.
lib/mock-conversations.ts(152,7): error TS2353: Object literal may only specify known properties, and 'avatar' does not exist in type 'Agent'.
lib/mock-conversations.ts(181,7): error TS2353: Object literal may only specify known properties, and 'avatar' does not exist in type 'Agent'.
lib/mock-conversations.ts(210,7): error TS2353: Object literal may only specify known properties, and 'avatar' does not exist in type 'Agent'.
lib/mock-conversations.ts(240,7): error TS2353: Object literal may only specify known properties, and 'avatar' does not exist in type 'Agent'.
lib/mock-conversations.ts(292,7): error TS2353: Object literal may only specify known properties, and 'avatar' does not exist in type 'Agent'.
lib/mock-conversations.ts(351,7): error TS2353: Object literal may only specify known properties, and 'avatar' does not exist in type 'Agent'.
lib/mock-conversations.ts(405,7): error TS2353: Object literal may only specify known properties, and 'avatar' does not exist in type 'Agent'.
lib/mock-conversations.ts(458,7): error TS2353: Object literal may only specify known properties, and 'avatar' does not exist in type 'Agent'.
lib/mock-conversations.ts(487,7): error TS2353: Object literal may only specify known properties, and 'avatar' does not exist in type 'Agent'.
lib/mock-conversations.ts(516,7): error TS2353: Object literal may only specify known properties, and 'avatar' does not exist in type 'Agent'.
lib/mock-conversations.ts(570,7): error TS2353: Object literal may only specify known properties, and 'avatar' does not exist in type 'Agent'.
lib/mock-tags.ts(11,3): error TS2353: Object literal may only specify known properties, and 'status' does not exist in type 'Record<TagCategory, Tag[]>'.
lib/mock-whatsapp.ts(15,8): error TS2307: Cannot find module './types/whatsapp' or its corresponding type declarations.
lib/pipeline/scoring.ts(12,3): error TS2353: Object literal may only specify known properties, and 'INSTAGRAM' does not exist in type 'Record<ActivityType, number>'.
lib/stripe/config.ts(9,7): error TS2322: Type '"2024-12-18.acacia"' is not assignable to type '"2026-02-25.clover"'.
lib/tag-utils.ts(356,15): error TS2339: Property 'emailOpens' does not exist on type 'Contact'.
lib/tag-utils.ts(357,17): error TS2339: Property 'emailOpens' does not exist on type 'Contact'.
lib/tag-utils.ts(359,24): error TS2339: Property 'emailOpens' does not exist on type 'Contact'.
lib/whatsapp/api.ts(235,41): error TS2353: Object literal may only specify known properties, and 'status' does not exist in type 'Partial<CreateInstanceRequest>'.
lib/whatsapp/api.ts(247,5): error TS2353: Object literal may only specify known properties, and 'status' does not exist in type 'Partial<CreateInstanceRequest>'.
lib/whatsapp/form-delivery-processor.ts(6,10): error TS2305: Module '"@prisma/client"' has no exported member 'PendingFormDelivery'.
lib/whatsapp/form-delivery-processor.ts(6,31): error TS2305: Module '"@prisma/client"' has no exported member 'PendingFormDeliveryStatus'.
lib/whatsapp/form-delivery-processor.ts(57,16): error TS2339: Property 'pendingFormDelivery' does not exist on type 'PrismaClient<PrismaClientOptions, never, DefaultArgs>'.
lib/whatsapp/form-delivery-processor.ts(260,33): error TS2339: Property 'pendingFormDelivery' does not exist on type 'PrismaClient<PrismaClientOptions, never, DefaultArgs>'.
lib/whatsapp/form-delivery-processor.ts(303,33): error TS2339: Property 'pendingFormDelivery' does not exist on type 'PrismaClient<PrismaClientOptions, never, DefaultArgs>'.
prisma/seed-reunioes.ts(26,9): error TS2353: Object literal may only specify known properties, and 'password' does not exist in type '(Without<UserCreateInput, UserUncheckedCreateInput> & UserUncheckedCreateInput) | (Without<...> & UserCreateInput)'.
scripts/create-admin.ts(48,15): error TS2353: Object literal may only specify known properties, and 'passwordHash' does not exist in type '(Without<UserUpdateInput, UserUncheckedUpdateInput> & UserUncheckedUpdateInput) | (Without<...> & UserUpdateInput)'.
scripts/create-admin.ts(58,26): error TS2353: Object literal may only specify known properties, and 'passwordHash' does not exist in type '(Without<UserCreateInput, UserUncheckedCreateInput> & UserUncheckedCreateInput) | (Without<...> & UserCreateInput)'.
scripts/fix-encoding-typebot-leads.ts(89,43): error TS2345: Argument of type 'string | null' is not assignable to parameter of type 'string'.
  Type 'null' is not assignable to type 'string'.
scripts/fix-encoding-typebot-leads.ts(96,81): error TS2345: Argument of type 'string | null' is not assignable to parameter of type 'string'.
  Type 'null' is not assignable to type 'string'.
scripts/fix-encoding-typebot-leads.ts(113,48): error TS2345: Argument of type 'string | null' is not assignable to parameter of type 'string'.
  Type 'null' is not assignable to type 'string'.
scripts/fix-encoding-typebot-leads.ts(134,27): error TS2345: Argument of type 'string | null' is not assignable to parameter of type 'string'.
  Type 'null' is not assignable to type 'string'.
scripts/fix-encoding-typebot-leads.ts(144,36): error TS2345: Argument of type 'string | null' is not assignable to parameter of type 'string'.
  Type 'null' is not assignable to type 'string'.
scripts/lighthouse-audit.ts(77,31): error TS18047: 'lhr.categories.performance.score' is possibly 'null'.
scripts/lighthouse-audit.ts(78,33): error TS18047: 'lhr.categories.accessibility.score' is possibly 'null'.
scripts/lighthouse-audit.ts(79,36): error TS2531: Object is possibly 'null'.
scripts/lighthouse-audit.ts(80,23): error TS18047: 'lhr.categories.seo.score' is possibly 'null'.
scripts/reset-user-password.ts(12,40): error TS2353: Object literal may only specify known properties, and 'passwordHash' does not exist in type 'UserSelect<DefaultArgs>'.
scripts/reset-user-password.ts(24,46): error TS2339: Property 'passwordHash' does not exist on type '{ status: string | null; id: string; organizationId: string | null; createdAt: Date | null; updatedAt: Date | null; phone: string | null; email: string; name: string | null; avatarUrl: string | null; }'.
scripts/reset-user-password.ts(25,41): error TS2339: Property 'passwordHash' does not exist on type '{ status: string | null; id: string; organizationId: string | null; createdAt: Date | null; updatedAt: Date | null; phone: string | null; email: string; name: string | null; avatarUrl: string | null; }'.
scripts/reset-user-password.ts(34,15): error TS2353: Object literal may only specify known properties, and 'passwordHash' does not exist in type '(Without<UserUpdateInput, UserUncheckedUpdateInput> & UserUncheckedUpdateInput) | (Without<...> & UserUpdateInput)'.
scripts/seed-dashboard-metrics.ts(10,36): error TS2305: Module '"@prisma/client"' has no exported member 'LostReason'.
scripts/seed-dashboard-metrics.ts(10,48): error TS2305: Module '"@prisma/client"' has no exported member 'RecoveryPotential'.
scripts/seed-dashboard-metrics.ts(211,9): error TS2353: Object literal may only specify known properties, and 'enteredStageAt' does not exist in type '(Without<DealCreateInput, DealUncheckedCreateInput> & DealUncheckedCreateInput) | (Without<...> & DealCreateInput)'.
scripts/seed-dashboard-metrics.ts(257,9): error TS2353: Object literal may only specify known properties, and 'instanceId' does not exist in type '(Without<ConversationCreateInput, ConversationUncheckedCreateInput> & ConversationUncheckedCreateInput) | (Without<...> & ConversationCreateInput)'.
scripts/seed-dashboard-metrics.ts(264,46): error TS2345: Argument of type 'number' is not assignable to parameter of type 'Date'.
scripts/seed-dashboard-metrics.ts(300,11): error TS2353: Object literal may only specify known properties, and 'type' does not exist in type '(Without<MessageCreateInput, MessageUncheckedCreateInput> & MessageUncheckedCreateInput) | (Without<...> & MessageCreateInput)'.
scripts/seed-dashboard-metrics.ts(391,11): error TS2561: Object literal may only specify known properties, but 'stageId' does not exist in type '(Without<PipelineStageHistoryCreateInput, PipelineStageHistoryUncheckedCreateInput> & PipelineStageHistoryUncheckedCreateInput) | (Without<...> & PipelineStageHistoryCreateInput)'. Did you mean to write 'stage'?
scripts/seed-dashboard-metrics.ts(422,9): error TS2353: Object literal may only specify known properties, and 'channelType' does not exist in type '(Without<WhatsAppInstanceCreateInput, WhatsAppInstanceUncheckedCreateInput> & WhatsAppInstanceUncheckedCreateInput) | (Without<...> & WhatsAppInstanceCreateInput)'.
scripts/seed-dashboard-metrics.ts(466,61): error TS2353: Object literal may only specify known properties, and 'organizationId' does not exist in type 'PipelineStageHistoryWhereInput'.
scripts/seed-dashboard-metrics.ts(469,9): error TS2561: Object literal may only specify known properties, but 'conversation' does not exist in type 'MessageWhereInput'. Did you mean to write 'conversationId'?
scripts/seed-pipeline-templates.ts(279,40): error TS2339: Property 'pipelineTemplate' does not exist on type 'PrismaClient<PrismaClientOptions, never, DefaultArgs>'.
scripts/seed-pipeline-templates.ts(291,22): error TS2339: Property 'pipelineTemplateStage' does not exist on type 'PrismaClient<PrismaClientOptions, never, DefaultArgs>'.
scripts/seed-pipeline-templates.ts(295,22): error TS2339: Property 'pipelineTemplate' does not exist on type 'PrismaClient<PrismaClientOptions, never, DefaultArgs>'.
scripts/seed-pipeline-templates.ts(308,37): error TS2339: Property 'pipelineTemplate' does not exist on type 'PrismaClient<PrismaClientOptions, never, DefaultArgs>'.
scripts/seed-pipeline-templates.ts(336,41): error TS2339: Property 'pipelineTemplate' does not exist on type 'PrismaClient<PrismaClientOptions, never, DefaultArgs>'.
scripts/seed-pipeline-templates.ts(337,38): error TS2339: Property 'pipelineTemplateStage' does not exist on type 'PrismaClient<PrismaClientOptions, never, DefaultArgs>'.
scripts/seed-pipeline-templates.ts(346,36): error TS2339: Property 'pipelineTemplate' does not exist on type 'PrismaClient<PrismaClientOptions, never, DefaultArgs>'.
scripts/seed.ts(92,41): error TS2339: Property 'id' does not exist on type 'never'.
scripts/validate-implementation.ts(17,30): error TS2307: Cannot find module '@supabase/supabase-js' or its corresponding type declarations.
types/api.ts(6,3): error TS2305: Module '"./dashboard"' has no exported member 'FunnelData'.
types/api.ts(7,3): error TS2305: Module '"./dashboard"' has no exported member 'RecoveryData'.
types/api.ts(8,3): error TS2305: Module '"./dashboard"' has no exported member 'ChannelsData'.
types/api.ts(9,3): error TS2724: '"./dashboard"' has no exported member named 'LossReasonsData'. Did you mean 'LostReasonStats'?
types/api.ts(10,3): error TS2305: Module '"./dashboard"' has no exported member 'RevenueData'.
types/api.ts(11,3): error TS2724: '"./dashboard"' has no exported member named 'HealthScoreData'. Did you mean 'HealthScore'?
types/dashboard-hooks.ts(44,42): error TS2312: An interface can only extend an object type or intersection of object types with statically known members.
types/dashboard-hooks.ts(59,45): error TS2312: An interface can only extend an object type or intersection of object types with statically known members.
types/dashboard-hooks.ts(74,44): error TS2312: An interface can only extend an object type or intersection of object types with statically known members.
types/form-webhook.ts(6,10): error TS2305: Module '"@prisma/client"' has no exported member 'PendingFormDeliveryStatus'.
vitest.config.ts(14,5): error TS2769: No overload matches this call.
  The last overload gave the following error.
    Object literal may only specify known properties, and 'poolOptions' does not exist in type 'InlineConfig'.
vitest.integration.config.ts(15,5): error TS2769: No overload matches this call.
  The last overload gave the following error.
    Object literal may only specify known properties, and 'poolOptions' does not exist in type 'InlineConfig'.
ÔÇëELIFECYCLEÔÇë Command failed with exit code 1.
